2026-04-27 19:42:54,681 [INFO] Activator:176 - 


2026-04-27 19:42:54,689 [INFO] Activator:177 - !SESSION log4j initialized
2026-04-27 19:43:03,114 [INFO] LogOutputStream:77 - [STDOUT_REDIRECT] 
2026-04-27 19:43:10,354 [INFO] ApplicationProperties:184 - Using Application install path: C:\ST\STM32CubeIDE_1.19.0\STM32CubeIDE\plugins\com.st.stm32cube.common.mx_6.15.0.202507011659
2026-04-27 19:43:10,401 [INFO] DbMcusXml:78 - Set database path to: C:\ST\STM32CubeIDE_1.19.0\STM32CubeIDE\plugins\com.st.stm32cube.common.mx_6.15.0.202507011659\\db\/mcu/
2026-04-27 19:43:10,401 [INFO] ApiDb:274 - Set plugin database path to: C:\ST\STM32CubeIDE_1.19.0\STM32CubeIDE\plugins\com.st.stm32cube.common.mx_6.15.0.202507011659\\db\/plugins/boardmanager/
2026-04-27 19:43:10,403 [WARN] ApiDb:259 - Overriding images path with different value:  => C:\ST\STM32CubeIDE_1.19.0\STM32CubeIDE\plugins\com.st.stm32cube.common.mx_6.15.0.202507011659\\db\/plugins/mcufinder/images/
2026-04-27 19:43:10,417 [INFO] ApiDb:250 - Set database path to: C:\Users\Usuario\.stmcufinder\plugins\mcufinder//mcu/
2026-04-27 19:43:10,433 [INFO] DbMcusAds:125 - Set database path to: C:\Users\Usuario\.stmcufinder\plugins\mcufinder//mcu/
2026-04-27 19:43:10,439 [INFO] CrossReferenceDbSqlite:203 - Set database path to: C:\Users\Usuario\.stmcufinder\plugins\mcufinder//mcu/cs/
2026-04-27 19:43:10,631 [INFO] RulesReader:64 - Compatibility file has been processed (317 Rules)
2026-04-27 19:43:10,780 [INFO] DbMcusXml:78 - Set database path to: C:\ST\STM32CubeIDE_1.19.0\STM32CubeIDE\plugins\com.st.stm32cube.common.mx_6.15.0.202507011659\\db\/mcu/
2026-04-27 19:43:10,780 [INFO] ApiDb:274 - Set plugin database path to: C:\ST\STM32CubeIDE_1.19.0\STM32CubeIDE\plugins\com.st.stm32cube.common.mx_6.15.0.202507011659\\db\/plugins/boardmanager/
2026-04-27 19:43:10,780 [INFO] ApiDb:261 - Set plugin images path to: C:\ST\STM32CubeIDE_1.19.0\STM32CubeIDE\plugins\com.st.stm32cube.common.mx_6.15.0.202507011659\\db\/plugins/mcufinder/images/
2026-04-27 19:43:10,780 [WARN] DbFile:41 - Overriding database path with different value: C:\Users\Usuario\.stmcufinder\plugins\mcufinder/ => C:\Users\Usuario\.stmcufinder\plugins\mcufinder
2026-04-27 19:43:10,780 [INFO] ApiDb:250 - Set database path to: C:\Users\Usuario\.stmcufinder\plugins\mcufinder//mcu/
2026-04-27 19:43:10,780 [WARN] DbFile:41 - Overriding database path with different value: C:\Users\Usuario\.stmcufinder\plugins\mcufinder/ => C:\Users\Usuario\.stmcufinder\plugins\mcufinder
2026-04-27 19:43:10,780 [INFO] DbMcusAds:125 - Set database path to: C:\Users\Usuario\.stmcufinder\plugins\mcufinder//mcu/
2026-04-27 19:43:10,780 [WARN] DbFile:41 - Overriding database path with different value: C:\Users\Usuario\.stmcufinder\plugins\mcufinder/ => C:\Users\Usuario\.stmcufinder\plugins\mcufinder
2026-04-27 19:43:10,782 [WARN] DbFile:41 - Overriding database path with different value: C:\Users\Usuario\.stmcufinder\plugins\mcufinder/ => C:\Users\Usuario\.stmcufinder\plugins\mcufinder
2026-04-27 19:43:10,782 [INFO] CrossReferenceDbSqlite:203 - Set database path to: C:\Users\Usuario\.stmcufinder\plugins\mcufinder//mcu/cs/
2026-04-27 19:43:10,901 [INFO] MainPanel:274 - HeapMemory: 268435456
2026-04-27 19:43:11,107 [INFO] DbMcusXml:78 - Set database path to: C:\ST\STM32CubeIDE_1.19.0\STM32CubeIDE\plugins\com.st.stm32cube.common.mx_6.15.0.202507011659\\db\/mcu/
2026-04-27 19:43:11,107 [INFO] ApiDb:274 - Set plugin database path to: C:\ST\STM32CubeIDE_1.19.0\STM32CubeIDE\plugins\com.st.stm32cube.common.mx_6.15.0.202507011659\\db\/plugins/boardmanager/
2026-04-27 19:43:11,107 [INFO] ApiDb:261 - Set plugin images path to: C:\ST\STM32CubeIDE_1.19.0\STM32CubeIDE\plugins\com.st.stm32cube.common.mx_6.15.0.202507011659\\db\/plugins/mcufinder/images/
2026-04-27 19:43:11,107 [WARN] DbFile:41 - Overriding database path with different value: C:\Users\Usuario\.stmcufinder\plugins\mcufinder/ => C:\Users\Usuario\.stmcufinder\plugins\mcufinder
2026-04-27 19:43:11,107 [INFO] ApiDb:250 - Set database path to: C:\Users\Usuario\.stmcufinder\plugins\mcufinder//mcu/
2026-04-27 19:43:11,107 [WARN] DbFile:41 - Overriding database path with different value: C:\Users\Usuario\.stmcufinder\plugins\mcufinder/ => C:\Users\Usuario\.stmcufinder\plugins\mcufinder
2026-04-27 19:43:11,107 [INFO] DbMcusAds:125 - Set database path to: C:\Users\Usuario\.stmcufinder\plugins\mcufinder//mcu/
2026-04-27 19:43:11,107 [WARN] DbFile:41 - Overriding database path with different value: C:\Users\Usuario\.stmcufinder\plugins\mcufinder/ => C:\Users\Usuario\.stmcufinder\plugins\mcufinder
2026-04-27 19:43:11,107 [WARN] DbFile:41 - Overriding database path with different value: C:\Users\Usuario\.stmcufinder\plugins\mcufinder/ => C:\Users\Usuario\.stmcufinder\plugins\mcufinder
2026-04-27 19:43:11,107 [INFO] CrossReferenceDbSqlite:203 - Set database path to: C:\Users\Usuario\.stmcufinder\plugins\mcufinder//mcu/cs/
2026-04-27 19:43:11,139 [INFO] ApplicationProperties:184 - Using Application install path: C:\ST\STM32CubeIDE_1.19.0\STM32CubeIDE\plugins\com.st.stm32cube.common.mx_6.15.0.202507011659
2026-04-27 19:43:11,155 [INFO] PluginManage:196 - Search for loadable plugins [exclusion list=, ]
2026-04-27 19:43:11,155 [INFO] PluginManage:310 - Check plugin analytics
2026-04-27 19:43:16,436 [INFO] AnalyticsPlugin:253 - Accepted Software Licenses: 
2026-04-27 19:43:16,436 [INFO] AnalyticsPlugin:255 - Accepted CMSIS Pack Licenses: 
2026-04-27 19:43:16,436 [INFO] AnalyticsPlugin:257 - Accepted Firmware Licenses: 
2026-04-27 19:43:16,439 [INFO] PluginManage:359 - Loaded plugin analytics (category:tool,tabindex:-1)
2026-04-27 19:43:16,439 [INFO] PluginManage:310 - Check plugin cadmodel
2026-04-27 19:43:16,439 [INFO] CADModel:105 - Init CAD model plugin
2026-04-27 19:43:16,452 [INFO] PluginManage:359 - Loaded plugin cadmodel (category:power,tabindex:5)
2026-04-27 19:43:16,452 [INFO] PluginManage:310 - Check plugin clock
2026-04-27 19:43:16,468 [INFO] PluginManage:359 - Loaded plugin clock (category:base,tabindex:2)
2026-04-27 19:43:16,468 [INFO] PluginManage:310 - Check plugin ddr
2026-04-27 19:43:16,468 [INFO] PluginManage:359 - Loaded plugin ddr (category:tool,tabindex:6)
2026-04-27 19:43:16,468 [INFO] PluginManage:310 - Check plugin filemanager
2026-04-27 19:43:16,770 [INFO] PluginManage:359 - Loaded plugin filemanager (category:base,tabindex:10)
2026-04-27 19:43:16,770 [INFO] PluginManage:310 - Check plugin ipmanager
2026-04-27 19:43:16,786 [INFO] PluginManage:359 - Loaded plugin ipmanager (category:base,tabindex:5)
2026-04-27 19:43:16,787 [INFO] PluginManage:310 - Check plugin lpbam
2026-04-27 19:43:16,810 [INFO] PluginManage:359 - Loaded plugin lpbam (category:base,tabindex:0)
2026-04-27 19:43:16,810 [INFO] PluginManage:310 - Check plugin memorymap
2026-04-27 19:43:16,836 [INFO] PluginManage:359 - Loaded plugin memorymap (category:base,tabindex:4)
2026-04-27 19:43:16,836 [INFO] PluginManage:310 - Check plugin pinoutandconfiguration
2026-04-27 19:43:16,853 [INFO] PluginManage:359 - Loaded plugin pinoutandconfiguration (category:base,tabindex:1)
2026-04-27 19:43:16,853 [INFO] PluginManage:310 - Check plugin pinoutconfig
2026-04-27 19:43:17,046 [WARN] SupportedApi:132 - Cannot load RTOS API schema: s4s-elt-must-match.1: The content of 'definitions' must match (annotation?, (simpleType | complexType)?, (unique | key | keyref)*)). A problem was found starting at: attribute.
2026-04-27 19:43:17,279 [INFO] PluginManage:359 - Loaded plugin pinoutconfig (category:base,tabindex:0)
2026-04-27 19:43:17,279 [INFO] PluginManage:310 - Check plugin power
2026-04-27 19:43:17,300 [INFO] PluginManage:359 - Loaded plugin power (category:power,tabindex:4)
2026-04-27 19:43:17,300 [INFO] PluginManage:310 - Check plugin projectmanager
2026-04-27 19:43:17,321 [INFO] PluginManage:359 - Loaded plugin projectmanager (category:projectmanager,tabindex:4)
2026-04-27 19:43:17,321 [INFO] PluginManage:310 - Check plugin rif
2026-04-27 19:43:17,343 [INFO] PluginManage:359 - Loaded plugin rif (category:base,tabindex:3)
2026-04-27 19:43:17,343 [INFO] PluginManage:310 - Check plugin thirdparty
2026-04-27 19:43:17,584 [WARN] IntegrityCheckThread:84 - waiting for thirdparty lock release [integrity check]
2026-04-27 19:43:17,584 [INFO] IntegrityCheckThread:86 - entering critical section [integrity check]
2026-04-27 19:43:17,584 [INFO] PluginManage:359 - Loaded plugin thirdparty (category:base,tabindex:-1)
2026-04-27 19:43:17,584 [INFO] PluginManage:310 - Check plugin tools
2026-04-27 19:43:17,584 [INFO] ThirdPartyUpdaterWithRetryManager:70 - Updater plugin not ready yet. [1/15]
2026-04-27 19:43:17,593 [INFO] PluginManage:359 - Loaded plugin tools (category:base,tabindex:7)
2026-04-27 19:43:17,593 [INFO] PluginManage:310 - Check plugin tutovideos
2026-04-27 19:43:17,923 [INFO] PluginManage:359 - Loaded plugin tutovideos (category:base,tabindex:-1)
2026-04-27 19:43:17,923 [INFO] PluginManage:310 - Check plugin updater
2026-04-27 19:43:17,958 [INFO] PluginManage:359 - Loaded plugin updater (category:base,tabindex:12)
2026-04-27 19:43:17,958 [INFO] PluginManage:310 - Check plugin userauth
2026-04-27 19:43:17,964 [INFO] UserAuth:118 - Init User Auth plugin
2026-04-27 19:43:17,966 [INFO] PluginManage:359 - Loaded plugin userauth (category:base,tabindex:14)
2026-04-27 19:43:17,967 [INFO] PluginManage:283 - PluginManage : Loaded plugins [18]
2026-04-27 19:43:18,309 [INFO] PinOutPanel:1589 - setPackage(No Configuration,No Configuration)
2026-04-27 19:43:18,445 [INFO] CADModel:165 - CPN selected for project level
2026-04-27 19:43:18,445 [INFO] CADModel:114 - Register for checkConnection events
2026-04-27 19:43:18,484 [INFO] IPUIPlugin:80 - create IPUIPlugin
2026-04-27 19:43:18,484 [INFO] PluginManager:220 - loadIPPluginJar : add adc
2026-04-27 19:43:18,493 [INFO] IPUIPlugin:80 - create IPUIPlugin
2026-04-27 19:43:18,493 [INFO] PluginManager:220 - loadIPPluginJar : add aes
2026-04-27 19:43:18,496 [INFO] IPUIPlugin:80 - create IPUIPlugin
2026-04-27 19:43:18,500 [INFO] PluginManager:220 - loadIPPluginJar : add can
2026-04-27 19:43:18,504 [INFO] IPUIPlugin:80 - create IPUIPlugin
2026-04-27 19:43:18,504 [INFO] PluginManager:220 - loadIPPluginJar : add comp
2026-04-27 19:43:18,504 [INFO] IPUIPlugin:80 - create IPUIPlugin
2026-04-27 19:43:18,504 [INFO] PluginManager:220 - loadIPPluginJar : add cryp
2026-04-27 19:43:18,520 [INFO] IPUIPlugin:80 - create IPUIPlugin
2026-04-27 19:43:18,520 [INFO] PluginManager:220 - loadIPPluginJar : add ddr_ctrl_phy
2026-04-27 19:43:18,521 [INFO] IPUIPlugin:80 - create IPUIPlugin
2026-04-27 19:43:18,521 [INFO] PluginManager:220 - loadIPPluginJar : add dfsdm
2026-04-27 19:43:18,535 [INFO] IPUIPlugin:80 - create IPUIPlugin
2026-04-27 19:43:18,535 [INFO] PluginManager:220 - loadIPPluginJar : add dma
2026-04-27 19:43:18,535 [INFO] IPUIPlugin:80 - create IPUIPlugin
2026-04-27 19:43:18,535 [INFO] PluginManager:220 - loadIPPluginJar : add dma3
2026-04-27 19:43:18,557 [INFO] IPUIPlugin:80 - create IPUIPlugin
2026-04-27 19:43:18,557 [INFO] PluginManager:220 - loadIPPluginJar : add extmemmanager
2026-04-27 19:43:18,562 [INFO] IPUIPlugin:80 - create IPUIPlugin
2026-04-27 19:43:18,562 [INFO] PluginManager:220 - loadIPPluginJar : add fatfs
2026-04-27 19:43:18,572 [INFO] IPUIPlugin:80 - create IPUIPlugin
2026-04-27 19:43:18,572 [INFO] PluginManager:220 - loadIPPluginJar : add fmc
2026-04-27 19:43:18,587 [INFO] IPUIPlugin:80 - create IPUIPlugin
2026-04-27 19:43:18,587 [INFO] PluginManager:220 - loadIPPluginJar : add freertos
2026-04-27 19:43:18,587 [INFO] IPUIPlugin:80 - create IPUIPlugin
2026-04-27 19:43:18,587 [INFO] PluginManager:220 - loadIPPluginJar : add genericplugin
2026-04-27 19:43:18,599 [INFO] IPUIPlugin:80 - create IPUIPlugin
2026-04-27 19:43:18,599 [INFO] PluginManager:220 - loadIPPluginJar : add gfxmmu
2026-04-27 19:43:18,604 [INFO] IPUIPlugin:80 - create IPUIPlugin
2026-04-27 19:43:18,604 [INFO] PluginManager:220 - loadIPPluginJar : add gic
2026-04-27 19:43:18,615 [INFO] IPUIPlugin:80 - create IPUIPlugin
2026-04-27 19:43:18,615 [INFO] PluginManager:220 - loadIPPluginJar : add gpio
2026-04-27 19:43:18,634 [INFO] IPUIPlugin:80 - create IPUIPlugin
2026-04-27 19:43:18,634 [INFO] PluginManager:220 - loadIPPluginJar : add gtzc
2026-04-27 19:43:18,634 [INFO] IPUIPlugin:80 - create IPUIPlugin
2026-04-27 19:43:18,634 [INFO] PluginManager:220 - loadIPPluginJar : add hash
2026-04-27 19:43:18,652 [INFO] IPUIPlugin:80 - create IPUIPlugin
2026-04-27 19:43:18,652 [INFO] PluginManager:220 - loadIPPluginJar : add i2c
2026-04-27 19:43:18,655 [INFO] IPUIPlugin:80 - create IPUIPlugin
2026-04-27 19:43:18,655 [INFO] PluginManager:220 - loadIPPluginJar : add i2s
2026-04-27 19:43:18,669 [INFO] IPUIPlugin:80 - create IPUIPlugin
2026-04-27 19:43:18,669 [INFO] PluginManager:220 - loadIPPluginJar : add i3c
2026-04-27 19:43:18,684 [INFO] IPUIPlugin:80 - create IPUIPlugin
2026-04-27 19:43:18,684 [INFO] PluginManager:220 - loadIPPluginJar : add ipddr
2026-04-27 19:43:18,706 [INFO] IPUIPlugin:80 - create IPUIPlugin
2026-04-27 19:43:18,706 [INFO] PluginManager:220 - loadIPPluginJar : add linkedlist
2026-04-27 19:43:18,712 [INFO] IPUIPlugin:80 - create IPUIPlugin
2026-04-27 19:43:18,712 [INFO] PluginManager:220 - loadIPPluginJar : add lorawan
2026-04-27 19:43:18,725 [INFO] IPUIPlugin:80 - create IPUIPlugin
2026-04-27 19:43:18,725 [INFO] PluginManager:220 - loadIPPluginJar : add ltdc
2026-04-27 19:43:18,738 [INFO] IPUIPlugin:80 - create IPUIPlugin
2026-04-27 19:43:18,738 [INFO] PluginManager:220 - loadIPPluginJar : add mdma
2026-04-27 19:43:18,743 [INFO] IPUIPlugin:80 - create IPUIPlugin
2026-04-27 19:43:18,743 [INFO] PluginManager:220 - loadIPPluginJar : add nvic
2026-04-27 19:43:18,766 [INFO] IPUIPlugin:80 - create IPUIPlugin
2026-04-27 19:43:18,766 [INFO] PluginManager:220 - loadIPPluginJar : add opamp
2026-04-27 19:43:18,775 [INFO] IPUIPlugin:80 - create IPUIPlugin
2026-04-27 19:43:18,775 [INFO] PluginManager:220 - loadIPPluginJar : add openamp
2026-04-27 19:43:18,777 [INFO] IPUIPlugin:80 - create IPUIPlugin
2026-04-27 19:43:18,777 [INFO] PluginManager:220 - loadIPPluginJar : add pdm2pcm
2026-04-27 19:43:18,799 [INFO] IPUIPlugin:80 - create IPUIPlugin
2026-04-27 19:43:18,799 [INFO] PluginManager:220 - loadIPPluginJar : add plateformsettings
2026-04-27 19:43:18,807 [INFO] IPUIPlugin:80 - create IPUIPlugin
2026-04-27 19:43:18,807 [INFO] PluginManager:220 - loadIPPluginJar : add quadspi
2026-04-27 19:43:18,816 [INFO] IPUIPlugin:80 - create IPUIPlugin
2026-04-27 19:43:18,819 [INFO] PluginManager:220 - loadIPPluginJar : add radio
2026-04-27 19:43:18,823 [INFO] IPUIPlugin:80 - create IPUIPlugin
2026-04-27 19:43:18,823 [INFO] PluginManager:220 - loadIPPluginJar : add resmgrutility
2026-04-27 19:43:18,839 [INFO] IPUIPlugin:80 - create IPUIPlugin
2026-04-27 19:43:18,839 [INFO] PluginManager:220 - loadIPPluginJar : add sai
2026-04-27 19:43:18,839 [INFO] IPUIPlugin:80 - create IPUIPlugin
2026-04-27 19:43:18,839 [INFO] PluginManager:220 - loadIPPluginJar : add spi
2026-04-27 19:43:18,863 [INFO] IPUIPlugin:80 - create IPUIPlugin
2026-04-27 19:43:18,863 [INFO] PluginManager:220 - loadIPPluginJar : add stm32_wpan
2026-04-27 19:43:18,871 [INFO] IPUIPlugin:80 - create IPUIPlugin
2026-04-27 19:43:18,871 [INFO] PluginManager:220 - loadIPPluginJar : add tim
2026-04-27 19:43:18,886 [INFO] IPUIPlugin:80 - create IPUIPlugin
2026-04-27 19:43:18,890 [INFO] PluginManager:220 - loadIPPluginJar : add touchsensing
2026-04-27 19:43:18,898 [INFO] IPUIPlugin:80 - create IPUIPlugin
2026-04-27 19:43:18,898 [INFO] PluginManager:220 - loadIPPluginJar : add tracer_emb
2026-04-27 19:43:18,909 [INFO] IPUIPlugin:80 - create IPUIPlugin
2026-04-27 19:43:18,909 [INFO] PluginManager:220 - loadIPPluginJar : add ts
2026-04-27 19:43:18,919 [INFO] IPUIPlugin:80 - create IPUIPlugin
2026-04-27 19:43:18,919 [INFO] PluginManager:220 - loadIPPluginJar : add tsc
2026-04-27 19:43:18,925 [INFO] IPUIPlugin:80 - create IPUIPlugin
2026-04-27 19:43:18,927 [INFO] PluginManager:220 - loadIPPluginJar : add ucpd
2026-04-27 19:43:18,937 [INFO] IPUIPlugin:80 - create IPUIPlugin
2026-04-27 19:43:18,937 [INFO] PluginManager:220 - loadIPPluginJar : add usart
2026-04-27 19:43:18,947 [INFO] IPUIPlugin:80 - create IPUIPlugin
2026-04-27 19:43:18,949 [INFO] PluginManager:220 - loadIPPluginJar : add usbx
2026-04-27 19:43:19,140 [FATAL] Updater:351 - Updater called before beeing initialized
2026-04-27 19:43:19,207 [INFO] RulesReader:64 - Compatibility file has been processed (317 Rules)
2026-04-27 19:43:19,227 [INFO] RulesReader:64 - Compatibility file has been processed (317 Rules)
2026-04-27 19:43:19,235 [INFO] CADModel:165 - CPN selected for project level
2026-04-27 19:43:19,235 [INFO] CADModel:114 - Register for checkConnection events
2026-04-27 19:43:19,235 [FATAL] Updater:351 - Updater called before beeing initialized
2026-04-27 19:43:19,235 [ERROR] CADModel:125 - Updater not yet initialized, retry later 
2026-04-27 19:43:19,441 [FATAL] Updater:351 - Updater called before beeing initialized
2026-04-27 19:43:19,441 [INFO] CADModel:165 - CPN selected for project level
2026-04-27 19:43:19,441 [INFO] CADModel:114 - Register for checkConnection events
2026-04-27 19:43:19,441 [FATAL] Updater:351 - Updater called before beeing initialized
2026-04-27 19:43:19,441 [ERROR] CADModel:125 - Updater not yet initialized, retry later 
2026-04-27 19:43:19,441 [FATAL] Updater:351 - Updater called before beeing initialized
2026-04-27 19:43:19,599 [FATAL] Updater:351 - Updater called before beeing initialized
2026-04-27 19:43:19,599 [INFO] DbMcusAds:53 - JSON generation date=Fri Apr 10 11:19:02 CEST 2026 (1775812742310)
2026-04-27 19:43:19,599 [FATAL] Updater:351 - Updater called before beeing initialized
2026-04-27 19:43:19,709 [WARN] DetailPanel:346 - Failed to get advertising image, set to default
2026-04-27 19:43:19,846 [FATAL] Updater:351 - Updater called before beeing initialized
2026-04-27 19:43:19,850 [FATAL] Updater:351 - Updater called before beeing initialized
2026-04-27 19:43:19,850 [FATAL] Updater:351 - Updater called before beeing initialized
2026-04-27 19:43:19,850 [WARN] DetailPanel:346 - Failed to get advertising image, set to default
2026-04-27 19:43:19,850 [FATAL] Updater:351 - Updater called before beeing initialized
2026-04-27 19:43:19,899 [ERROR] Updater:1198 - MainUpdater not yet initialized. External WinMGr cannot be set.
2026-04-27 19:43:19,899 [INFO] Updater:1134 - Updater Version found : 6.15.0
2026-04-27 19:43:19,946 [INFO] ApplicationProperties:184 - Using Application install path: C:\ST\STM32CubeIDE_1.19.0\STM32CubeIDE\plugins\com.st.stm32cube.common.mx_6.15.0.202507011659
2026-04-27 19:43:20,599 [INFO] ThirdPartyUpdaterWithRetryManager:70 - Updater plugin not ready yet. [2/15]
2026-04-27 19:43:20,635 [INFO] MainUpdater:2872 - connection check result : 10
2026-04-27 19:43:20,635 [INFO] MainUpdater:3604 - Updater definition file requires update
2026-04-27 19:43:20,635 [INFO] MainUpdater:289 - Updater Check For Update Now.
2026-04-27 19:43:20,635 [INFO] MicroXplorer:498 - Change Database Version : DB.6.0.150
2026-04-27 19:43:20,649 [INFO] McuFinderGlobals:63 - Set McuFinder mode to 2 (CubeIDE integrated)
2026-04-27 19:43:20,649 [INFO] UserAuth:487 - Internet connection configuration mode: 1
2026-04-27 19:43:20,685 [INFO] JxBrowserEngine:152 - Initiate JxBrowser Engine with user profile folder
2026-04-27 19:43:20,709 [INFO] ServerAccessManage:452 - Complete download http(s) 200
2026-04-27 19:43:20,709 [INFO] ServerAccessManage:509 - Download File updaters.zip
2026-04-27 19:43:20,811 [INFO] FileExtend:248 - Unzip File : updaters.zip
2026-04-27 19:43:20,811 [INFO] FileExtend:263 - Standard Zip Deflate
2026-04-27 19:43:21,547 [INFO] ServerAccessManage:452 - Complete download http(s) 200
2026-04-27 19:43:21,549 [INFO] ServerAccessManage:509 - Download File PacksControlFlags.xml
2026-04-27 19:43:21,616 [INFO] ServerAccessManage:452 - Complete download http(s) 200
2026-04-27 19:43:21,616 [INFO] ServerAccessManage:509 - Download File cubemx.pidx
2026-04-27 19:43:22,052 [INFO] WebApp:169 - Instantiating new browser for Auth
2026-04-27 19:43:22,439 [INFO] ServerAccessManage:452 - Complete download http(s) 200
2026-04-27 19:43:22,439 [INFO] ServerAccessManage:509 - Download File STMicroelectronics.FP-SNS-STAIOTCFT.pdsc
2026-04-27 19:43:22,998 [INFO] ServerAccessManage:452 - Complete download http(s) 200
2026-04-27 19:43:22,998 [INFO] ServerAccessManage:509 - Download File STMicroelectronics.X-CUBE-MEMS1.pdsc
2026-04-27 19:43:23,213 [INFO] WebApp:463 - Apply proxy settings
2026-04-27 19:43:23,214 [INFO] WebApp:548 - Chromium requires no authentication
2026-04-27 19:43:23,229 [INFO] WebApp:491 - Direct internet connection detected
2026-04-27 19:43:23,275 [INFO] WebApp:900 - Register for checkConnection events
2026-04-27 19:43:23,275 [INFO] WebApp:463 - Apply proxy settings
2026-04-27 19:43:23,275 [INFO] WebApp:548 - Chromium requires no authentication
2026-04-27 19:43:23,275 [INFO] WebApp:491 - Direct internet connection detected
2026-04-27 19:43:23,601 [WARN] MainUpdater:1193 - Updater busy. Cannot search thirdparties
2026-04-27 19:43:23,602 [INFO] ThirdPartyUpdaterWithRetryManager:96 - Updater plugin is busy. [1/15]
2026-04-27 19:43:23,602 [INFO] WebApp:225 - Starting web application
2026-04-27 19:43:23,602 [INFO] WebApp:593 - Web application path used C:\ST\STM32CubeIDE_1.19.0\STM32CubeIDE\plugins\com.st.stm32cube.common.mx_6.15.0.202507011659\db\plugins\mcufinder\reactClient1\index.html
2026-04-27 19:43:23,709 [INFO] UserAuth:487 - Internet connection configuration mode: 1
2026-04-27 19:43:23,868 [INFO] WebApp:191 - Connection restablished
2026-04-27 19:43:24,966 [WARN] PackLoader:240 - Cannot read IP mode file for STMicroelectronics.FP-SNS-STAIOTCFT.1.1.0
2026-04-27 19:43:25,032 [WARN] PackLoader:240 - Cannot read IP mode file for STMicroelectronics.X-CUBE-MEMS1.12.1.0
2026-04-27 19:43:25,100 [INFO] CheckServerUpdateThread:120 - End of CheckServer Thread
2026-04-27 19:43:25,138 [INFO] PopulateThirdPartyThread:66 - Ending populate Thread
2026-04-27 19:43:25,139 [INFO] ThirdParty:1030 - CMSIS Pack Vendor :STMicroelectronics FP-SNS-STAIOTCFT 1.1.0
2026-04-27 19:43:25,139 [INFO] ThirdParty:1030 - CMSIS Pack Vendor :STMicroelectronics X-CUBE-MEMS1 12.1.0
2026-04-27 19:43:25,140 [INFO] LoadServerUpdatesThread:375 - End of LoadServerUpdate Thread
2026-04-27 19:43:26,919 [WARN] PackLoader:240 - Cannot read IP mode file for STMicroelectronics.X-CUBE-AZRTOS-H7.3.5.0
2026-04-27 19:43:26,928 [WARN] PackLoader:240 - Cannot read IP mode file for STMicroelectronics.FP-SNS-MOTENVWB1.1.4.0
2026-04-27 19:43:26,934 [WARN] PackLoader:240 - Cannot read IP mode file for STMicroelectronics.FP-ATR-ASTRA1.2.0.2
2026-04-27 19:43:26,938 [WARN] PackLoader:240 - Cannot read IP mode file for STMicroelectronics.FP-ATR-ASTRA1.2.0.1
2026-04-27 19:43:26,944 [WARN] PackLoader:240 - Cannot read IP mode file for STMicroelectronics.X-CUBE-SMBUS.2.1.0
2026-04-27 19:43:26,948 [WARN] PackLoader:240 - Cannot read IP mode file for STMicroelectronics.X-CUBE-WB05N.1.1.0
2026-04-27 19:43:26,953 [WARN] PackLoader:240 - Cannot read IP mode file for STMicroelectronics.X-CUBE-ST60.1.0.0
2026-04-27 19:43:26,964 [WARN] PackLoader:240 - Cannot read IP mode file for STMicroelectronics.X-CUBE-AZRTOS-F7.1.1.0
2026-04-27 19:43:26,969 [WARN] PackLoader:240 - Cannot read IP mode file for Cesanta.I-CUBE-Mongoose.7.19.0
2026-04-27 19:43:26,973 [WARN] PackLoader:240 - Cannot read IP mode file for STMicroelectronics.FP-SNS-MOTENV1.5.1.0
2026-04-27 19:43:26,985 [WARN] PackLoader:240 - Cannot read IP mode file for WES.I-CUBE-Cesium.1.4.0
2026-04-27 19:43:26,990 [WARN] PackLoader:240 - Cannot read IP mode file for STMicroelectronics.FP-SNS-FLIGHT1.5.0.2
2026-04-27 19:43:27,005 [WARN] PackLoader:240 - Cannot read IP mode file for Infineon.AIROC-Wi-Fi-Bluetooth-STM32.1.7.0
2026-04-27 19:43:27,019 [WARN] PackLoader:240 - Cannot read IP mode file for Infineon.AIROC-Wi-Fi-Bluetooth-STM32.1.7.1
2026-04-27 19:43:27,034 [WARN] PackLoader:240 - Cannot read IP mode file for STMicroelectronics.X-CUBE-AZRTOS-H7.3.4.0
2026-04-27 19:43:27,042 [WARN] PackLoader:240 - Cannot read IP mode file for STMicroelectronics.X-CUBE-DISPLAY.3.0.0
2026-04-27 19:43:27,048 [WARN] PackLoader:240 - Cannot read IP mode file for STMicroelectronics.FP-SNS-MOTENVWB1.1.5.0
2026-04-27 19:43:27,053 [WARN] PackLoader:240 - Cannot read IP mode file for STMicroelectronics.X-CUBE-BLE1.7.0.0
2026-04-27 19:43:27,059 [WARN] PackLoader:240 - Cannot read IP mode file for STMicroelectronics.X-CUBE-NFC10.1.0.0
2026-04-27 19:43:27,068 [WARN] PackLoader:240 - Cannot read IP mode file for STMicroelectronics.X-CUBE-BLEMGR.4.0.0
2026-04-27 19:43:27,073 [WARN] PackLoader:240 - Cannot read IP mode file for STMicroelectronics.X-CUBE-ST60.1.1.0
2026-04-27 19:43:27,080 [WARN] PackLoader:240 - Cannot read IP mode file for emotas.I-CUBE-CANOPEN.1.3.0
2026-04-27 19:43:27,084 [WARN] PackLoader:240 - Cannot read IP mode file for STMicroelectronics.X-CUBE-GNSS1.7.1.0
2026-04-27 19:43:27,090 [WARN] PackLoader:240 - Cannot read IP mode file for STMicroelectronics.FP-SNS-STBOX1.2.1.0
2026-04-27 19:43:27,096 [WARN] PackLoader:240 - Cannot read IP mode file for STMicroelectronics.FP-SNS-SMARTAG2.1.2.0
2026-04-27 19:43:27,099 [WARN] PackLoader:240 - Cannot read IP mode file for STMicroelectronics.FP-SNS-FLIGHT1.5.1.0
2026-04-27 19:43:27,125 [WARN] PackLoader:240 - Cannot read IP mode file for STMicroelectronics.X-CUBE-MEMS1.11.1.0
2026-04-27 19:43:27,219 [INFO] LogOutputStream:77 - [STDOUT_REDIRECT] 1 : Invalid condition id : UX_CORESTACK_Condition cause : null
2026-04-27 19:43:27,220 [INFO] LogOutputStream:77 - [STDOUT_REDIRECT] 1 : Invalid condition id : UX_CORESTACK_Condition cause : null
2026-04-27 19:43:27,221 [INFO] LogOutputStream:77 - [STDOUT_REDIRECT] 1 : Invalid condition id : UX_CORESTACK_Condition cause : null
2026-04-27 19:43:27,221 [INFO] LogOutputStream:77 - [STDOUT_REDIRECT] 1 : Invalid condition id : UX_CORESTACK_Condition cause : null
2026-04-27 19:43:27,222 [INFO] LogOutputStream:77 - [STDOUT_REDIRECT] 1 : Invalid condition id : UX_CORESTACK_Condition cause : null
2026-04-27 19:43:27,223 [WARN] PackLoader:240 - Cannot read IP mode file for STMicroelectronics.X-CUBE-AZRTOS-WL.2.0.0
2026-04-27 19:43:27,229 [WARN] PackLoader:240 - Cannot read IP mode file for STMicroelectronics.FP-SNS-MOTENV1.5.0.0
2026-04-27 19:43:27,243 [WARN] PackLoader:240 - Cannot read IP mode file for STMicroelectronics.X-CUBE-AZRTOS-H7RS.1.2.0
2026-04-27 19:43:27,251 [WARN] PackLoader:240 - Cannot read IP mode file for wolfSSL.I-CUBE-wolfMQTT.1.19.0
2026-04-27 19:43:27,255 [WARN] PackLoader:240 - Cannot read IP mode file for WES.I-CUBE-Cesium.1.3.0
2026-04-27 19:43:27,259 [WARN] PackLoader:240 - Cannot read IP mode file for STMicroelectronics.X-CUBE-BLE2.3.3.0
2026-04-27 19:43:27,283 [WARN] PackLoader:240 - Cannot read IP mode file for STMicroelectronics.X-CUBE-NFC9.1.0.0
2026-04-27 19:43:27,288 [WARN] PackLoader:240 - Cannot read IP mode file for wolfSSL.I-CUBE-wolfSSL.5.8.2
2026-04-27 19:43:27,291 [WARN] PackLoader:240 - Cannot read IP mode file for STMicroelectronics.X-CUBE-BLE1.7.1.0
2026-04-27 19:43:27,295 [WARN] PackLoader:240 - Cannot read IP mode file for wolfSSL.I-CUBE-wolfMQTT.1.19.2
2026-04-27 19:43:27,300 [WARN] PackLoader:240 - Cannot read IP mode file for STMicroelectronics.X-CUBE-FREERTOS.1.4.0
2026-04-27 19:43:27,305 [WARN] PackLoader:240 - Cannot read IP mode file for STMicroelectronics.X-CUBE-EEPRMA1.5.2.0
2026-04-27 19:43:27,312 [WARN] PackLoader:240 - Cannot read IP mode file for STMicroelectronics.X-CUBE-ST67W61.1.1.0
2026-04-27 19:43:27,320 [WARN] PackLoader:240 - Cannot read IP mode file for STMicroelectronics.FP-SNS-STAIOTCFT.1.1.0
2026-04-27 19:43:27,346 [WARN] PackLoader:240 - Cannot read IP mode file for STMicroelectronics.X-CUBE-MEMS1.12.0.0
2026-04-27 19:43:27,406 [WARN] PackLoader:240 - Cannot read IP mode file for STMicroelectronics.X-CUBE-AZRTOS-G0.1.1.0
2026-04-27 19:43:27,413 [WARN] PackLoader:240 - Cannot read IP mode file for STMicroelectronics.X-CUBE-SAFEA1.1.2.2
2026-04-27 19:43:27,419 [WARN] PackLoader:240 - Cannot read IP mode file for STMicroelectronics.X-CUBE-NFC4.3.0.0
2026-04-27 19:43:27,428 [WARN] PackLoader:240 - Cannot read IP mode file for EmbeddedOffice.I-CUBE-FS-RTOS.1.0.1
2026-04-27 19:43:27,433 [WARN] PackLoader:240 - Cannot read IP mode file for STMicroelectronics.X-CUBE-WB05N.2.0.0
2026-04-27 19:43:27,438 [WARN] PackLoader:240 - Cannot read IP mode file for wolfSSL.I-CUBE-wolfTPM.3.8.0
2026-04-27 19:43:27,443 [WARN] PackLoader:240 - Cannot read IP mode file for STMicroelectronics.X-CUBE-TCPP.4.2.0
2026-04-27 19:43:27,451 [WARN] PackLoader:240 - Cannot read IP mode file for RealThread.X-CUBE-RT-Thread_Nano.4.1.1
2026-04-27 19:43:27,456 [WARN] PackLoader:240 - Cannot read IP mode file for STMicroelectronics.FP-ATR-SIGFOX1.3.2.0
2026-04-27 19:43:27,460 [WARN] ConditionMgr:438 - getConditionDescription Invalid condition id : Cortex-A Device cause : null
2026-04-27 19:43:27,468 [WARN] ConditionMgr:1044 - genDependencies : Invalid condition id : Cortex-A Device cause : null
2026-04-27 19:43:27,468 [WARN] ConditionMgr:1044 - genDependencies : Invalid condition id : Cortex-A Device cause : null
2026-04-27 19:43:27,468 [WARN] ConditionMgr:1044 - genDependencies : Invalid condition id : Cortex-A Device cause : null
2026-04-27 19:43:27,488 [WARN] PackLoader:240 - Cannot read IP mode file for STMicroelectronics.X-CUBE-EEPRMA1.5.1.0
2026-04-27 19:43:27,498 [WARN] PackLoader:240 - Cannot read IP mode file for STMicroelectronics.X-CUBE-FREERTOS.1.5.0
2026-04-27 19:43:27,503 [WARN] PackLoader:240 - Cannot read IP mode file for wolfSSL.I-CUBE-wolfSSL.5.7.4
2026-04-27 19:43:27,510 [WARN] PackLoader:240 - Cannot read IP mode file for ITTIA_DB.I-CUBE-ITTIADB.8.9.0
2026-04-27 19:43:27,521 [WARN] PackLoader:240 - Cannot read IP mode file for STMicroelectronics.X-CUBE-NFC6.3.2.0
2026-04-27 19:43:27,531 [WARN] PackLoader:240 - Cannot read IP mode file for STMicroelectronics.X-CUBE-ST67W61.1.0.0
2026-04-27 19:43:27,538 [WARN] PackLoader:240 - Cannot read IP mode file for STMicroelectronics.X-CUBE-AI.10.2.0
2026-04-27 19:43:27,582 [WARN] PackLoader:240 - Cannot read IP mode file for STMicroelectronics.X-CUBE-MEMS1.12.1.0
2026-04-27 19:43:27,704 [WARN] PackLoader:240 - Cannot read IP mode file for SEGGER.I-CUBE-embOS.1.3.1
2026-04-27 19:43:27,725 [WARN] PackLoader:240 - Cannot read IP mode file for STMicroelectronics.X-CUBE-ALGOBUILD.1.4.0
2026-04-27 19:43:27,751 [WARN] PackLoader:240 - Cannot read IP mode file for STMicroelectronics.X-CUBE-MEMS1.11.3.0
2026-04-27 19:43:27,814 [WARN] PackLoader:240 - Cannot read IP mode file for STMicroelectronics.X-CUBE-AI.9.1.0
2026-04-27 19:43:27,818 [WARN] PackLoader:240 - Cannot read IP mode file for STMicroelectronics.X-CUBE-PM33A1.1.0.0
2026-04-27 19:43:27,830 [WARN] PackLoader:240 - Cannot read IP mode file for STMicroelectronics.X-CUBE-AZRTOS-F4.1.1.0
2026-04-27 19:43:27,836 [WARN] PackLoader:240 - Cannot read IP mode file for Avnet-IotConnect.X-CUBE-IoTC-DA16k-PMOD.1.0.0
2026-04-27 19:43:27,840 [WARN] PackLoader:240 - Cannot read IP mode file for STMicroelectronics.X-CUBE-ISPU.2.1.0
2026-04-27 19:43:27,849 [WARN] PackLoader:240 - Cannot read IP mode file for STMicroelectronics.X-CUBE-IPS.3.2.0
2026-04-27 19:43:27,855 [WARN] PackLoader:240 - Cannot read IP mode file for STMicroelectronics.eDS-WB_DPC_TT-BIDIR.2.1.1
2026-04-27 19:43:27,864 [WARN] PackLoader:240 - Cannot read IP mode file for STMicroelectronics.X-CUBE-NFC12.1.0.0
2026-04-27 19:43:27,874 [WARN] PackLoader:240 - Cannot read IP mode file for STMicroelectronics.X-CUBE-AZRTOS-L5.2.0.0
2026-04-27 19:43:27,881 [WARN] PackLoader:240 - Cannot read IP mode file for STMicroelectronics.X-CUBE-NFC6.3.1.0
2026-04-27 19:43:27,887 [WARN] PackLoader:240 - Cannot read IP mode file for STMicroelectronics.X-CUBE-DPower.1.2.0
2026-04-27 19:43:27,890 [WARN] PackLoader:240 - Cannot read IP mode file for STMicroelectronics.eDS-WB_DPC_VIENNA.1.2.0
2026-04-27 19:43:27,894 [WARN] PackLoader:240 - Cannot read IP mode file for STMicroelectronics.eDS-WB_DPC_3PH2L-BIDIR.1.1.1
2026-04-27 19:43:27,898 [ERROR] Engine:466 - C:\Users\Usuario\.stm32cubemx\thirdparties\pdsc\STMicroelectronics.X-CUBE-ST67W61.1.3.0.pdsc: PDSC version is not supported
2026-04-27 19:43:27,903 [WARN] PackLoader:240 - Cannot read IP mode file for STMicroelectronics.X-CUBE-FREERTOS.1.3.1
2026-04-27 19:43:27,906 [WARN] PackLoader:240 - Cannot read IP mode file for STMicroelectronics.X-CUBE-FREERTOS.1.3.0
2026-04-27 19:43:27,912 [WARN] PackLoader:240 - Cannot read IP mode file for STMicroelectronics.X-CUBE-NFC7.1.0.1
2026-04-27 19:43:27,917 [WARN] PackLoader:240 - Cannot read IP mode file for STMicroelectronics.X-CUBE-TOUCHGFX.4.26.0
2026-04-27 19:43:27,920 [WARN] PackLoader:240 - Cannot read IP mode file for STMicroelectronics.X-CUBE-TOUCHGFX.4.26.1
2026-04-27 19:43:27,923 [WARN] PackLoader:240 - Cannot read IP mode file for STMicroelectronics.FP-SNS-STAIOTCFT.1.0.0
2026-04-27 19:43:27,929 [WARN] PackLoader:240 - Cannot read IP mode file for STMicroelectronics.X-CUBE-DPower.1.3.0
2026-04-27 19:43:27,940 [WARN] ConditionMgr:438 - getConditionDescription Invalid condition id : LAN8742 Phy interface Condition cause : null
2026-04-27 19:43:27,940 [WARN] PackLoader:240 - Cannot read IP mode file for STMicroelectronics.X-CUBE-AZRTOS-L4.2.0.0
2026-04-27 19:43:27,940 [WARN] ConditionMgr:1044 - genDependencies : Invalid condition id : LAN8742 Phy interface Condition cause : null
2026-04-27 19:43:27,941 [WARN] ConditionMgr:1044 - genDependencies : Invalid condition id : LAN8742 Phy interface Condition cause : null
2026-04-27 19:43:27,941 [WARN] ConditionMgr:1044 - genDependencies : Invalid condition id : LAN8742 Phy interface Condition cause : null
2026-04-27 19:43:27,948 [WARN] PackLoader:240 - Cannot read IP mode file for STMicroelectronics.X-CUBE-SFXS2LP1.4.0.0
2026-04-27 19:43:27,951 [WARN] PackLoader:240 - Cannot read IP mode file for STMicroelectronics.X-CUBE-WB05N.2.1.0
2026-04-27 19:43:27,956 [WARN] PackLoader:240 - Cannot read IP mode file for STMicroelectronics.X-CUBE-ST67W61.1.2.0
2026-04-27 19:43:27,971 [WARN] PackLoader:240 - Cannot read IP mode file for STMicroelectronics.X-CUBE-AZRTOS-H7.3.3.0
2026-04-27 19:43:27,979 [WARN] PackLoader:240 - Cannot read IP mode file for STMicroelectronics.X-CUBE-BLEMGR.4.1.0
2026-04-27 19:43:27,987 [WARN] PackLoader:240 - Cannot read IP mode file for STMicroelectronics.X-CUBE-IPS.3.0.0
2026-04-27 19:43:27,998 [WARN] ConditionMgr:438 - getConditionDescription Invalid condition id : UX DEVICE CLASS RTOS Condition cause : null
2026-04-27 19:43:27,999 [WARN] ConditionMgr:438 - getConditionDescription Invalid condition id : UX DEVICE CLASS RTOS Condition cause : null
2026-04-27 19:43:28,000 [WARN] PackLoader:240 - Cannot read IP mode file for STMicroelectronics.X-CUBE-AZRTOS-WB.2.0.0
2026-04-27 19:43:28,000 [WARN] ConditionMgr:1044 - genDependencies : Invalid condition id : UX DEVICE CLASS RTOS Condition cause : null
2026-04-27 19:43:28,000 [WARN] ConditionMgr:1044 - genDependencies : Invalid condition id : UX DEVICE CLASS RTOS Condition cause : null
2026-04-27 19:43:28,000 [WARN] ConditionMgr:1044 - genDependencies : Invalid condition id : UX DEVICE CLASS RTOS Condition cause : null
2026-04-27 19:43:28,000 [WARN] ConditionMgr:1044 - genDependencies : Invalid condition id : UX DEVICE CLASS RTOS Condition cause : null
2026-04-27 19:43:28,000 [WARN] ConditionMgr:1044 - genDependencies : Invalid condition id : UX DEVICE CLASS RTOS Condition cause : null
2026-04-27 19:43:28,005 [WARN] PackLoader:240 - Cannot read IP mode file for STMicroelectronics.X-CUBE-GNSS1.7.0.1
2026-04-27 19:43:28,008 [WARN] PackLoader:240 - Cannot read IP mode file for STMicroelectronics.X-CUBE-TOUCHGFX.4.25.0
2026-04-27 19:43:28,013 [WARN] PackLoader:240 - Cannot read IP mode file for STMicroelectronics.FP-SNS-STBOX1.2.0.0
2026-04-27 19:43:28,016 [WARN] ConditionMgr:438 - getConditionDescription Invalid condition id : Cortex-A Device cause : null
2026-04-27 19:43:28,022 [WARN] ConditionMgr:1044 - genDependencies : Invalid condition id : Cortex-A Device cause : null
2026-04-27 19:43:28,022 [WARN] ConditionMgr:1044 - genDependencies : Invalid condition id : Cortex-A Device cause : null
2026-04-27 19:43:28,022 [WARN] ConditionMgr:1044 - genDependencies : Invalid condition id : Cortex-A Device cause : null
2026-04-27 19:43:28,027 [WARN] PackLoader:240 - Cannot read IP mode file for STMicroelectronics.X-CUBE-STSE01.2.0.0
2026-04-27 19:43:28,035 [WARN] PackLoader:240 - Cannot read IP mode file for STMicroelectronics.X-CUBE-SUBG2.5.0.0
2026-04-27 19:43:28,048 [WARN] PackLoader:240 - Cannot read IP mode file for STMicroelectronics.X-CUBE-AZRTOS-H7RS.1.1.0
2026-04-27 19:43:28,052 [WARN] PackLoader:240 - Cannot read IP mode file for Cesanta.I-CUBE-Mongoose.7.13.0
2026-04-27 19:43:28,061 [WARN] PackLoader:240 - Cannot read IP mode file for STMicroelectronics.X-CUBE-AZRTOS-G4.2.0.0
2026-04-27 19:43:28,066 [WARN] PackLoader:240 - Cannot read IP mode file for wolfSSL.I-CUBE-wolfSSH.1.4.20
2026-04-27 19:43:28,070 [WARN] PackLoader:240 - Cannot read IP mode file for STMicroelectronics.X-CUBE-NFC7.2.0.0
2026-04-27 19:43:28,076 [WARN] PackLoader:240 - Cannot read IP mode file for STMicroelectronics.X-CUBE-IPS.3.1.0
2026-04-27 19:43:28,093 [WARN] PackLoader:240 - Cannot read IP mode file for STMicroelectronics.X-CUBE-ALS.1.0.2
2026-04-27 19:43:28,097 [WARN] PackLoader:240 - Cannot read IP mode file for STMicroelectronics.X-CUBE-TOUCHGFX.4.24.1
2026-04-27 19:43:28,102 [WARN] PackLoader:240 - Cannot read IP mode file for STMicroelectronics.X-CUBE-STSE01.1.0.0
2026-04-27 19:43:28,106 [WARN] PackLoader:240 - Cannot read IP mode file for wolfSSL.I-CUBE-wolfTPM.3.4.0
2026-04-27 19:43:28,110 [WARN] PackLoader:240 - Cannot read IP mode file for portGmbH.I-Cube-SoM-uGOAL.1.1.0
2026-04-27 19:43:28,121 [WARN] PackLoader:240 - Cannot read IP mode file for STMicroelectronics.X-CUBE-AZRTOS-H7RS.1.0.0
2026-04-27 19:43:28,130 [WARN] PackLoader:240 - Cannot read IP mode file for STMicroelectronics.X-CUBE-TOF1.3.4.2
2026-04-27 19:43:28,141 [WARN] PackLoader:240 - Cannot read IP mode file for STMicroelectronics.X-CUBE-TOF1.3.4.3
2026-04-27 19:43:28,152 [WARN] PackLoader:240 - Cannot read IP mode file for wolfSSL.I-CUBE-wolfSSH.1.4.17
2026-04-27 19:43:28,152 [INFO] ThirdParty:978 - Integrity check success = true
2026-04-27 19:43:28,152 [INFO] IntegrityCheckThread:100 - exiting critical section [integrity check]
2026-04-27 19:43:28,153 [INFO] IntegrityCheckThread:103 - End integrity checks thread
2026-04-27 21:00:01,195 [INFO] WebApp:403 - JxBrowser engine has been closed 
