2026-04-01 17:46:07,550 [INFO] Activator:176 - 


2026-04-01 17:46:07,555 [INFO] Activator:177 - !SESSION log4j initialized
2026-04-01 17:46:13,109 [INFO] LogOutputStream:77 - [STDOUT_REDIRECT] 
2026-04-01 17:46:20,033 [INFO] ApplicationProperties:184 - Using Application install path: C:\ST\STM32CubeIDE_1.19.0\STM32CubeIDE\plugins\com.st.stm32cube.common.mx_6.15.0.202507011659
2026-04-01 17:46:20,051 [INFO] DbMcusXml:78 - Set database path to: C:\ST\STM32CubeIDE_1.19.0\STM32CubeIDE\plugins\com.st.stm32cube.common.mx_6.15.0.202507011659\\db\/mcu/
2026-04-01 17:46:20,051 [INFO] ApiDb:274 - Set plugin database path to: C:\ST\STM32CubeIDE_1.19.0\STM32CubeIDE\plugins\com.st.stm32cube.common.mx_6.15.0.202507011659\\db\/plugins/boardmanager/
2026-04-01 17:46:20,052 [WARN] ApiDb:259 - Overriding images path with different value:  => C:\ST\STM32CubeIDE_1.19.0\STM32CubeIDE\plugins\com.st.stm32cube.common.mx_6.15.0.202507011659\\db\/plugins/mcufinder/images/
2026-04-01 17:46:20,065 [INFO] ApiDb:250 - Set database path to: C:\Users\Usuario\.stmcufinder\plugins\mcufinder//mcu/
2026-04-01 17:46:20,066 [INFO] DbMcusAds:125 - Set database path to: C:\Users\Usuario\.stmcufinder\plugins\mcufinder//mcu/
2026-04-01 17:46:20,068 [INFO] CrossReferenceDbSqlite:203 - Set database path to: C:\Users\Usuario\.stmcufinder\plugins\mcufinder//mcu/cs/
2026-04-01 17:46:20,180 [INFO] RulesReader:64 - Compatibility file has been processed (317 Rules)
2026-04-01 17:46:20,277 [INFO] DbMcusXml:78 - Set database path to: C:\ST\STM32CubeIDE_1.19.0\STM32CubeIDE\plugins\com.st.stm32cube.common.mx_6.15.0.202507011659\\db\/mcu/
2026-04-01 17:46:20,277 [INFO] ApiDb:274 - Set plugin database path to: C:\ST\STM32CubeIDE_1.19.0\STM32CubeIDE\plugins\com.st.stm32cube.common.mx_6.15.0.202507011659\\db\/plugins/boardmanager/
2026-04-01 17:46:20,277 [INFO] ApiDb:261 - Set plugin images path to: C:\ST\STM32CubeIDE_1.19.0\STM32CubeIDE\plugins\com.st.stm32cube.common.mx_6.15.0.202507011659\\db\/plugins/mcufinder/images/
2026-04-01 17:46:20,278 [WARN] DbFile:41 - Overriding database path with different value: C:\Users\Usuario\.stmcufinder\plugins\mcufinder/ => C:\Users\Usuario\.stmcufinder\plugins\mcufinder
2026-04-01 17:46:20,278 [INFO] ApiDb:250 - Set database path to: C:\Users\Usuario\.stmcufinder\plugins\mcufinder//mcu/
2026-04-01 17:46:20,278 [WARN] DbFile:41 - Overriding database path with different value: C:\Users\Usuario\.stmcufinder\plugins\mcufinder/ => C:\Users\Usuario\.stmcufinder\plugins\mcufinder
2026-04-01 17:46:20,278 [INFO] DbMcusAds:125 - Set database path to: C:\Users\Usuario\.stmcufinder\plugins\mcufinder//mcu/
2026-04-01 17:46:20,278 [WARN] DbFile:41 - Overriding database path with different value: C:\Users\Usuario\.stmcufinder\plugins\mcufinder/ => C:\Users\Usuario\.stmcufinder\plugins\mcufinder
2026-04-01 17:46:20,278 [WARN] DbFile:41 - Overriding database path with different value: C:\Users\Usuario\.stmcufinder\plugins\mcufinder/ => C:\Users\Usuario\.stmcufinder\plugins\mcufinder
2026-04-01 17:46:20,278 [INFO] CrossReferenceDbSqlite:203 - Set database path to: C:\Users\Usuario\.stmcufinder\plugins\mcufinder//mcu/cs/
2026-04-01 17:46:20,366 [INFO] MainPanel:274 - HeapMemory: 268435456
2026-04-01 17:46:20,484 [INFO] DbMcusXml:78 - Set database path to: C:\ST\STM32CubeIDE_1.19.0\STM32CubeIDE\plugins\com.st.stm32cube.common.mx_6.15.0.202507011659\\db\/mcu/
2026-04-01 17:46:20,484 [INFO] ApiDb:274 - Set plugin database path to: C:\ST\STM32CubeIDE_1.19.0\STM32CubeIDE\plugins\com.st.stm32cube.common.mx_6.15.0.202507011659\\db\/plugins/boardmanager/
2026-04-01 17:46:20,484 [INFO] ApiDb:261 - Set plugin images path to: C:\ST\STM32CubeIDE_1.19.0\STM32CubeIDE\plugins\com.st.stm32cube.common.mx_6.15.0.202507011659\\db\/plugins/mcufinder/images/
2026-04-01 17:46:20,484 [WARN] DbFile:41 - Overriding database path with different value: C:\Users\Usuario\.stmcufinder\plugins\mcufinder/ => C:\Users\Usuario\.stmcufinder\plugins\mcufinder
2026-04-01 17:46:20,484 [INFO] ApiDb:250 - Set database path to: C:\Users\Usuario\.stmcufinder\plugins\mcufinder//mcu/
2026-04-01 17:46:20,484 [WARN] DbFile:41 - Overriding database path with different value: C:\Users\Usuario\.stmcufinder\plugins\mcufinder/ => C:\Users\Usuario\.stmcufinder\plugins\mcufinder
2026-04-01 17:46:20,484 [INFO] DbMcusAds:125 - Set database path to: C:\Users\Usuario\.stmcufinder\plugins\mcufinder//mcu/
2026-04-01 17:46:20,484 [WARN] DbFile:41 - Overriding database path with different value: C:\Users\Usuario\.stmcufinder\plugins\mcufinder/ => C:\Users\Usuario\.stmcufinder\plugins\mcufinder
2026-04-01 17:46:20,485 [WARN] DbFile:41 - Overriding database path with different value: C:\Users\Usuario\.stmcufinder\plugins\mcufinder/ => C:\Users\Usuario\.stmcufinder\plugins\mcufinder
2026-04-01 17:46:20,485 [INFO] CrossReferenceDbSqlite:203 - Set database path to: C:\Users\Usuario\.stmcufinder\plugins\mcufinder//mcu/cs/
2026-04-01 17:46:20,504 [INFO] ApplicationProperties:184 - Using Application install path: C:\ST\STM32CubeIDE_1.19.0\STM32CubeIDE\plugins\com.st.stm32cube.common.mx_6.15.0.202507011659
2026-04-01 17:46:20,506 [INFO] PluginManage:196 - Search for loadable plugins [exclusion list=, ]
2026-04-01 17:46:20,507 [INFO] PluginManage:310 - Check plugin analytics
2026-04-01 17:46:25,652 [INFO] AnalyticsPlugin:253 - Accepted Software Licenses: 
2026-04-01 17:46:25,652 [INFO] AnalyticsPlugin:255 - Accepted CMSIS Pack Licenses: 
2026-04-01 17:46:25,653 [INFO] AnalyticsPlugin:257 - Accepted Firmware Licenses: 
2026-04-01 17:46:25,655 [INFO] PluginManage:359 - Loaded plugin analytics (category:tool,tabindex:-1)
2026-04-01 17:46:25,655 [INFO] PluginManage:310 - Check plugin cadmodel
2026-04-01 17:46:25,664 [INFO] CADModel:105 - Init CAD model plugin
2026-04-01 17:46:25,665 [INFO] PluginManage:359 - Loaded plugin cadmodel (category:power,tabindex:5)
2026-04-01 17:46:25,665 [INFO] PluginManage:310 - Check plugin clock
2026-04-01 17:46:25,677 [INFO] PluginManage:359 - Loaded plugin clock (category:base,tabindex:2)
2026-04-01 17:46:25,677 [INFO] PluginManage:310 - Check plugin ddr
2026-04-01 17:46:25,680 [INFO] PluginManage:359 - Loaded plugin ddr (category:tool,tabindex:6)
2026-04-01 17:46:25,680 [INFO] PluginManage:310 - Check plugin filemanager
2026-04-01 17:46:25,816 [INFO] PluginManage:359 - Loaded plugin filemanager (category:base,tabindex:10)
2026-04-01 17:46:25,816 [INFO] PluginManage:310 - Check plugin ipmanager
2026-04-01 17:46:25,824 [INFO] PluginManage:359 - Loaded plugin ipmanager (category:base,tabindex:5)
2026-04-01 17:46:25,824 [INFO] PluginManage:310 - Check plugin lpbam
2026-04-01 17:46:25,834 [INFO] PluginManage:359 - Loaded plugin lpbam (category:base,tabindex:0)
2026-04-01 17:46:25,835 [INFO] PluginManage:310 - Check plugin memorymap
2026-04-01 17:46:25,851 [INFO] PluginManage:359 - Loaded plugin memorymap (category:base,tabindex:4)
2026-04-01 17:46:25,851 [INFO] PluginManage:310 - Check plugin pinoutandconfiguration
2026-04-01 17:46:25,861 [INFO] PluginManage:359 - Loaded plugin pinoutandconfiguration (category:base,tabindex:1)
2026-04-01 17:46:25,861 [INFO] PluginManage:310 - Check plugin pinoutconfig
2026-04-01 17:46:25,957 [WARN] SupportedApi:132 - Cannot load RTOS API schema: s4s-elt-must-match.1: The content of 'definitions' must match (annotation?, (simpleType | complexType)?, (unique | key | keyref)*)). A problem was found starting at: attribute.
2026-04-01 17:46:26,088 [INFO] PluginManage:359 - Loaded plugin pinoutconfig (category:base,tabindex:0)
2026-04-01 17:46:26,089 [INFO] PluginManage:310 - Check plugin power
2026-04-01 17:46:26,104 [INFO] PluginManage:359 - Loaded plugin power (category:power,tabindex:4)
2026-04-01 17:46:26,104 [INFO] PluginManage:310 - Check plugin projectmanager
2026-04-01 17:46:26,119 [INFO] PluginManage:359 - Loaded plugin projectmanager (category:projectmanager,tabindex:4)
2026-04-01 17:46:26,119 [INFO] PluginManage:310 - Check plugin rif
2026-04-01 17:46:26,134 [INFO] PluginManage:359 - Loaded plugin rif (category:base,tabindex:3)
2026-04-01 17:46:26,134 [INFO] PluginManage:310 - Check plugin thirdparty
2026-04-01 17:46:26,261 [INFO] PluginManage:359 - Loaded plugin thirdparty (category:base,tabindex:-1)
2026-04-01 17:46:26,261 [WARN] IntegrityCheckThread:84 - waiting for thirdparty lock release [integrity check]
2026-04-01 17:46:26,261 [INFO] PluginManage:310 - Check plugin tools
2026-04-01 17:46:26,261 [INFO] IntegrityCheckThread:86 - entering critical section [integrity check]
2026-04-01 17:46:26,261 [INFO] ThirdPartyUpdaterWithRetryManager:70 - Updater plugin not ready yet. [1/15]
2026-04-01 17:46:26,265 [INFO] PluginManage:359 - Loaded plugin tools (category:base,tabindex:7)
2026-04-01 17:46:26,265 [INFO] PluginManage:310 - Check plugin tutovideos
2026-04-01 17:46:26,454 [INFO] PluginManage:359 - Loaded plugin tutovideos (category:base,tabindex:-1)
2026-04-01 17:46:26,454 [INFO] PluginManage:310 - Check plugin updater
2026-04-01 17:46:26,473 [INFO] PluginManage:359 - Loaded plugin updater (category:base,tabindex:12)
2026-04-01 17:46:26,473 [INFO] PluginManage:310 - Check plugin userauth
2026-04-01 17:46:26,479 [INFO] UserAuth:118 - Init User Auth plugin
2026-04-01 17:46:26,479 [INFO] PluginManage:359 - Loaded plugin userauth (category:base,tabindex:14)
2026-04-01 17:46:26,479 [INFO] PluginManage:283 - PluginManage : Loaded plugins [18]
2026-04-01 17:46:26,675 [INFO] PinOutPanel:1589 - setPackage(No Configuration,No Configuration)
2026-04-01 17:46:26,761 [INFO] CADModel:165 - CPN selected for project level
2026-04-01 17:46:26,761 [INFO] CADModel:114 - Register for checkConnection events
2026-04-01 17:46:26,781 [INFO] IPUIPlugin:80 - create IPUIPlugin
2026-04-01 17:46:26,781 [INFO] PluginManager:220 - loadIPPluginJar : add adc
2026-04-01 17:46:26,787 [INFO] IPUIPlugin:80 - create IPUIPlugin
2026-04-01 17:46:26,787 [INFO] PluginManager:220 - loadIPPluginJar : add aes
2026-04-01 17:46:26,791 [INFO] IPUIPlugin:80 - create IPUIPlugin
2026-04-01 17:46:26,791 [INFO] PluginManager:220 - loadIPPluginJar : add can
2026-04-01 17:46:26,796 [INFO] IPUIPlugin:80 - create IPUIPlugin
2026-04-01 17:46:26,796 [INFO] PluginManager:220 - loadIPPluginJar : add comp
2026-04-01 17:46:26,800 [INFO] IPUIPlugin:80 - create IPUIPlugin
2026-04-01 17:46:26,800 [INFO] PluginManager:220 - loadIPPluginJar : add cryp
2026-04-01 17:46:26,806 [INFO] IPUIPlugin:80 - create IPUIPlugin
2026-04-01 17:46:26,806 [INFO] PluginManager:220 - loadIPPluginJar : add ddr_ctrl_phy
2026-04-01 17:46:26,811 [INFO] IPUIPlugin:80 - create IPUIPlugin
2026-04-01 17:46:26,811 [INFO] PluginManager:220 - loadIPPluginJar : add dfsdm
2026-04-01 17:46:26,819 [INFO] IPUIPlugin:80 - create IPUIPlugin
2026-04-01 17:46:26,820 [INFO] PluginManager:220 - loadIPPluginJar : add dma
2026-04-01 17:46:26,824 [INFO] IPUIPlugin:80 - create IPUIPlugin
2026-04-01 17:46:26,825 [INFO] PluginManager:220 - loadIPPluginJar : add dma3
2026-04-01 17:46:26,830 [INFO] IPUIPlugin:80 - create IPUIPlugin
2026-04-01 17:46:26,830 [INFO] PluginManager:220 - loadIPPluginJar : add extmemmanager
2026-04-01 17:46:26,835 [INFO] IPUIPlugin:80 - create IPUIPlugin
2026-04-01 17:46:26,835 [INFO] PluginManager:220 - loadIPPluginJar : add fatfs
2026-04-01 17:46:26,842 [INFO] IPUIPlugin:80 - create IPUIPlugin
2026-04-01 17:46:26,842 [INFO] PluginManager:220 - loadIPPluginJar : add fmc
2026-04-01 17:46:26,851 [INFO] IPUIPlugin:80 - create IPUIPlugin
2026-04-01 17:46:26,851 [INFO] PluginManager:220 - loadIPPluginJar : add freertos
2026-04-01 17:46:26,855 [INFO] IPUIPlugin:80 - create IPUIPlugin
2026-04-01 17:46:26,855 [INFO] PluginManager:220 - loadIPPluginJar : add genericplugin
2026-04-01 17:46:26,859 [INFO] IPUIPlugin:80 - create IPUIPlugin
2026-04-01 17:46:26,860 [INFO] PluginManager:220 - loadIPPluginJar : add gfxmmu
2026-04-01 17:46:26,867 [INFO] IPUIPlugin:80 - create IPUIPlugin
2026-04-01 17:46:26,867 [INFO] PluginManager:220 - loadIPPluginJar : add gic
2026-04-01 17:46:26,874 [INFO] IPUIPlugin:80 - create IPUIPlugin
2026-04-01 17:46:26,875 [INFO] PluginManager:220 - loadIPPluginJar : add gpio
2026-04-01 17:46:26,880 [INFO] IPUIPlugin:80 - create IPUIPlugin
2026-04-01 17:46:26,880 [INFO] PluginManager:220 - loadIPPluginJar : add gtzc
2026-04-01 17:46:26,886 [INFO] IPUIPlugin:80 - create IPUIPlugin
2026-04-01 17:46:26,886 [INFO] PluginManager:220 - loadIPPluginJar : add hash
2026-04-01 17:46:26,891 [INFO] IPUIPlugin:80 - create IPUIPlugin
2026-04-01 17:46:26,892 [INFO] PluginManager:220 - loadIPPluginJar : add i2c
2026-04-01 17:46:26,897 [INFO] IPUIPlugin:80 - create IPUIPlugin
2026-04-01 17:46:26,897 [INFO] PluginManager:220 - loadIPPluginJar : add i2s
2026-04-01 17:46:26,903 [INFO] IPUIPlugin:80 - create IPUIPlugin
2026-04-01 17:46:26,903 [INFO] PluginManager:220 - loadIPPluginJar : add i3c
2026-04-01 17:46:26,909 [INFO] IPUIPlugin:80 - create IPUIPlugin
2026-04-01 17:46:26,909 [INFO] PluginManager:220 - loadIPPluginJar : add ipddr
2026-04-01 17:46:26,918 [INFO] IPUIPlugin:80 - create IPUIPlugin
2026-04-01 17:46:26,918 [INFO] PluginManager:220 - loadIPPluginJar : add linkedlist
2026-04-01 17:46:26,925 [INFO] IPUIPlugin:80 - create IPUIPlugin
2026-04-01 17:46:26,925 [INFO] PluginManager:220 - loadIPPluginJar : add lorawan
2026-04-01 17:46:26,930 [INFO] IPUIPlugin:80 - create IPUIPlugin
2026-04-01 17:46:26,930 [INFO] PluginManager:220 - loadIPPluginJar : add ltdc
2026-04-01 17:46:26,939 [INFO] IPUIPlugin:80 - create IPUIPlugin
2026-04-01 17:46:26,939 [INFO] PluginManager:220 - loadIPPluginJar : add mdma
2026-04-01 17:46:26,946 [INFO] IPUIPlugin:80 - create IPUIPlugin
2026-04-01 17:46:26,947 [INFO] PluginManager:220 - loadIPPluginJar : add nvic
2026-04-01 17:46:26,952 [INFO] IPUIPlugin:80 - create IPUIPlugin
2026-04-01 17:46:26,952 [INFO] PluginManager:220 - loadIPPluginJar : add opamp
2026-04-01 17:46:26,959 [INFO] IPUIPlugin:80 - create IPUIPlugin
2026-04-01 17:46:26,959 [INFO] PluginManager:220 - loadIPPluginJar : add openamp
2026-04-01 17:46:26,964 [INFO] IPUIPlugin:80 - create IPUIPlugin
2026-04-01 17:46:26,964 [INFO] PluginManager:220 - loadIPPluginJar : add pdm2pcm
2026-04-01 17:46:26,973 [INFO] IPUIPlugin:80 - create IPUIPlugin
2026-04-01 17:46:26,975 [INFO] PluginManager:220 - loadIPPluginJar : add plateformsettings
2026-04-01 17:46:26,980 [INFO] IPUIPlugin:80 - create IPUIPlugin
2026-04-01 17:46:26,980 [INFO] PluginManager:220 - loadIPPluginJar : add quadspi
2026-04-01 17:46:26,984 [INFO] IPUIPlugin:80 - create IPUIPlugin
2026-04-01 17:46:26,985 [INFO] PluginManager:220 - loadIPPluginJar : add radio
2026-04-01 17:46:26,993 [INFO] IPUIPlugin:80 - create IPUIPlugin
2026-04-01 17:46:26,994 [INFO] PluginManager:220 - loadIPPluginJar : add resmgrutility
2026-04-01 17:46:26,998 [INFO] IPUIPlugin:80 - create IPUIPlugin
2026-04-01 17:46:26,999 [INFO] PluginManager:220 - loadIPPluginJar : add sai
2026-04-01 17:46:27,004 [INFO] IPUIPlugin:80 - create IPUIPlugin
2026-04-01 17:46:27,005 [INFO] PluginManager:220 - loadIPPluginJar : add spi
2026-04-01 17:46:27,012 [INFO] IPUIPlugin:80 - create IPUIPlugin
2026-04-01 17:46:27,012 [INFO] PluginManager:220 - loadIPPluginJar : add stm32_wpan
2026-04-01 17:46:27,017 [INFO] IPUIPlugin:80 - create IPUIPlugin
2026-04-01 17:46:27,017 [INFO] PluginManager:220 - loadIPPluginJar : add tim
2026-04-01 17:46:27,022 [INFO] IPUIPlugin:80 - create IPUIPlugin
2026-04-01 17:46:27,022 [INFO] PluginManager:220 - loadIPPluginJar : add touchsensing
2026-04-01 17:46:27,026 [INFO] IPUIPlugin:80 - create IPUIPlugin
2026-04-01 17:46:27,026 [INFO] PluginManager:220 - loadIPPluginJar : add tracer_emb
2026-04-01 17:46:27,030 [INFO] IPUIPlugin:80 - create IPUIPlugin
2026-04-01 17:46:27,030 [INFO] PluginManager:220 - loadIPPluginJar : add ts
2026-04-01 17:46:27,035 [INFO] IPUIPlugin:80 - create IPUIPlugin
2026-04-01 17:46:27,035 [INFO] PluginManager:220 - loadIPPluginJar : add tsc
2026-04-01 17:46:27,039 [INFO] IPUIPlugin:80 - create IPUIPlugin
2026-04-01 17:46:27,039 [INFO] PluginManager:220 - loadIPPluginJar : add ucpd
2026-04-01 17:46:27,045 [INFO] IPUIPlugin:80 - create IPUIPlugin
2026-04-01 17:46:27,045 [INFO] PluginManager:220 - loadIPPluginJar : add usart
2026-04-01 17:46:27,051 [INFO] IPUIPlugin:80 - create IPUIPlugin
2026-04-01 17:46:27,051 [INFO] PluginManager:220 - loadIPPluginJar : add usbx
2026-04-01 17:46:27,172 [FATAL] Updater:351 - Updater called before beeing initialized
2026-04-01 17:46:27,203 [INFO] RulesReader:64 - Compatibility file has been processed (317 Rules)
2026-04-01 17:46:27,212 [INFO] RulesReader:64 - Compatibility file has been processed (317 Rules)
2026-04-01 17:46:27,219 [INFO] CADModel:165 - CPN selected for project level
2026-04-01 17:46:27,220 [INFO] CADModel:114 - Register for checkConnection events
2026-04-01 17:46:27,220 [FATAL] Updater:351 - Updater called before beeing initialized
2026-04-01 17:46:27,220 [ERROR] CADModel:125 - Updater not yet initialized, retry later 
2026-04-01 17:46:27,349 [FATAL] Updater:351 - Updater called before beeing initialized
2026-04-01 17:46:27,351 [INFO] CADModel:165 - CPN selected for project level
2026-04-01 17:46:27,352 [INFO] CADModel:114 - Register for checkConnection events
2026-04-01 17:46:27,352 [FATAL] Updater:351 - Updater called before beeing initialized
2026-04-01 17:46:27,352 [ERROR] CADModel:125 - Updater not yet initialized, retry later 
2026-04-01 17:46:27,356 [FATAL] Updater:351 - Updater called before beeing initialized
2026-04-01 17:46:27,445 [FATAL] Updater:351 - Updater called before beeing initialized
2026-04-01 17:46:27,449 [INFO] DbMcusAds:53 - JSON generation date=Thu Jan 08 16:56:32 CET 2026 (1767887792457)
2026-04-01 17:46:27,449 [FATAL] Updater:351 - Updater called before beeing initialized
2026-04-01 17:46:27,492 [WARN] DetailPanel:346 - Failed to get advertising image, set to default
2026-04-01 17:46:27,574 [FATAL] Updater:351 - Updater called before beeing initialized
2026-04-01 17:46:27,576 [FATAL] Updater:351 - Updater called before beeing initialized
2026-04-01 17:46:27,576 [FATAL] Updater:351 - Updater called before beeing initialized
2026-04-01 17:46:27,576 [WARN] DetailPanel:346 - Failed to get advertising image, set to default
2026-04-01 17:46:27,577 [FATAL] Updater:351 - Updater called before beeing initialized
2026-04-01 17:46:27,622 [ERROR] Updater:1198 - MainUpdater not yet initialized. External WinMGr cannot be set.
2026-04-01 17:46:27,626 [INFO] Updater:1134 - Updater Version found : 6.15.0
2026-04-01 17:46:27,644 [INFO] ApplicationProperties:184 - Using Application install path: C:\ST\STM32CubeIDE_1.19.0\STM32CubeIDE\plugins\com.st.stm32cube.common.mx_6.15.0.202507011659
2026-04-01 17:46:28,076 [INFO] MainUpdater:2872 - connection check result : 10
2026-04-01 17:46:28,076 [INFO] MainUpdater:3604 - Updater definition file requires update
2026-04-01 17:46:28,077 [INFO] MainUpdater:289 - Updater Check For Update Now.
2026-04-01 17:46:28,077 [INFO] MicroXplorer:498 - Change Database Version : DB.6.0.150
2026-04-01 17:46:28,085 [INFO] McuFinderGlobals:63 - Set McuFinder mode to 2 (CubeIDE integrated)
2026-04-01 17:46:28,086 [INFO] UserAuth:487 - Internet connection configuration mode: 1
2026-04-01 17:46:28,106 [INFO] JxBrowserEngine:152 - Initiate JxBrowser Engine with user profile folder
2026-04-01 17:46:28,153 [INFO] ServerAccessManage:452 - Complete download http(s) 200
2026-04-01 17:46:28,154 [INFO] ServerAccessManage:509 - Download File updaters.zip
2026-04-01 17:46:28,214 [INFO] FileExtend:248 - Unzip File : updaters.zip
2026-04-01 17:46:28,214 [INFO] FileExtend:263 - Standard Zip Deflate
2026-04-01 17:46:28,610 [INFO] ServerAccessManage:452 - Complete download http(s) 200
2026-04-01 17:46:28,611 [INFO] ServerAccessManage:509 - Download File PacksControlFlags.xml
2026-04-01 17:46:28,662 [INFO] ServerAccessManage:452 - Complete download http(s) 200
2026-04-01 17:46:28,662 [INFO] ServerAccessManage:509 - Download File cubemx.pidx
2026-04-01 17:46:28,785 [INFO] LoadServerUpdatesThread:375 - End of LoadServerUpdate Thread
2026-04-01 17:46:28,953 [INFO] CheckServerUpdateThread:120 - End of CheckServer Thread
2026-04-01 17:46:29,630 [INFO] WebApp:169 - Instantiating new browser for Auth
2026-04-01 17:46:29,886 [WARN] PackLoader:240 - Cannot read IP mode file for STMicroelectronics.X-CUBE-AZRTOS-H7.3.5.0
2026-04-01 17:46:29,901 [WARN] PackLoader:240 - Cannot read IP mode file for STMicroelectronics.FP-SNS-MOTENVWB1.1.4.0
2026-04-01 17:46:29,914 [WARN] PackLoader:240 - Cannot read IP mode file for STMicroelectronics.FP-ATR-ASTRA1.2.0.2
2026-04-01 17:46:29,920 [WARN] PackLoader:240 - Cannot read IP mode file for STMicroelectronics.FP-ATR-ASTRA1.2.0.1
2026-04-01 17:46:29,932 [WARN] PackLoader:240 - Cannot read IP mode file for STMicroelectronics.X-CUBE-SMBUS.2.1.0
2026-04-01 17:46:29,944 [WARN] PackLoader:240 - Cannot read IP mode file for STMicroelectronics.X-CUBE-WB05N.1.1.0
2026-04-01 17:46:29,951 [WARN] PackLoader:240 - Cannot read IP mode file for STMicroelectronics.X-CUBE-ST60.1.0.0
2026-04-01 17:46:29,979 [WARN] PackLoader:240 - Cannot read IP mode file for STMicroelectronics.X-CUBE-AZRTOS-F7.1.1.0
2026-04-01 17:46:29,989 [WARN] PackLoader:240 - Cannot read IP mode file for Cesanta.I-CUBE-Mongoose.7.19.0
2026-04-01 17:46:29,996 [WARN] PackLoader:240 - Cannot read IP mode file for STMicroelectronics.FP-SNS-MOTENV1.5.1.0
2026-04-01 17:46:30,013 [WARN] PackLoader:240 - Cannot read IP mode file for WES.I-CUBE-Cesium.1.4.0
2026-04-01 17:46:30,019 [WARN] PackLoader:240 - Cannot read IP mode file for STMicroelectronics.FP-SNS-FLIGHT1.5.0.2
2026-04-01 17:46:30,045 [WARN] PackLoader:240 - Cannot read IP mode file for Infineon.AIROC-Wi-Fi-Bluetooth-STM32.1.7.0
2026-04-01 17:46:30,072 [WARN] PackLoader:240 - Cannot read IP mode file for Infineon.AIROC-Wi-Fi-Bluetooth-STM32.1.7.1
2026-04-01 17:46:30,100 [WARN] PackLoader:240 - Cannot read IP mode file for STMicroelectronics.X-CUBE-AZRTOS-H7.3.4.0
2026-04-01 17:46:30,112 [WARN] PackLoader:240 - Cannot read IP mode file for STMicroelectronics.X-CUBE-DISPLAY.3.0.0
2026-04-01 17:46:30,122 [WARN] PackLoader:240 - Cannot read IP mode file for STMicroelectronics.FP-SNS-MOTENVWB1.1.5.0
2026-04-01 17:46:30,131 [WARN] PackLoader:240 - Cannot read IP mode file for STMicroelectronics.X-CUBE-BLE1.7.0.0
2026-04-01 17:46:30,238 [WARN] PackLoader:240 - Cannot read IP mode file for STMicroelectronics.X-CUBE-NFC10.1.0.0
2026-04-01 17:46:30,247 [WARN] PackLoader:240 - Cannot read IP mode file for STMicroelectronics.X-CUBE-BLEMGR.4.0.0
2026-04-01 17:46:30,255 [WARN] PackLoader:240 - Cannot read IP mode file for STMicroelectronics.X-CUBE-ST60.1.1.0
2026-04-01 17:46:30,261 [WARN] PackLoader:240 - Cannot read IP mode file for emotas.I-CUBE-CANOPEN.1.3.0
2026-04-01 17:46:30,266 [WARN] PackLoader:240 - Cannot read IP mode file for STMicroelectronics.X-CUBE-GNSS1.7.1.0
2026-04-01 17:46:30,274 [WARN] PackLoader:240 - Cannot read IP mode file for STMicroelectronics.FP-SNS-STBOX1.2.1.0
2026-04-01 17:46:30,283 [WARN] PackLoader:240 - Cannot read IP mode file for STMicroelectronics.FP-SNS-SMARTAG2.1.2.0
2026-04-01 17:46:30,287 [WARN] PackLoader:240 - Cannot read IP mode file for STMicroelectronics.FP-SNS-FLIGHT1.5.1.0
2026-04-01 17:46:30,329 [WARN] PackLoader:240 - Cannot read IP mode file for STMicroelectronics.X-CUBE-MEMS1.11.1.0
2026-04-01 17:46:30,495 [INFO] LogOutputStream:77 - [STDOUT_REDIRECT] 1 : Invalid condition id : UX_CORESTACK_Condition cause : null
2026-04-01 17:46:30,496 [INFO] LogOutputStream:77 - [STDOUT_REDIRECT] 1 : Invalid condition id : UX_CORESTACK_Condition cause : null
2026-04-01 17:46:30,497 [INFO] LogOutputStream:77 - [STDOUT_REDIRECT] 1 : Invalid condition id : UX_CORESTACK_Condition cause : null
2026-04-01 17:46:30,499 [INFO] LogOutputStream:77 - [STDOUT_REDIRECT] 1 : Invalid condition id : UX_CORESTACK_Condition cause : null
2026-04-01 17:46:30,500 [INFO] LogOutputStream:77 - [STDOUT_REDIRECT] 1 : Invalid condition id : UX_CORESTACK_Condition cause : null
2026-04-01 17:46:30,502 [WARN] PackLoader:240 - Cannot read IP mode file for STMicroelectronics.X-CUBE-AZRTOS-WL.2.0.0
2026-04-01 17:46:30,509 [WARN] PackLoader:240 - Cannot read IP mode file for STMicroelectronics.FP-SNS-MOTENV1.5.0.0
2026-04-01 17:46:30,530 [WARN] PackLoader:240 - Cannot read IP mode file for STMicroelectronics.X-CUBE-AZRTOS-H7RS.1.2.0
2026-04-01 17:46:30,538 [WARN] PackLoader:240 - Cannot read IP mode file for wolfSSL.I-CUBE-wolfMQTT.1.19.0
2026-04-01 17:46:30,545 [WARN] PackLoader:240 - Cannot read IP mode file for WES.I-CUBE-Cesium.1.3.0
2026-04-01 17:46:30,551 [WARN] PackLoader:240 - Cannot read IP mode file for STMicroelectronics.X-CUBE-BLE2.3.3.0
2026-04-01 17:46:30,575 [WARN] PackLoader:240 - Cannot read IP mode file for STMicroelectronics.X-CUBE-NFC9.1.0.0
2026-04-01 17:46:30,581 [WARN] PackLoader:240 - Cannot read IP mode file for wolfSSL.I-CUBE-wolfSSL.5.8.2
2026-04-01 17:46:30,587 [WARN] PackLoader:240 - Cannot read IP mode file for STMicroelectronics.X-CUBE-BLE1.7.1.0
2026-04-01 17:46:30,590 [WARN] PackLoader:240 - Cannot read IP mode file for wolfSSL.I-CUBE-wolfMQTT.1.19.2
2026-04-01 17:46:30,595 [WARN] PackLoader:240 - Cannot read IP mode file for STMicroelectronics.X-CUBE-FREERTOS.1.4.0
2026-04-01 17:46:30,600 [WARN] PackLoader:240 - Cannot read IP mode file for STMicroelectronics.X-CUBE-EEPRMA1.5.2.0
2026-04-01 17:46:30,609 [WARN] PackLoader:240 - Cannot read IP mode file for STMicroelectronics.X-CUBE-ST67W61.1.1.0
2026-04-01 17:46:30,642 [WARN] PackLoader:240 - Cannot read IP mode file for STMicroelectronics.X-CUBE-MEMS1.12.0.0
2026-04-01 17:46:30,726 [WARN] PackLoader:240 - Cannot read IP mode file for STMicroelectronics.X-CUBE-AZRTOS-G0.1.1.0
2026-04-01 17:46:30,735 [WARN] PackLoader:240 - Cannot read IP mode file for STMicroelectronics.X-CUBE-SAFEA1.1.2.2
2026-04-01 17:46:30,742 [WARN] PackLoader:240 - Cannot read IP mode file for STMicroelectronics.X-CUBE-NFC4.3.0.0
2026-04-01 17:46:30,756 [WARN] PackLoader:240 - Cannot read IP mode file for EmbeddedOffice.I-CUBE-FS-RTOS.1.0.1
2026-04-01 17:46:30,764 [WARN] PackLoader:240 - Cannot read IP mode file for STMicroelectronics.X-CUBE-WB05N.2.0.0
2026-04-01 17:46:30,770 [WARN] PackLoader:240 - Cannot read IP mode file for wolfSSL.I-CUBE-wolfTPM.3.8.0
2026-04-01 17:46:30,777 [WARN] PackLoader:240 - Cannot read IP mode file for STMicroelectronics.X-CUBE-TCPP.4.2.0
2026-04-01 17:46:30,784 [WARN] PackLoader:240 - Cannot read IP mode file for RealThread.X-CUBE-RT-Thread_Nano.4.1.1
2026-04-01 17:46:30,790 [WARN] PackLoader:240 - Cannot read IP mode file for STMicroelectronics.FP-ATR-SIGFOX1.3.2.0
2026-04-01 17:46:30,796 [WARN] ConditionMgr:438 - getConditionDescription Invalid condition id : Cortex-A Device cause : null
2026-04-01 17:46:30,803 [WARN] ConditionMgr:1044 - genDependencies : Invalid condition id : Cortex-A Device cause : null
2026-04-01 17:46:30,804 [WARN] ConditionMgr:1044 - genDependencies : Invalid condition id : Cortex-A Device cause : null
2026-04-01 17:46:30,804 [WARN] ConditionMgr:1044 - genDependencies : Invalid condition id : Cortex-A Device cause : null
2026-04-01 17:46:30,810 [WARN] PackLoader:240 - Cannot read IP mode file for STMicroelectronics.X-CUBE-EEPRMA1.5.1.0
2026-04-01 17:46:30,817 [WARN] PackLoader:240 - Cannot read IP mode file for STMicroelectronics.X-CUBE-FREERTOS.1.5.0
2026-04-01 17:46:30,821 [WARN] PackLoader:240 - Cannot read IP mode file for wolfSSL.I-CUBE-wolfSSL.5.7.4
2026-04-01 17:46:30,829 [WARN] PackLoader:240 - Cannot read IP mode file for ITTIA_DB.I-CUBE-ITTIADB.8.9.0
2026-04-01 17:46:30,837 [WARN] PackLoader:240 - Cannot read IP mode file for STMicroelectronics.X-CUBE-NFC6.3.2.0
2026-04-01 17:46:30,844 [WARN] PackLoader:240 - Cannot read IP mode file for STMicroelectronics.X-CUBE-ST67W61.1.0.0
2026-04-01 17:46:30,850 [WARN] PackLoader:240 - Cannot read IP mode file for STMicroelectronics.X-CUBE-AI.10.2.0
2026-04-01 17:46:30,874 [WARN] PackLoader:240 - Cannot read IP mode file for SEGGER.I-CUBE-embOS.1.3.1
2026-04-01 17:46:30,902 [WARN] PackLoader:240 - Cannot read IP mode file for STMicroelectronics.X-CUBE-ALGOBUILD.1.4.0
2026-04-01 17:46:30,938 [WARN] PackLoader:240 - Cannot read IP mode file for STMicroelectronics.X-CUBE-MEMS1.11.3.0
2026-04-01 17:46:31,189 [WARN] PackLoader:240 - Cannot read IP mode file for STMicroelectronics.X-CUBE-AI.9.1.0
2026-04-01 17:46:31,195 [WARN] PackLoader:240 - Cannot read IP mode file for STMicroelectronics.X-CUBE-PM33A1.1.0.0
2026-04-01 17:46:31,215 [WARN] PackLoader:240 - Cannot read IP mode file for STMicroelectronics.X-CUBE-AZRTOS-F4.1.1.0
2026-04-01 17:46:31,227 [WARN] PackLoader:240 - Cannot read IP mode file for Avnet-IotConnect.X-CUBE-IoTC-DA16k-PMOD.1.0.0
2026-04-01 17:46:31,235 [WARN] PackLoader:240 - Cannot read IP mode file for STMicroelectronics.X-CUBE-ISPU.2.1.0
2026-04-01 17:46:31,248 [WARN] PackLoader:240 - Cannot read IP mode file for STMicroelectronics.X-CUBE-IPS.3.2.0
2026-04-01 17:46:31,260 [WARN] PackLoader:240 - Cannot read IP mode file for STMicroelectronics.X-CUBE-NFC12.1.0.0
2026-04-01 17:46:31,274 [WARN] PackLoader:240 - Cannot read IP mode file for STMicroelectronics.X-CUBE-AZRTOS-L5.2.0.0
2026-04-01 17:46:31,282 [WARN] PackLoader:240 - Cannot read IP mode file for STMicroelectronics.X-CUBE-NFC6.3.1.0
2026-04-01 17:46:31,290 [WARN] PackLoader:240 - Cannot read IP mode file for STMicroelectronics.X-CUBE-DPower.1.2.0
2026-04-01 17:46:31,295 [WARN] PackLoader:240 - Cannot read IP mode file for STMicroelectronics.X-CUBE-FREERTOS.1.3.1
2026-04-01 17:46:31,301 [WARN] PackLoader:240 - Cannot read IP mode file for STMicroelectronics.X-CUBE-FREERTOS.1.3.0
2026-04-01 17:46:31,306 [WARN] PackLoader:240 - Cannot read IP mode file for STMicroelectronics.X-CUBE-NFC7.1.0.1
2026-04-01 17:46:31,312 [WARN] PackLoader:240 - Cannot read IP mode file for STMicroelectronics.X-CUBE-TOUCHGFX.4.26.0
2026-04-01 17:46:31,314 [WARN] PackLoader:240 - Cannot read IP mode file for STMicroelectronics.X-CUBE-TOUCHGFX.4.26.1
2026-04-01 17:46:31,320 [WARN] PackLoader:240 - Cannot read IP mode file for STMicroelectronics.FP-SNS-STAIOTCFT.1.0.0
2026-04-01 17:46:31,326 [WARN] PackLoader:240 - Cannot read IP mode file for STMicroelectronics.X-CUBE-DPower.1.3.0
2026-04-01 17:46:31,342 [WARN] ConditionMgr:438 - getConditionDescription Invalid condition id : LAN8742 Phy interface Condition cause : null
2026-04-01 17:46:31,343 [WARN] PackLoader:240 - Cannot read IP mode file for STMicroelectronics.X-CUBE-AZRTOS-L4.2.0.0
2026-04-01 17:46:31,344 [WARN] ConditionMgr:1044 - genDependencies : Invalid condition id : LAN8742 Phy interface Condition cause : null
2026-04-01 17:46:31,344 [WARN] ConditionMgr:1044 - genDependencies : Invalid condition id : LAN8742 Phy interface Condition cause : null
2026-04-01 17:46:31,345 [WARN] ConditionMgr:1044 - genDependencies : Invalid condition id : LAN8742 Phy interface Condition cause : null
2026-04-01 17:46:31,352 [WARN] PackLoader:240 - Cannot read IP mode file for STMicroelectronics.X-CUBE-SFXS2LP1.4.0.0
2026-04-01 17:46:31,360 [WARN] PackLoader:240 - Cannot read IP mode file for STMicroelectronics.X-CUBE-ST67W61.1.2.0
2026-04-01 17:46:31,375 [WARN] PackLoader:240 - Cannot read IP mode file for STMicroelectronics.X-CUBE-AZRTOS-H7.3.3.0
2026-04-01 17:46:31,387 [WARN] PackLoader:240 - Cannot read IP mode file for STMicroelectronics.X-CUBE-BLEMGR.4.1.0
2026-04-01 17:46:31,399 [WARN] PackLoader:240 - Cannot read IP mode file for STMicroelectronics.X-CUBE-IPS.3.0.0
2026-04-01 17:46:31,503 [WARN] ConditionMgr:438 - getConditionDescription Invalid condition id : UX DEVICE CLASS RTOS Condition cause : null
2026-04-01 17:46:31,503 [WARN] ConditionMgr:438 - getConditionDescription Invalid condition id : UX DEVICE CLASS RTOS Condition cause : null
2026-04-01 17:46:31,505 [WARN] PackLoader:240 - Cannot read IP mode file for STMicroelectronics.X-CUBE-AZRTOS-WB.2.0.0
2026-04-01 17:46:31,505 [WARN] ConditionMgr:1044 - genDependencies : Invalid condition id : UX DEVICE CLASS RTOS Condition cause : null
2026-04-01 17:46:31,505 [WARN] ConditionMgr:1044 - genDependencies : Invalid condition id : UX DEVICE CLASS RTOS Condition cause : null
2026-04-01 17:46:31,505 [WARN] ConditionMgr:1044 - genDependencies : Invalid condition id : UX DEVICE CLASS RTOS Condition cause : null
2026-04-01 17:46:31,506 [WARN] ConditionMgr:1044 - genDependencies : Invalid condition id : UX DEVICE CLASS RTOS Condition cause : null
2026-04-01 17:46:31,506 [WARN] ConditionMgr:1044 - genDependencies : Invalid condition id : UX DEVICE CLASS RTOS Condition cause : null
2026-04-01 17:46:31,511 [WARN] PackLoader:240 - Cannot read IP mode file for STMicroelectronics.X-CUBE-GNSS1.7.0.1
2026-04-01 17:46:31,515 [WARN] PackLoader:240 - Cannot read IP mode file for STMicroelectronics.X-CUBE-TOUCHGFX.4.25.0
2026-04-01 17:46:31,520 [WARN] PackLoader:240 - Cannot read IP mode file for STMicroelectronics.FP-SNS-STBOX1.2.0.0
2026-04-01 17:46:31,526 [WARN] ConditionMgr:438 - getConditionDescription Invalid condition id : Cortex-A Device cause : null
2026-04-01 17:46:31,533 [WARN] ConditionMgr:1044 - genDependencies : Invalid condition id : Cortex-A Device cause : null
2026-04-01 17:46:31,534 [WARN] ConditionMgr:1044 - genDependencies : Invalid condition id : Cortex-A Device cause : null
2026-04-01 17:46:31,534 [WARN] ConditionMgr:1044 - genDependencies : Invalid condition id : Cortex-A Device cause : null
2026-04-01 17:46:31,541 [WARN] PackLoader:240 - Cannot read IP mode file for STMicroelectronics.X-CUBE-STSE01.2.0.0
2026-04-01 17:46:31,575 [WARN] PackLoader:240 - Cannot read IP mode file for STMicroelectronics.X-CUBE-SUBG2.5.0.0
2026-04-01 17:46:31,601 [WARN] PackLoader:240 - Cannot read IP mode file for STMicroelectronics.X-CUBE-AZRTOS-H7RS.1.1.0
2026-04-01 17:46:31,607 [WARN] PackLoader:240 - Cannot read IP mode file for Cesanta.I-CUBE-Mongoose.7.13.0
2026-04-01 17:46:31,623 [WARN] PackLoader:240 - Cannot read IP mode file for STMicroelectronics.X-CUBE-AZRTOS-G4.2.0.0
2026-04-01 17:46:31,631 [WARN] PackLoader:240 - Cannot read IP mode file for wolfSSL.I-CUBE-wolfSSH.1.4.20
2026-04-01 17:46:31,635 [WARN] PackLoader:240 - Cannot read IP mode file for STMicroelectronics.X-CUBE-NFC7.2.0.0
2026-04-01 17:46:31,647 [WARN] PackLoader:240 - Cannot read IP mode file for STMicroelectronics.X-CUBE-IPS.3.1.0
2026-04-01 17:46:31,690 [WARN] PackLoader:240 - Cannot read IP mode file for STMicroelectronics.X-CUBE-ALS.1.0.2
2026-04-01 17:46:31,698 [WARN] PackLoader:240 - Cannot read IP mode file for STMicroelectronics.X-CUBE-TOUCHGFX.4.24.1
2026-04-01 17:46:31,720 [WARN] PackLoader:240 - Cannot read IP mode file for STMicroelectronics.X-CUBE-STSE01.1.0.0
2026-04-01 17:46:31,727 [WARN] PackLoader:240 - Cannot read IP mode file for wolfSSL.I-CUBE-wolfTPM.3.4.0
2026-04-01 17:46:31,735 [WARN] PackLoader:240 - Cannot read IP mode file for portGmbH.I-Cube-SoM-uGOAL.1.1.0
2026-04-01 17:46:31,744 [INFO] WebApp:463 - Apply proxy settings
2026-04-01 17:46:31,744 [INFO] WebApp:548 - Chromium requires no authentication
2026-04-01 17:46:31,752 [WARN] PackLoader:240 - Cannot read IP mode file for STMicroelectronics.X-CUBE-AZRTOS-H7RS.1.0.0
2026-04-01 17:46:31,761 [INFO] WebApp:491 - Direct internet connection detected
2026-04-01 17:46:31,766 [WARN] PackLoader:240 - Cannot read IP mode file for STMicroelectronics.X-CUBE-TOF1.3.4.2
2026-04-01 17:46:31,785 [WARN] PackLoader:240 - Cannot read IP mode file for STMicroelectronics.X-CUBE-TOF1.3.4.3
2026-04-01 17:46:31,798 [WARN] PackLoader:240 - Cannot read IP mode file for wolfSSL.I-CUBE-wolfSSH.1.4.17
2026-04-01 17:46:31,799 [INFO] ThirdParty:978 - Integrity check success = true
2026-04-01 17:46:31,799 [INFO] IntegrityCheckThread:100 - exiting critical section [integrity check]
2026-04-01 17:46:31,799 [INFO] IntegrityCheckThread:103 - End integrity checks thread
2026-04-01 17:46:31,805 [INFO] WebApp:900 - Register for checkConnection events
2026-04-01 17:46:31,805 [INFO] WebApp:463 - Apply proxy settings
2026-04-01 17:46:31,805 [INFO] WebApp:548 - Chromium requires no authentication
2026-04-01 17:46:31,807 [INFO] WebApp:491 - Direct internet connection detected
2026-04-01 17:46:32,051 [INFO] WebApp:191 - Connection restablished
2026-04-01 17:46:32,081 [INFO] WebApp:225 - Starting web application
2026-04-01 17:46:32,081 [INFO] WebApp:593 - Web application path used C:\ST\STM32CubeIDE_1.19.0\STM32CubeIDE\plugins\com.st.stm32cube.common.mx_6.15.0.202507011659\db\plugins\mcufinder\reactClient1\index.html
2026-04-01 17:46:32,317 [INFO] UserAuth:487 - Internet connection configuration mode: 1
2026-04-01 19:23:53,928 [INFO] WebApp:194 - Connection lost
2026-04-01 19:23:54,125 [INFO] WebApp:191 - Connection restablished
2026-04-01 19:23:56,968 [INFO] WebApp:194 - Connection lost
2026-04-01 19:23:57,253 [INFO] WebApp:191 - Connection restablished
2026-04-01 19:24:00,175 [ERROR] LogOutputStream:75 - [STDERR_REDIRECT] 
