2026-02-27 10:46:42,670 [INFO] Activator:176 - 


2026-02-27 10:46:42,670 [INFO] Activator:177 - !SESSION log4j initialized
2026-02-27 10:46:47,517 [INFO] LogOutputStream:77 - [STDOUT_REDIRECT] 
2026-02-27 10:46:54,182 [INFO] ApplicationProperties:184 - Using Application install path: C:\ST\STM32CubeIDE_1.19.0\STM32CubeIDE\plugins\com.st.stm32cube.common.mx_6.15.0.202507011659
2026-02-27 10:46:54,199 [INFO] DbMcusXml:78 - Set database path to: C:\ST\STM32CubeIDE_1.19.0\STM32CubeIDE\plugins\com.st.stm32cube.common.mx_6.15.0.202507011659\\db\/mcu/
2026-02-27 10:46:54,199 [INFO] ApiDb:274 - Set plugin database path to: C:\ST\STM32CubeIDE_1.19.0\STM32CubeIDE\plugins\com.st.stm32cube.common.mx_6.15.0.202507011659\\db\/plugins/boardmanager/
2026-02-27 10:46:54,199 [WARN] ApiDb:259 - Overriding images path with different value:  => C:\ST\STM32CubeIDE_1.19.0\STM32CubeIDE\plugins\com.st.stm32cube.common.mx_6.15.0.202507011659\\db\/plugins/mcufinder/images/
2026-02-27 10:46:54,214 [INFO] ApiDb:250 - Set database path to: C:\Users\Usuario\.stmcufinder\plugins\mcufinder//mcu/
2026-02-27 10:46:54,215 [INFO] DbMcusAds:125 - Set database path to: C:\Users\Usuario\.stmcufinder\plugins\mcufinder//mcu/
2026-02-27 10:46:54,217 [INFO] CrossReferenceDbSqlite:203 - Set database path to: C:\Users\Usuario\.stmcufinder\plugins\mcufinder//mcu/cs/
2026-02-27 10:46:54,314 [INFO] RulesReader:64 - Compatibility file has been processed (317 Rules)
2026-02-27 10:46:54,396 [INFO] DbMcusXml:78 - Set database path to: C:\ST\STM32CubeIDE_1.19.0\STM32CubeIDE\plugins\com.st.stm32cube.common.mx_6.15.0.202507011659\\db\/mcu/
2026-02-27 10:46:54,397 [INFO] ApiDb:274 - Set plugin database path to: C:\ST\STM32CubeIDE_1.19.0\STM32CubeIDE\plugins\com.st.stm32cube.common.mx_6.15.0.202507011659\\db\/plugins/boardmanager/
2026-02-27 10:46:54,397 [INFO] ApiDb:261 - Set plugin images path to: C:\ST\STM32CubeIDE_1.19.0\STM32CubeIDE\plugins\com.st.stm32cube.common.mx_6.15.0.202507011659\\db\/plugins/mcufinder/images/
2026-02-27 10:46:54,397 [WARN] DbFile:41 - Overriding database path with different value: C:\Users\Usuario\.stmcufinder\plugins\mcufinder/ => C:\Users\Usuario\.stmcufinder\plugins\mcufinder
2026-02-27 10:46:54,397 [INFO] ApiDb:250 - Set database path to: C:\Users\Usuario\.stmcufinder\plugins\mcufinder//mcu/
2026-02-27 10:46:54,397 [WARN] DbFile:41 - Overriding database path with different value: C:\Users\Usuario\.stmcufinder\plugins\mcufinder/ => C:\Users\Usuario\.stmcufinder\plugins\mcufinder
2026-02-27 10:46:54,397 [INFO] DbMcusAds:125 - Set database path to: C:\Users\Usuario\.stmcufinder\plugins\mcufinder//mcu/
2026-02-27 10:46:54,397 [WARN] DbFile:41 - Overriding database path with different value: C:\Users\Usuario\.stmcufinder\plugins\mcufinder/ => C:\Users\Usuario\.stmcufinder\plugins\mcufinder
2026-02-27 10:46:54,397 [WARN] DbFile:41 - Overriding database path with different value: C:\Users\Usuario\.stmcufinder\plugins\mcufinder/ => C:\Users\Usuario\.stmcufinder\plugins\mcufinder
2026-02-27 10:46:54,397 [INFO] CrossReferenceDbSqlite:203 - Set database path to: C:\Users\Usuario\.stmcufinder\plugins\mcufinder//mcu/cs/
2026-02-27 10:46:54,477 [INFO] MainPanel:274 - HeapMemory: 268435456
2026-02-27 10:46:54,582 [INFO] DbMcusXml:78 - Set database path to: C:\ST\STM32CubeIDE_1.19.0\STM32CubeIDE\plugins\com.st.stm32cube.common.mx_6.15.0.202507011659\\db\/mcu/
2026-02-27 10:46:54,582 [INFO] ApiDb:274 - Set plugin database path to: C:\ST\STM32CubeIDE_1.19.0\STM32CubeIDE\plugins\com.st.stm32cube.common.mx_6.15.0.202507011659\\db\/plugins/boardmanager/
2026-02-27 10:46:54,583 [INFO] ApiDb:261 - Set plugin images path to: C:\ST\STM32CubeIDE_1.19.0\STM32CubeIDE\plugins\com.st.stm32cube.common.mx_6.15.0.202507011659\\db\/plugins/mcufinder/images/
2026-02-27 10:46:54,583 [WARN] DbFile:41 - Overriding database path with different value: C:\Users\Usuario\.stmcufinder\plugins\mcufinder/ => C:\Users\Usuario\.stmcufinder\plugins\mcufinder
2026-02-27 10:46:54,583 [INFO] ApiDb:250 - Set database path to: C:\Users\Usuario\.stmcufinder\plugins\mcufinder//mcu/
2026-02-27 10:46:54,583 [WARN] DbFile:41 - Overriding database path with different value: C:\Users\Usuario\.stmcufinder\plugins\mcufinder/ => C:\Users\Usuario\.stmcufinder\plugins\mcufinder
2026-02-27 10:46:54,583 [INFO] DbMcusAds:125 - Set database path to: C:\Users\Usuario\.stmcufinder\plugins\mcufinder//mcu/
2026-02-27 10:46:54,583 [WARN] DbFile:41 - Overriding database path with different value: C:\Users\Usuario\.stmcufinder\plugins\mcufinder/ => C:\Users\Usuario\.stmcufinder\plugins\mcufinder
2026-02-27 10:46:54,583 [WARN] DbFile:41 - Overriding database path with different value: C:\Users\Usuario\.stmcufinder\plugins\mcufinder/ => C:\Users\Usuario\.stmcufinder\plugins\mcufinder
2026-02-27 10:46:54,583 [INFO] CrossReferenceDbSqlite:203 - Set database path to: C:\Users\Usuario\.stmcufinder\plugins\mcufinder//mcu/cs/
2026-02-27 10:46:54,600 [INFO] ApplicationProperties:184 - Using Application install path: C:\ST\STM32CubeIDE_1.19.0\STM32CubeIDE\plugins\com.st.stm32cube.common.mx_6.15.0.202507011659
2026-02-27 10:46:54,601 [INFO] PluginManage:196 - Search for loadable plugins [exclusion list=, ]
2026-02-27 10:46:54,602 [INFO] PluginManage:310 - Check plugin analytics
2026-02-27 10:46:59,746 [INFO] AnalyticsPlugin:253 - Accepted Software Licenses: STM32CubeMX.6.13.0,STM32CubeMX.6.16.1
2026-02-27 10:46:59,746 [INFO] AnalyticsPlugin:255 - Accepted CMSIS Pack Licenses: 
2026-02-27 10:46:59,746 [INFO] AnalyticsPlugin:257 - Accepted Firmware Licenses: FW.F4.1.28.0
2026-02-27 10:46:59,748 [INFO] PluginManage:359 - Loaded plugin analytics (category:tool,tabindex:-1)
2026-02-27 10:46:59,748 [INFO] PluginManage:310 - Check plugin cadmodel
2026-02-27 10:46:59,755 [INFO] CADModel:105 - Init CAD model plugin
2026-02-27 10:46:59,757 [INFO] PluginManage:359 - Loaded plugin cadmodel (category:power,tabindex:5)
2026-02-27 10:46:59,757 [INFO] PluginManage:310 - Check plugin clock
2026-02-27 10:46:59,769 [INFO] PluginManage:359 - Loaded plugin clock (category:base,tabindex:2)
2026-02-27 10:46:59,769 [INFO] PluginManage:310 - Check plugin ddr
2026-02-27 10:46:59,772 [INFO] PluginManage:359 - Loaded plugin ddr (category:tool,tabindex:6)
2026-02-27 10:46:59,772 [INFO] PluginManage:310 - Check plugin filemanager
2026-02-27 10:46:59,920 [INFO] PluginManage:359 - Loaded plugin filemanager (category:base,tabindex:10)
2026-02-27 10:46:59,920 [INFO] PluginManage:310 - Check plugin ipmanager
2026-02-27 10:46:59,928 [INFO] PluginManage:359 - Loaded plugin ipmanager (category:base,tabindex:5)
2026-02-27 10:46:59,928 [INFO] PluginManage:310 - Check plugin lpbam
2026-02-27 10:46:59,937 [INFO] PluginManage:359 - Loaded plugin lpbam (category:base,tabindex:0)
2026-02-27 10:46:59,937 [INFO] PluginManage:310 - Check plugin memorymap
2026-02-27 10:46:59,956 [INFO] PluginManage:359 - Loaded plugin memorymap (category:base,tabindex:4)
2026-02-27 10:46:59,956 [INFO] PluginManage:310 - Check plugin pinoutandconfiguration
2026-02-27 10:46:59,966 [INFO] PluginManage:359 - Loaded plugin pinoutandconfiguration (category:base,tabindex:1)
2026-02-27 10:46:59,966 [INFO] PluginManage:310 - Check plugin pinoutconfig
2026-02-27 10:47:00,059 [WARN] SupportedApi:132 - Cannot load RTOS API schema: s4s-elt-must-match.1: The content of 'definitions' must match (annotation?, (simpleType | complexType)?, (unique | key | keyref)*)). A problem was found starting at: attribute.
2026-02-27 10:47:00,174 [INFO] PluginManage:359 - Loaded plugin pinoutconfig (category:base,tabindex:0)
2026-02-27 10:47:00,174 [INFO] PluginManage:310 - Check plugin power
2026-02-27 10:47:00,185 [INFO] PluginManage:359 - Loaded plugin power (category:power,tabindex:4)
2026-02-27 10:47:00,185 [INFO] PluginManage:310 - Check plugin projectmanager
2026-02-27 10:47:00,199 [INFO] PluginManage:359 - Loaded plugin projectmanager (category:projectmanager,tabindex:4)
2026-02-27 10:47:00,199 [INFO] PluginManage:310 - Check plugin rif
2026-02-27 10:47:00,211 [INFO] PluginManage:359 - Loaded plugin rif (category:base,tabindex:3)
2026-02-27 10:47:00,211 [INFO] PluginManage:310 - Check plugin thirdparty
2026-02-27 10:47:00,341 [INFO] PluginManage:359 - Loaded plugin thirdparty (category:base,tabindex:-1)
2026-02-27 10:47:00,341 [WARN] IntegrityCheckThread:84 - waiting for thirdparty lock release [integrity check]
2026-02-27 10:47:00,342 [INFO] PluginManage:310 - Check plugin tools
2026-02-27 10:47:00,342 [INFO] IntegrityCheckThread:86 - entering critical section [integrity check]
2026-02-27 10:47:00,342 [INFO] ThirdPartyUpdaterWithRetryManager:70 - Updater plugin not ready yet. [1/15]
2026-02-27 10:47:00,346 [INFO] PluginManage:359 - Loaded plugin tools (category:base,tabindex:7)
2026-02-27 10:47:00,346 [INFO] PluginManage:310 - Check plugin tutovideos
2026-02-27 10:47:00,515 [INFO] PluginManage:359 - Loaded plugin tutovideos (category:base,tabindex:-1)
2026-02-27 10:47:00,515 [INFO] PluginManage:310 - Check plugin updater
2026-02-27 10:47:00,533 [INFO] PluginManage:359 - Loaded plugin updater (category:base,tabindex:12)
2026-02-27 10:47:00,533 [INFO] PluginManage:310 - Check plugin userauth
2026-02-27 10:47:00,537 [INFO] UserAuth:118 - Init User Auth plugin
2026-02-27 10:47:00,538 [INFO] PluginManage:359 - Loaded plugin userauth (category:base,tabindex:14)
2026-02-27 10:47:00,538 [INFO] PluginManage:283 - PluginManage : Loaded plugins [18]
2026-02-27 10:47:00,733 [INFO] PinOutPanel:1589 - setPackage(No Configuration,No Configuration)
2026-02-27 10:47:00,825 [INFO] CADModel:165 - CPN selected for project level
2026-02-27 10:47:00,825 [INFO] CADModel:114 - Register for checkConnection events
2026-02-27 10:47:00,845 [INFO] IPUIPlugin:80 - create IPUIPlugin
2026-02-27 10:47:00,845 [INFO] PluginManager:220 - loadIPPluginJar : add adc
2026-02-27 10:47:00,848 [INFO] IPUIPlugin:80 - create IPUIPlugin
2026-02-27 10:47:00,850 [INFO] PluginManager:220 - loadIPPluginJar : add aes
2026-02-27 10:47:00,854 [INFO] IPUIPlugin:80 - create IPUIPlugin
2026-02-27 10:47:00,854 [INFO] PluginManager:220 - loadIPPluginJar : add can
2026-02-27 10:47:00,857 [INFO] IPUIPlugin:80 - create IPUIPlugin
2026-02-27 10:47:00,859 [INFO] PluginManager:220 - loadIPPluginJar : add comp
2026-02-27 10:47:00,863 [INFO] IPUIPlugin:80 - create IPUIPlugin
2026-02-27 10:47:00,863 [INFO] PluginManager:220 - loadIPPluginJar : add cryp
2026-02-27 10:47:00,871 [INFO] IPUIPlugin:80 - create IPUIPlugin
2026-02-27 10:47:00,871 [INFO] PluginManager:220 - loadIPPluginJar : add ddr_ctrl_phy
2026-02-27 10:47:00,876 [INFO] IPUIPlugin:80 - create IPUIPlugin
2026-02-27 10:47:00,876 [INFO] PluginManager:220 - loadIPPluginJar : add dfsdm
2026-02-27 10:47:00,883 [INFO] IPUIPlugin:80 - create IPUIPlugin
2026-02-27 10:47:00,884 [INFO] PluginManager:220 - loadIPPluginJar : add dma
2026-02-27 10:47:00,889 [INFO] IPUIPlugin:80 - create IPUIPlugin
2026-02-27 10:47:00,889 [INFO] PluginManager:220 - loadIPPluginJar : add dma3
2026-02-27 10:47:00,894 [INFO] IPUIPlugin:80 - create IPUIPlugin
2026-02-27 10:47:00,894 [INFO] PluginManager:220 - loadIPPluginJar : add extmemmanager
2026-02-27 10:47:00,899 [INFO] IPUIPlugin:80 - create IPUIPlugin
2026-02-27 10:47:00,899 [INFO] PluginManager:220 - loadIPPluginJar : add fatfs
2026-02-27 10:47:00,906 [INFO] IPUIPlugin:80 - create IPUIPlugin
2026-02-27 10:47:00,906 [INFO] PluginManager:220 - loadIPPluginJar : add fmc
2026-02-27 10:47:00,915 [INFO] IPUIPlugin:80 - create IPUIPlugin
2026-02-27 10:47:00,915 [INFO] PluginManager:220 - loadIPPluginJar : add freertos
2026-02-27 10:47:00,919 [INFO] IPUIPlugin:80 - create IPUIPlugin
2026-02-27 10:47:00,919 [INFO] PluginManager:220 - loadIPPluginJar : add genericplugin
2026-02-27 10:47:00,923 [INFO] IPUIPlugin:80 - create IPUIPlugin
2026-02-27 10:47:00,923 [INFO] PluginManager:220 - loadIPPluginJar : add gfxmmu
2026-02-27 10:47:00,929 [INFO] IPUIPlugin:80 - create IPUIPlugin
2026-02-27 10:47:00,930 [INFO] PluginManager:220 - loadIPPluginJar : add gic
2026-02-27 10:47:00,936 [INFO] IPUIPlugin:80 - create IPUIPlugin
2026-02-27 10:47:00,937 [INFO] PluginManager:220 - loadIPPluginJar : add gpio
2026-02-27 10:47:00,943 [INFO] IPUIPlugin:80 - create IPUIPlugin
2026-02-27 10:47:00,943 [INFO] PluginManager:220 - loadIPPluginJar : add gtzc
2026-02-27 10:47:00,948 [INFO] IPUIPlugin:80 - create IPUIPlugin
2026-02-27 10:47:00,948 [INFO] PluginManager:220 - loadIPPluginJar : add hash
2026-02-27 10:47:00,953 [INFO] IPUIPlugin:80 - create IPUIPlugin
2026-02-27 10:47:00,953 [INFO] PluginManager:220 - loadIPPluginJar : add i2c
2026-02-27 10:47:00,958 [INFO] IPUIPlugin:80 - create IPUIPlugin
2026-02-27 10:47:00,958 [INFO] PluginManager:220 - loadIPPluginJar : add i2s
2026-02-27 10:47:00,963 [INFO] IPUIPlugin:80 - create IPUIPlugin
2026-02-27 10:47:00,964 [INFO] PluginManager:220 - loadIPPluginJar : add i3c
2026-02-27 10:47:00,969 [INFO] IPUIPlugin:80 - create IPUIPlugin
2026-02-27 10:47:00,969 [INFO] PluginManager:220 - loadIPPluginJar : add ipddr
2026-02-27 10:47:00,979 [INFO] IPUIPlugin:80 - create IPUIPlugin
2026-02-27 10:47:00,979 [INFO] PluginManager:220 - loadIPPluginJar : add linkedlist
2026-02-27 10:47:00,984 [INFO] IPUIPlugin:80 - create IPUIPlugin
2026-02-27 10:47:00,984 [INFO] PluginManager:220 - loadIPPluginJar : add lorawan
2026-02-27 10:47:00,988 [INFO] IPUIPlugin:80 - create IPUIPlugin
2026-02-27 10:47:00,988 [INFO] PluginManager:220 - loadIPPluginJar : add ltdc
2026-02-27 10:47:00,997 [INFO] IPUIPlugin:80 - create IPUIPlugin
2026-02-27 10:47:00,997 [INFO] PluginManager:220 - loadIPPluginJar : add mdma
2026-02-27 10:47:01,003 [INFO] IPUIPlugin:80 - create IPUIPlugin
2026-02-27 10:47:01,004 [INFO] PluginManager:220 - loadIPPluginJar : add nvic
2026-02-27 10:47:01,011 [INFO] IPUIPlugin:80 - create IPUIPlugin
2026-02-27 10:47:01,011 [INFO] PluginManager:220 - loadIPPluginJar : add opamp
2026-02-27 10:47:01,017 [INFO] IPUIPlugin:80 - create IPUIPlugin
2026-02-27 10:47:01,018 [INFO] PluginManager:220 - loadIPPluginJar : add openamp
2026-02-27 10:47:01,024 [INFO] IPUIPlugin:80 - create IPUIPlugin
2026-02-27 10:47:01,025 [INFO] PluginManager:220 - loadIPPluginJar : add pdm2pcm
2026-02-27 10:47:01,035 [INFO] IPUIPlugin:80 - create IPUIPlugin
2026-02-27 10:47:01,037 [INFO] PluginManager:220 - loadIPPluginJar : add plateformsettings
2026-02-27 10:47:01,042 [INFO] IPUIPlugin:80 - create IPUIPlugin
2026-02-27 10:47:01,042 [INFO] PluginManager:220 - loadIPPluginJar : add quadspi
2026-02-27 10:47:01,046 [INFO] IPUIPlugin:80 - create IPUIPlugin
2026-02-27 10:47:01,047 [INFO] PluginManager:220 - loadIPPluginJar : add radio
2026-02-27 10:47:01,056 [INFO] IPUIPlugin:80 - create IPUIPlugin
2026-02-27 10:47:01,056 [INFO] PluginManager:220 - loadIPPluginJar : add resmgrutility
2026-02-27 10:47:01,063 [INFO] IPUIPlugin:80 - create IPUIPlugin
2026-02-27 10:47:01,064 [INFO] PluginManager:220 - loadIPPluginJar : add sai
2026-02-27 10:47:01,069 [INFO] IPUIPlugin:80 - create IPUIPlugin
2026-02-27 10:47:01,069 [INFO] PluginManager:220 - loadIPPluginJar : add spi
2026-02-27 10:47:01,078 [INFO] IPUIPlugin:80 - create IPUIPlugin
2026-02-27 10:47:01,078 [INFO] PluginManager:220 - loadIPPluginJar : add stm32_wpan
2026-02-27 10:47:01,084 [INFO] IPUIPlugin:80 - create IPUIPlugin
2026-02-27 10:47:01,084 [INFO] PluginManager:220 - loadIPPluginJar : add tim
2026-02-27 10:47:01,090 [INFO] IPUIPlugin:80 - create IPUIPlugin
2026-02-27 10:47:01,090 [INFO] PluginManager:220 - loadIPPluginJar : add touchsensing
2026-02-27 10:47:01,095 [INFO] IPUIPlugin:80 - create IPUIPlugin
2026-02-27 10:47:01,095 [INFO] PluginManager:220 - loadIPPluginJar : add tracer_emb
2026-02-27 10:47:01,100 [INFO] IPUIPlugin:80 - create IPUIPlugin
2026-02-27 10:47:01,100 [INFO] PluginManager:220 - loadIPPluginJar : add ts
2026-02-27 10:47:01,105 [INFO] IPUIPlugin:80 - create IPUIPlugin
2026-02-27 10:47:01,105 [INFO] PluginManager:220 - loadIPPluginJar : add tsc
2026-02-27 10:47:01,111 [INFO] IPUIPlugin:80 - create IPUIPlugin
2026-02-27 10:47:01,111 [INFO] PluginManager:220 - loadIPPluginJar : add ucpd
2026-02-27 10:47:01,117 [INFO] IPUIPlugin:80 - create IPUIPlugin
2026-02-27 10:47:01,117 [INFO] PluginManager:220 - loadIPPluginJar : add usart
2026-02-27 10:47:01,123 [INFO] IPUIPlugin:80 - create IPUIPlugin
2026-02-27 10:47:01,123 [INFO] PluginManager:220 - loadIPPluginJar : add usbx
2026-02-27 10:47:01,255 [FATAL] Updater:351 - Updater called before beeing initialized
2026-02-27 10:47:01,283 [INFO] RulesReader:64 - Compatibility file has been processed (317 Rules)
2026-02-27 10:47:01,291 [INFO] RulesReader:64 - Compatibility file has been processed (317 Rules)
2026-02-27 10:47:01,298 [INFO] CADModel:165 - CPN selected for project level
2026-02-27 10:47:01,298 [INFO] CADModel:114 - Register for checkConnection events
2026-02-27 10:47:01,298 [FATAL] Updater:351 - Updater called before beeing initialized
2026-02-27 10:47:01,298 [ERROR] CADModel:125 - Updater not yet initialized, retry later 
2026-02-27 10:47:01,430 [FATAL] Updater:351 - Updater called before beeing initialized
2026-02-27 10:47:01,432 [INFO] CADModel:165 - CPN selected for project level
2026-02-27 10:47:01,432 [INFO] CADModel:114 - Register for checkConnection events
2026-02-27 10:47:01,432 [FATAL] Updater:351 - Updater called before beeing initialized
2026-02-27 10:47:01,432 [ERROR] CADModel:125 - Updater not yet initialized, retry later 
2026-02-27 10:47:01,435 [FATAL] Updater:351 - Updater called before beeing initialized
2026-02-27 10:47:01,535 [FATAL] Updater:351 - Updater called before beeing initialized
2026-02-27 10:47:01,540 [INFO] DbMcusAds:53 - JSON generation date=Thu Jan 08 16:56:32 CET 2026 (1767887792457)
2026-02-27 10:47:01,540 [FATAL] Updater:351 - Updater called before beeing initialized
2026-02-27 10:47:01,609 [WARN] DetailPanel:346 - Failed to get advertising image, set to default
2026-02-27 10:47:01,696 [FATAL] Updater:351 - Updater called before beeing initialized
2026-02-27 10:47:01,698 [FATAL] Updater:351 - Updater called before beeing initialized
2026-02-27 10:47:01,698 [FATAL] Updater:351 - Updater called before beeing initialized
2026-02-27 10:47:01,698 [WARN] DetailPanel:346 - Failed to get advertising image, set to default
2026-02-27 10:47:01,699 [FATAL] Updater:351 - Updater called before beeing initialized
2026-02-27 10:47:01,760 [ERROR] Updater:1198 - MainUpdater not yet initialized. External WinMGr cannot be set.
2026-02-27 10:47:01,764 [INFO] Updater:1134 - Updater Version found : 6.15.0
2026-02-27 10:47:01,781 [INFO] ApplicationProperties:184 - Using Application install path: C:\ST\STM32CubeIDE_1.19.0\STM32CubeIDE\plugins\com.st.stm32cube.common.mx_6.15.0.202507011659
2026-02-27 10:47:02,031 [INFO] MainUpdater:2872 - connection check result : 10
2026-02-27 10:47:02,031 [INFO] MainUpdater:3604 - Updater definition file requires update
2026-02-27 10:47:02,033 [INFO] MainUpdater:289 - Updater Check For Update Now.
2026-02-27 10:47:02,033 [INFO] MicroXplorer:498 - Change Database Version : DB.6.0.150
2026-02-27 10:47:02,045 [INFO] McuFinderGlobals:63 - Set McuFinder mode to 2 (CubeIDE integrated)
2026-02-27 10:47:02,046 [INFO] UserAuth:487 - Internet connection configuration mode: 1
2026-02-27 10:47:02,051 [INFO] ServerAccessManage:452 - Complete download http(s) 200
2026-02-27 10:47:02,052 [INFO] ServerAccessManage:509 - Download File updaters.zip
2026-02-27 10:47:02,074 [INFO] JxBrowserEngine:152 - Initiate JxBrowser Engine with user profile folder
2026-02-27 10:47:02,112 [INFO] FileExtend:248 - Unzip File : updaters.zip
2026-02-27 10:47:02,112 [INFO] FileExtend:263 - Standard Zip Deflate
2026-02-27 10:47:02,484 [INFO] ServerAccessManage:452 - Complete download http(s) 200
2026-02-27 10:47:02,484 [INFO] ServerAccessManage:509 - Download File PacksControlFlags.xml
2026-02-27 10:47:02,540 [INFO] ServerAccessManage:452 - Complete download http(s) 200
2026-02-27 10:47:02,540 [INFO] ServerAccessManage:509 - Download File cubemx.pidx
2026-02-27 10:47:03,012 [INFO] ServerAccessManage:452 - Complete download http(s) 200
2026-02-27 10:47:03,013 [INFO] ServerAccessManage:509 - Download File STMicroelectronics.FP-SNS-MOTENVWB1.pdsc
2026-02-27 10:47:03,343 [WARN] MainUpdater:1193 - Updater busy. Cannot search thirdparties
2026-02-27 10:47:03,343 [INFO] ThirdPartyUpdaterWithRetryManager:96 - Updater plugin is busy. [1/15]
2026-02-27 10:47:03,521 [INFO] WebApp:169 - Instantiating new browser for Auth
2026-02-27 10:47:04,254 [INFO] ServerAccessManage:452 - Complete download http(s) 200
2026-02-27 10:47:04,255 [INFO] ServerAccessManage:509 - Download File STMicroelectronics.X-CUBE-NFC6.pdsc
2026-02-27 10:47:04,621 [INFO] ServerAccessManage:452 - Complete download http(s) 200
2026-02-27 10:47:04,621 [INFO] ServerAccessManage:509 - Download File STMicroelectronics.X-CUBE-STSE01.pdsc
2026-02-27 10:47:04,811 [INFO] WebApp:463 - Apply proxy settings
2026-02-27 10:47:04,811 [INFO] WebApp:548 - Chromium requires no authentication
2026-02-27 10:47:04,823 [INFO] WebApp:491 - Direct internet connection detected
2026-02-27 10:47:04,853 [INFO] WebApp:900 - Register for checkConnection events
2026-02-27 10:47:04,854 [INFO] WebApp:463 - Apply proxy settings
2026-02-27 10:47:04,854 [INFO] WebApp:548 - Chromium requires no authentication
2026-02-27 10:47:04,854 [INFO] WebApp:491 - Direct internet connection detected
2026-02-27 10:47:05,031 [INFO] WebApp:225 - Starting web application
2026-02-27 10:47:05,032 [INFO] WebApp:593 - Web application path used C:\ST\STM32CubeIDE_1.19.0\STM32CubeIDE\plugins\com.st.stm32cube.common.mx_6.15.0.202507011659\db\plugins\mcufinder\reactClient1\index.html
2026-02-27 10:47:05,214 [INFO] UserAuth:487 - Internet connection configuration mode: 1
2026-02-27 10:47:05,395 [WARN] PackLoader:240 - Cannot read IP mode file for STMicroelectronics.FP-SNS-MOTENVWB1.1.5.0
2026-02-27 10:47:05,423 [WARN] PackLoader:240 - Cannot read IP mode file for STMicroelectronics.X-CUBE-NFC6.3.2.0
2026-02-27 10:47:05,504 [WARN] PackLoader:240 - Cannot read IP mode file for STMicroelectronics.X-CUBE-STSE01.2.0.0
2026-02-27 10:47:05,509 [INFO] PopulateThirdPartyThread:66 - Ending populate Thread
2026-02-27 10:47:05,511 [INFO] ThirdParty:1030 - CMSIS Pack Vendor :STMicroelectronics FP-SNS-MOTENVWB1 1.5.0
2026-02-27 10:47:05,511 [INFO] ThirdParty:1030 - CMSIS Pack Vendor :STMicroelectronics X-CUBE-STSE01 2.0.0
2026-02-27 10:47:05,512 [INFO] ThirdParty:1030 - CMSIS Pack Vendor :STMicroelectronics X-CUBE-NFC6 3.2.0
2026-02-27 10:47:05,512 [INFO] LoadServerUpdatesThread:375 - End of LoadServerUpdate Thread
2026-02-27 10:47:05,590 [INFO] WebApp:191 - Connection restablished
2026-02-27 10:47:05,613 [INFO] CheckServerUpdateThread:120 - End of CheckServer Thread
2026-02-27 10:47:06,604 [WARN] PackLoader:240 - Cannot read IP mode file for STMicroelectronics.FP-SNS-MOTENVWB1.1.4.0
2026-02-27 10:47:06,608 [WARN] PackLoader:240 - Cannot read IP mode file for STMicroelectronics.FP-ATR-ASTRA1.2.0.2
2026-02-27 10:47:06,614 [WARN] PackLoader:240 - Cannot read IP mode file for STMicroelectronics.FP-ATR-ASTRA1.2.0.1
2026-02-27 10:47:06,620 [WARN] PackLoader:240 - Cannot read IP mode file for STMicroelectronics.X-CUBE-SMBUS.2.1.0
2026-02-27 10:47:06,625 [WARN] PackLoader:240 - Cannot read IP mode file for STMicroelectronics.X-CUBE-WB05N.1.1.0
2026-02-27 10:47:06,633 [WARN] PackLoader:240 - Cannot read IP mode file for STMicroelectronics.X-CUBE-ST60.1.0.0
2026-02-27 10:47:06,662 [WARN] PackLoader:240 - Cannot read IP mode file for STMicroelectronics.X-CUBE-AZRTOS-F7.1.1.0
2026-02-27 10:47:06,671 [WARN] PackLoader:240 - Cannot read IP mode file for Cesanta.I-CUBE-Mongoose.7.19.0
2026-02-27 10:47:06,678 [WARN] PackLoader:240 - Cannot read IP mode file for STMicroelectronics.FP-SNS-MOTENV1.5.1.0
2026-02-27 10:47:06,686 [WARN] PackLoader:240 - Cannot read IP mode file for WES.I-CUBE-Cesium.1.4.0
2026-02-27 10:47:06,691 [WARN] PackLoader:240 - Cannot read IP mode file for STMicroelectronics.FP-SNS-FLIGHT1.5.0.2
2026-02-27 10:47:06,714 [WARN] PackLoader:240 - Cannot read IP mode file for Infineon.AIROC-Wi-Fi-Bluetooth-STM32.1.7.0
2026-02-27 10:47:06,732 [WARN] PackLoader:240 - Cannot read IP mode file for Infineon.AIROC-Wi-Fi-Bluetooth-STM32.1.7.1
2026-02-27 10:47:06,753 [WARN] PackLoader:240 - Cannot read IP mode file for STMicroelectronics.X-CUBE-AZRTOS-H7.3.4.0
2026-02-27 10:47:06,765 [WARN] PackLoader:240 - Cannot read IP mode file for STMicroelectronics.X-CUBE-DISPLAY.3.0.0
2026-02-27 10:47:06,772 [WARN] PackLoader:240 - Cannot read IP mode file for STMicroelectronics.FP-SNS-MOTENVWB1.1.5.0
2026-02-27 10:47:06,781 [WARN] PackLoader:240 - Cannot read IP mode file for STMicroelectronics.X-CUBE-BLE1.7.0.0
2026-02-27 10:47:06,786 [WARN] PackLoader:240 - Cannot read IP mode file for STMicroelectronics.X-CUBE-NFC10.1.0.0
2026-02-27 10:47:06,797 [WARN] PackLoader:240 - Cannot read IP mode file for STMicroelectronics.X-CUBE-BLEMGR.4.0.0
2026-02-27 10:47:06,803 [WARN] PackLoader:240 - Cannot read IP mode file for STMicroelectronics.X-CUBE-ST60.1.1.0
2026-02-27 10:47:06,811 [WARN] PackLoader:240 - Cannot read IP mode file for emotas.I-CUBE-CANOPEN.1.3.0
2026-02-27 10:47:06,819 [WARN] PackLoader:240 - Cannot read IP mode file for STMicroelectronics.X-CUBE-GNSS1.7.1.0
2026-02-27 10:47:06,825 [WARN] PackLoader:240 - Cannot read IP mode file for STMicroelectronics.FP-SNS-STBOX1.2.1.0
2026-02-27 10:47:06,833 [WARN] PackLoader:240 - Cannot read IP mode file for STMicroelectronics.FP-SNS-SMARTAG2.1.2.0
2026-02-27 10:47:06,838 [WARN] PackLoader:240 - Cannot read IP mode file for STMicroelectronics.FP-SNS-FLIGHT1.5.1.0
2026-02-27 10:47:06,870 [WARN] PackLoader:240 - Cannot read IP mode file for STMicroelectronics.X-CUBE-MEMS1.11.1.0
2026-02-27 10:47:06,964 [INFO] LogOutputStream:77 - [STDOUT_REDIRECT] 1 : Invalid condition id : UX_CORESTACK_Condition cause : null
2026-02-27 10:47:06,965 [INFO] LogOutputStream:77 - [STDOUT_REDIRECT] 1 : Invalid condition id : UX_CORESTACK_Condition cause : null
2026-02-27 10:47:06,966 [INFO] LogOutputStream:77 - [STDOUT_REDIRECT] 1 : Invalid condition id : UX_CORESTACK_Condition cause : null
2026-02-27 10:47:06,966 [INFO] LogOutputStream:77 - [STDOUT_REDIRECT] 1 : Invalid condition id : UX_CORESTACK_Condition cause : null
2026-02-27 10:47:06,967 [INFO] LogOutputStream:77 - [STDOUT_REDIRECT] 1 : Invalid condition id : UX_CORESTACK_Condition cause : null
2026-02-27 10:47:06,968 [WARN] PackLoader:240 - Cannot read IP mode file for STMicroelectronics.X-CUBE-AZRTOS-WL.2.0.0
2026-02-27 10:47:06,972 [WARN] PackLoader:240 - Cannot read IP mode file for STMicroelectronics.FP-SNS-MOTENV1.5.0.0
2026-02-27 10:47:06,987 [WARN] PackLoader:240 - Cannot read IP mode file for STMicroelectronics.X-CUBE-AZRTOS-H7RS.1.2.0
2026-02-27 10:47:06,993 [WARN] PackLoader:240 - Cannot read IP mode file for wolfSSL.I-CUBE-wolfMQTT.1.19.0
2026-02-27 10:47:06,999 [WARN] PackLoader:240 - Cannot read IP mode file for WES.I-CUBE-Cesium.1.3.0
2026-02-27 10:47:07,003 [WARN] PackLoader:240 - Cannot read IP mode file for STMicroelectronics.X-CUBE-BLE2.3.3.0
2026-02-27 10:47:07,026 [WARN] PackLoader:240 - Cannot read IP mode file for STMicroelectronics.X-CUBE-NFC9.1.0.0
2026-02-27 10:47:07,034 [WARN] PackLoader:240 - Cannot read IP mode file for wolfSSL.I-CUBE-wolfSSL.5.8.2
2026-02-27 10:47:07,038 [WARN] PackLoader:240 - Cannot read IP mode file for STMicroelectronics.X-CUBE-BLE1.7.1.0
2026-02-27 10:47:07,045 [WARN] PackLoader:240 - Cannot read IP mode file for wolfSSL.I-CUBE-wolfMQTT.1.19.2
2026-02-27 10:47:07,051 [WARN] PackLoader:240 - Cannot read IP mode file for STMicroelectronics.X-CUBE-FREERTOS.1.4.0
2026-02-27 10:47:07,059 [WARN] PackLoader:240 - Cannot read IP mode file for STMicroelectronics.X-CUBE-EEPRMA1.5.2.0
2026-02-27 10:47:07,067 [WARN] PackLoader:240 - Cannot read IP mode file for STMicroelectronics.X-CUBE-ST67W61.1.1.0
2026-02-27 10:47:07,105 [WARN] PackLoader:240 - Cannot read IP mode file for STMicroelectronics.X-CUBE-MEMS1.12.0.0
2026-02-27 10:47:07,182 [WARN] PackLoader:240 - Cannot read IP mode file for STMicroelectronics.X-CUBE-AZRTOS-G0.1.1.0
2026-02-27 10:47:07,190 [WARN] PackLoader:240 - Cannot read IP mode file for STMicroelectronics.X-CUBE-SAFEA1.1.2.2
2026-02-27 10:47:07,197 [WARN] PackLoader:240 - Cannot read IP mode file for STMicroelectronics.X-CUBE-NFC4.3.0.0
2026-02-27 10:47:07,206 [WARN] PackLoader:240 - Cannot read IP mode file for EmbeddedOffice.I-CUBE-FS-RTOS.1.0.1
2026-02-27 10:47:07,214 [WARN] PackLoader:240 - Cannot read IP mode file for STMicroelectronics.X-CUBE-WB05N.2.0.0
2026-02-27 10:47:07,220 [WARN] PackLoader:240 - Cannot read IP mode file for wolfSSL.I-CUBE-wolfTPM.3.8.0
2026-02-27 10:47:07,229 [WARN] PackLoader:240 - Cannot read IP mode file for STMicroelectronics.X-CUBE-TCPP.4.2.0
2026-02-27 10:47:07,237 [WARN] PackLoader:240 - Cannot read IP mode file for RealThread.X-CUBE-RT-Thread_Nano.4.1.1
2026-02-27 10:47:07,242 [WARN] PackLoader:240 - Cannot read IP mode file for STMicroelectronics.FP-ATR-SIGFOX1.3.2.0
2026-02-27 10:47:07,250 [WARN] ConditionMgr:438 - getConditionDescription Invalid condition id : Cortex-A Device cause : null
2026-02-27 10:47:07,258 [WARN] ConditionMgr:1044 - genDependencies : Invalid condition id : Cortex-A Device cause : null
2026-02-27 10:47:07,258 [WARN] ConditionMgr:1044 - genDependencies : Invalid condition id : Cortex-A Device cause : null
2026-02-27 10:47:07,259 [WARN] ConditionMgr:1044 - genDependencies : Invalid condition id : Cortex-A Device cause : null
2026-02-27 10:47:07,266 [WARN] PackLoader:240 - Cannot read IP mode file for STMicroelectronics.X-CUBE-EEPRMA1.5.1.0
2026-02-27 10:47:07,273 [WARN] PackLoader:240 - Cannot read IP mode file for wolfSSL.I-CUBE-wolfSSL.5.7.4
2026-02-27 10:47:07,283 [WARN] PackLoader:240 - Cannot read IP mode file for ITTIA_DB.I-CUBE-ITTIADB.8.9.0
2026-02-27 10:47:07,289 [WARN] PackLoader:240 - Cannot read IP mode file for STMicroelectronics.X-CUBE-NFC6.3.2.0
2026-02-27 10:47:07,299 [WARN] PackLoader:240 - Cannot read IP mode file for STMicroelectronics.X-CUBE-ST67W61.1.0.0
2026-02-27 10:47:07,306 [WARN] PackLoader:240 - Cannot read IP mode file for STMicroelectronics.X-CUBE-AI.10.2.0
2026-02-27 10:47:07,334 [WARN] PackLoader:240 - Cannot read IP mode file for SEGGER.I-CUBE-embOS.1.3.1
2026-02-27 10:47:07,370 [WARN] PackLoader:240 - Cannot read IP mode file for STMicroelectronics.X-CUBE-ALGOBUILD.1.4.0
2026-02-27 10:47:07,408 [WARN] PackLoader:240 - Cannot read IP mode file for STMicroelectronics.X-CUBE-MEMS1.11.3.0
2026-02-27 10:47:07,541 [WARN] PackLoader:240 - Cannot read IP mode file for STMicroelectronics.X-CUBE-AI.9.1.0
2026-02-27 10:47:07,551 [WARN] PackLoader:240 - Cannot read IP mode file for STMicroelectronics.X-CUBE-PM33A1.1.0.0
2026-02-27 10:47:07,568 [WARN] PackLoader:240 - Cannot read IP mode file for STMicroelectronics.X-CUBE-AZRTOS-F4.1.1.0
2026-02-27 10:47:07,696 [WARN] PackLoader:240 - Cannot read IP mode file for Avnet-IotConnect.X-CUBE-IoTC-DA16k-PMOD.1.0.0
2026-02-27 10:47:07,707 [WARN] PackLoader:240 - Cannot read IP mode file for STMicroelectronics.X-CUBE-ISPU.2.1.0
2026-02-27 10:47:07,726 [WARN] PackLoader:240 - Cannot read IP mode file for STMicroelectronics.X-CUBE-IPS.3.2.0
2026-02-27 10:47:07,752 [WARN] PackLoader:240 - Cannot read IP mode file for STMicroelectronics.X-CUBE-NFC12.1.0.0
2026-02-27 10:47:07,773 [WARN] PackLoader:240 - Cannot read IP mode file for STMicroelectronics.X-CUBE-AZRTOS-L5.2.0.0
2026-02-27 10:47:07,786 [WARN] PackLoader:240 - Cannot read IP mode file for STMicroelectronics.X-CUBE-NFC6.3.1.0
2026-02-27 10:47:07,799 [WARN] PackLoader:240 - Cannot read IP mode file for STMicroelectronics.X-CUBE-DPower.1.2.0
2026-02-27 10:47:07,806 [WARN] PackLoader:240 - Cannot read IP mode file for STMicroelectronics.X-CUBE-FREERTOS.1.3.1
2026-02-27 10:47:07,815 [WARN] PackLoader:240 - Cannot read IP mode file for STMicroelectronics.X-CUBE-FREERTOS.1.3.0
2026-02-27 10:47:07,821 [WARN] PackLoader:240 - Cannot read IP mode file for STMicroelectronics.X-CUBE-NFC7.1.0.1
2026-02-27 10:47:07,833 [WARN] PackLoader:240 - Cannot read IP mode file for STMicroelectronics.X-CUBE-TOUCHGFX.4.26.0
2026-02-27 10:47:07,840 [WARN] PackLoader:240 - Cannot read IP mode file for STMicroelectronics.FP-SNS-STAIOTCFT.1.0.0
2026-02-27 10:47:07,847 [WARN] PackLoader:240 - Cannot read IP mode file for STMicroelectronics.X-CUBE-DPower.1.3.0
2026-02-27 10:47:07,864 [WARN] ConditionMgr:438 - getConditionDescription Invalid condition id : LAN8742 Phy interface Condition cause : null
2026-02-27 10:47:07,864 [WARN] PackLoader:240 - Cannot read IP mode file for STMicroelectronics.X-CUBE-AZRTOS-L4.2.0.0
2026-02-27 10:47:07,865 [WARN] ConditionMgr:1044 - genDependencies : Invalid condition id : LAN8742 Phy interface Condition cause : null
2026-02-27 10:47:07,865 [WARN] ConditionMgr:1044 - genDependencies : Invalid condition id : LAN8742 Phy interface Condition cause : null
2026-02-27 10:47:07,867 [WARN] ConditionMgr:1044 - genDependencies : Invalid condition id : LAN8742 Phy interface Condition cause : null
2026-02-27 10:47:07,874 [WARN] PackLoader:240 - Cannot read IP mode file for STMicroelectronics.X-CUBE-SFXS2LP1.4.0.0
2026-02-27 10:47:07,881 [WARN] PackLoader:240 - Cannot read IP mode file for STMicroelectronics.X-CUBE-ST67W61.1.2.0
2026-02-27 10:47:07,898 [WARN] PackLoader:240 - Cannot read IP mode file for STMicroelectronics.X-CUBE-AZRTOS-H7.3.3.0
2026-02-27 10:47:07,909 [WARN] PackLoader:240 - Cannot read IP mode file for STMicroelectronics.X-CUBE-BLEMGR.4.1.0
2026-02-27 10:47:07,922 [WARN] PackLoader:240 - Cannot read IP mode file for STMicroelectronics.X-CUBE-IPS.3.0.0
2026-02-27 10:47:07,935 [WARN] ConditionMgr:438 - getConditionDescription Invalid condition id : UX DEVICE CLASS RTOS Condition cause : null
2026-02-27 10:47:07,935 [WARN] ConditionMgr:438 - getConditionDescription Invalid condition id : UX DEVICE CLASS RTOS Condition cause : null
2026-02-27 10:47:07,936 [WARN] PackLoader:240 - Cannot read IP mode file for STMicroelectronics.X-CUBE-AZRTOS-WB.2.0.0
2026-02-27 10:47:07,936 [WARN] ConditionMgr:1044 - genDependencies : Invalid condition id : UX DEVICE CLASS RTOS Condition cause : null
2026-02-27 10:47:07,936 [WARN] ConditionMgr:1044 - genDependencies : Invalid condition id : UX DEVICE CLASS RTOS Condition cause : null
2026-02-27 10:47:07,937 [WARN] ConditionMgr:1044 - genDependencies : Invalid condition id : UX DEVICE CLASS RTOS Condition cause : null
2026-02-27 10:47:07,937 [WARN] ConditionMgr:1044 - genDependencies : Invalid condition id : UX DEVICE CLASS RTOS Condition cause : null
2026-02-27 10:47:07,937 [WARN] ConditionMgr:1044 - genDependencies : Invalid condition id : UX DEVICE CLASS RTOS Condition cause : null
2026-02-27 10:47:07,941 [WARN] PackLoader:240 - Cannot read IP mode file for STMicroelectronics.X-CUBE-GNSS1.7.0.1
2026-02-27 10:47:07,948 [WARN] PackLoader:240 - Cannot read IP mode file for STMicroelectronics.X-CUBE-TOUCHGFX.4.25.0
2026-02-27 10:47:07,953 [WARN] PackLoader:240 - Cannot read IP mode file for STMicroelectronics.FP-SNS-STBOX1.2.0.0
2026-02-27 10:47:07,958 [WARN] ConditionMgr:438 - getConditionDescription Invalid condition id : Cortex-A Device cause : null
2026-02-27 10:47:07,967 [WARN] ConditionMgr:1044 - genDependencies : Invalid condition id : Cortex-A Device cause : null
2026-02-27 10:47:07,968 [WARN] ConditionMgr:1044 - genDependencies : Invalid condition id : Cortex-A Device cause : null
2026-02-27 10:47:07,968 [WARN] ConditionMgr:1044 - genDependencies : Invalid condition id : Cortex-A Device cause : null
2026-02-27 10:47:07,974 [WARN] PackLoader:240 - Cannot read IP mode file for STMicroelectronics.X-CUBE-STSE01.2.0.0
2026-02-27 10:47:07,985 [WARN] PackLoader:240 - Cannot read IP mode file for STMicroelectronics.X-CUBE-SUBG2.5.0.0
2026-02-27 10:47:08,002 [WARN] PackLoader:240 - Cannot read IP mode file for STMicroelectronics.X-CUBE-AZRTOS-H7RS.1.1.0
2026-02-27 10:47:08,006 [WARN] PackLoader:240 - Cannot read IP mode file for Cesanta.I-CUBE-Mongoose.7.13.0
2026-02-27 10:47:08,018 [WARN] PackLoader:240 - Cannot read IP mode file for STMicroelectronics.X-CUBE-AZRTOS-G4.2.0.0
2026-02-27 10:47:08,024 [WARN] PackLoader:240 - Cannot read IP mode file for wolfSSL.I-CUBE-wolfSSH.1.4.20
2026-02-27 10:47:08,028 [WARN] PackLoader:240 - Cannot read IP mode file for STMicroelectronics.X-CUBE-NFC7.2.0.0
2026-02-27 10:47:08,035 [WARN] PackLoader:240 - Cannot read IP mode file for STMicroelectronics.X-CUBE-IPS.3.1.0
2026-02-27 10:47:08,043 [WARN] PackLoader:240 - Cannot read IP mode file for STMicroelectronics.X-CUBE-ALS.1.0.2
2026-02-27 10:47:08,049 [WARN] PackLoader:240 - Cannot read IP mode file for STMicroelectronics.X-CUBE-TOUCHGFX.4.24.1
2026-02-27 10:47:08,055 [WARN] PackLoader:240 - Cannot read IP mode file for STMicroelectronics.X-CUBE-STSE01.1.0.0
2026-02-27 10:47:08,059 [WARN] PackLoader:240 - Cannot read IP mode file for wolfSSL.I-CUBE-wolfTPM.3.4.0
2026-02-27 10:47:08,066 [WARN] PackLoader:240 - Cannot read IP mode file for portGmbH.I-Cube-SoM-uGOAL.1.1.0
2026-02-27 10:47:08,076 [WARN] PackLoader:240 - Cannot read IP mode file for STMicroelectronics.X-CUBE-AZRTOS-H7RS.1.0.0
2026-02-27 10:47:08,089 [WARN] PackLoader:240 - Cannot read IP mode file for STMicroelectronics.X-CUBE-TOF1.3.4.2
2026-02-27 10:47:08,104 [WARN] PackLoader:240 - Cannot read IP mode file for STMicroelectronics.X-CUBE-TOF1.3.4.3
2026-02-27 10:47:08,115 [WARN] PackLoader:240 - Cannot read IP mode file for wolfSSL.I-CUBE-wolfSSH.1.4.17
2026-02-27 10:47:08,116 [INFO] ThirdParty:978 - Integrity check success = true
2026-02-27 10:47:08,116 [INFO] IntegrityCheckThread:100 - exiting critical section [integrity check]
2026-02-27 10:47:08,116 [INFO] IntegrityCheckThread:103 - End integrity checks thread
2026-02-27 12:47:17,434 [INFO] WebApp:194 - Connection lost
2026-02-27 12:47:57,424 [INFO] WebApp:191 - Connection restablished
2026-02-27 13:12:28,349 [ERROR] LogOutputStream:75 - [STDERR_REDIRECT] 
