2026-04-21 11:15:21,191 [INFO] Activator:176 - 


2026-04-21 11:15:21,196 [INFO] Activator:177 - !SESSION log4j initialized
2026-04-21 11:15:26,186 [INFO] LogOutputStream:77 - [STDOUT_REDIRECT] 
2026-04-21 11:15:33,230 [INFO] ApplicationProperties:184 - Using Application install path: C:\ST\STM32CubeIDE_1.19.0\STM32CubeIDE\plugins\com.st.stm32cube.common.mx_6.15.0.202507011659
2026-04-21 11:15:33,248 [INFO] DbMcusXml:78 - Set database path to: C:\ST\STM32CubeIDE_1.19.0\STM32CubeIDE\plugins\com.st.stm32cube.common.mx_6.15.0.202507011659\\db\/mcu/
2026-04-21 11:15:33,248 [INFO] ApiDb:274 - Set plugin database path to: C:\ST\STM32CubeIDE_1.19.0\STM32CubeIDE\plugins\com.st.stm32cube.common.mx_6.15.0.202507011659\\db\/plugins/boardmanager/
2026-04-21 11:15:33,249 [WARN] ApiDb:259 - Overriding images path with different value:  => C:\ST\STM32CubeIDE_1.19.0\STM32CubeIDE\plugins\com.st.stm32cube.common.mx_6.15.0.202507011659\\db\/plugins/mcufinder/images/
2026-04-21 11:15:33,264 [INFO] ApiDb:250 - Set database path to: C:\Users\Usuario\.stmcufinder\plugins\mcufinder//mcu/
2026-04-21 11:15:33,265 [INFO] DbMcusAds:125 - Set database path to: C:\Users\Usuario\.stmcufinder\plugins\mcufinder//mcu/
2026-04-21 11:15:33,268 [INFO] CrossReferenceDbSqlite:203 - Set database path to: C:\Users\Usuario\.stmcufinder\plugins\mcufinder//mcu/cs/
2026-04-21 11:15:33,371 [INFO] RulesReader:64 - Compatibility file has been processed (317 Rules)
2026-04-21 11:15:33,443 [INFO] DbMcusXml:78 - Set database path to: C:\ST\STM32CubeIDE_1.19.0\STM32CubeIDE\plugins\com.st.stm32cube.common.mx_6.15.0.202507011659\\db\/mcu/
2026-04-21 11:15:33,444 [INFO] ApiDb:274 - Set plugin database path to: C:\ST\STM32CubeIDE_1.19.0\STM32CubeIDE\plugins\com.st.stm32cube.common.mx_6.15.0.202507011659\\db\/plugins/boardmanager/
2026-04-21 11:15:33,444 [INFO] ApiDb:261 - Set plugin images path to: C:\ST\STM32CubeIDE_1.19.0\STM32CubeIDE\plugins\com.st.stm32cube.common.mx_6.15.0.202507011659\\db\/plugins/mcufinder/images/
2026-04-21 11:15:33,444 [WARN] DbFile:41 - Overriding database path with different value: C:\Users\Usuario\.stmcufinder\plugins\mcufinder/ => C:\Users\Usuario\.stmcufinder\plugins\mcufinder
2026-04-21 11:15:33,444 [INFO] ApiDb:250 - Set database path to: C:\Users\Usuario\.stmcufinder\plugins\mcufinder//mcu/
2026-04-21 11:15:33,444 [WARN] DbFile:41 - Overriding database path with different value: C:\Users\Usuario\.stmcufinder\plugins\mcufinder/ => C:\Users\Usuario\.stmcufinder\plugins\mcufinder
2026-04-21 11:15:33,444 [INFO] DbMcusAds:125 - Set database path to: C:\Users\Usuario\.stmcufinder\plugins\mcufinder//mcu/
2026-04-21 11:15:33,444 [WARN] DbFile:41 - Overriding database path with different value: C:\Users\Usuario\.stmcufinder\plugins\mcufinder/ => C:\Users\Usuario\.stmcufinder\plugins\mcufinder
2026-04-21 11:15:33,444 [WARN] DbFile:41 - Overriding database path with different value: C:\Users\Usuario\.stmcufinder\plugins\mcufinder/ => C:\Users\Usuario\.stmcufinder\plugins\mcufinder
2026-04-21 11:15:33,444 [INFO] CrossReferenceDbSqlite:203 - Set database path to: C:\Users\Usuario\.stmcufinder\plugins\mcufinder//mcu/cs/
2026-04-21 11:15:33,523 [INFO] MainPanel:274 - HeapMemory: 268435456
2026-04-21 11:15:33,638 [INFO] DbMcusXml:78 - Set database path to: C:\ST\STM32CubeIDE_1.19.0\STM32CubeIDE\plugins\com.st.stm32cube.common.mx_6.15.0.202507011659\\db\/mcu/
2026-04-21 11:15:33,638 [INFO] ApiDb:274 - Set plugin database path to: C:\ST\STM32CubeIDE_1.19.0\STM32CubeIDE\plugins\com.st.stm32cube.common.mx_6.15.0.202507011659\\db\/plugins/boardmanager/
2026-04-21 11:15:33,638 [INFO] ApiDb:261 - Set plugin images path to: C:\ST\STM32CubeIDE_1.19.0\STM32CubeIDE\plugins\com.st.stm32cube.common.mx_6.15.0.202507011659\\db\/plugins/mcufinder/images/
2026-04-21 11:15:33,638 [WARN] DbFile:41 - Overriding database path with different value: C:\Users\Usuario\.stmcufinder\plugins\mcufinder/ => C:\Users\Usuario\.stmcufinder\plugins\mcufinder
2026-04-21 11:15:33,638 [INFO] ApiDb:250 - Set database path to: C:\Users\Usuario\.stmcufinder\plugins\mcufinder//mcu/
2026-04-21 11:15:33,638 [WARN] DbFile:41 - Overriding database path with different value: C:\Users\Usuario\.stmcufinder\plugins\mcufinder/ => C:\Users\Usuario\.stmcufinder\plugins\mcufinder
2026-04-21 11:15:33,638 [INFO] DbMcusAds:125 - Set database path to: C:\Users\Usuario\.stmcufinder\plugins\mcufinder//mcu/
2026-04-21 11:15:33,638 [WARN] DbFile:41 - Overriding database path with different value: C:\Users\Usuario\.stmcufinder\plugins\mcufinder/ => C:\Users\Usuario\.stmcufinder\plugins\mcufinder
2026-04-21 11:15:33,638 [WARN] DbFile:41 - Overriding database path with different value: C:\Users\Usuario\.stmcufinder\plugins\mcufinder/ => C:\Users\Usuario\.stmcufinder\plugins\mcufinder
2026-04-21 11:15:33,639 [INFO] CrossReferenceDbSqlite:203 - Set database path to: C:\Users\Usuario\.stmcufinder\plugins\mcufinder//mcu/cs/
2026-04-21 11:15:33,658 [INFO] ApplicationProperties:184 - Using Application install path: C:\ST\STM32CubeIDE_1.19.0\STM32CubeIDE\plugins\com.st.stm32cube.common.mx_6.15.0.202507011659
2026-04-21 11:15:33,660 [INFO] PluginManage:196 - Search for loadable plugins [exclusion list=, ]
2026-04-21 11:15:33,661 [INFO] PluginManage:310 - Check plugin analytics
2026-04-21 11:15:39,253 [INFO] AnalyticsPlugin:253 - Accepted Software Licenses: 
2026-04-21 11:15:39,253 [INFO] AnalyticsPlugin:255 - Accepted CMSIS Pack Licenses: 
2026-04-21 11:15:39,253 [INFO] AnalyticsPlugin:257 - Accepted Firmware Licenses: 
2026-04-21 11:15:39,257 [INFO] PluginManage:359 - Loaded plugin analytics (category:tool,tabindex:-1)
2026-04-21 11:15:39,257 [INFO] PluginManage:310 - Check plugin cadmodel
2026-04-21 11:15:39,267 [INFO] CADModel:105 - Init CAD model plugin
2026-04-21 11:15:39,267 [INFO] PluginManage:359 - Loaded plugin cadmodel (category:power,tabindex:5)
2026-04-21 11:15:39,268 [INFO] PluginManage:310 - Check plugin clock
2026-04-21 11:15:39,283 [INFO] PluginManage:359 - Loaded plugin clock (category:base,tabindex:2)
2026-04-21 11:15:39,283 [INFO] PluginManage:310 - Check plugin ddr
2026-04-21 11:15:39,286 [INFO] PluginManage:359 - Loaded plugin ddr (category:tool,tabindex:6)
2026-04-21 11:15:39,286 [INFO] PluginManage:310 - Check plugin filemanager
2026-04-21 11:15:39,435 [INFO] PluginManage:359 - Loaded plugin filemanager (category:base,tabindex:10)
2026-04-21 11:15:39,435 [INFO] PluginManage:310 - Check plugin ipmanager
2026-04-21 11:15:39,444 [INFO] PluginManage:359 - Loaded plugin ipmanager (category:base,tabindex:5)
2026-04-21 11:15:39,444 [INFO] PluginManage:310 - Check plugin lpbam
2026-04-21 11:15:39,455 [INFO] PluginManage:359 - Loaded plugin lpbam (category:base,tabindex:0)
2026-04-21 11:15:39,456 [INFO] PluginManage:310 - Check plugin memorymap
2026-04-21 11:15:39,472 [INFO] PluginManage:359 - Loaded plugin memorymap (category:base,tabindex:4)
2026-04-21 11:15:39,472 [INFO] PluginManage:310 - Check plugin pinoutandconfiguration
2026-04-21 11:15:39,483 [INFO] PluginManage:359 - Loaded plugin pinoutandconfiguration (category:base,tabindex:1)
2026-04-21 11:15:39,483 [INFO] PluginManage:310 - Check plugin pinoutconfig
2026-04-21 11:15:39,563 [WARN] SupportedApi:132 - Cannot load RTOS API schema: s4s-elt-must-match.1: The content of 'definitions' must match (annotation?, (simpleType | complexType)?, (unique | key | keyref)*)). A problem was found starting at: attribute.
2026-04-21 11:15:39,687 [INFO] PluginManage:359 - Loaded plugin pinoutconfig (category:base,tabindex:0)
2026-04-21 11:15:39,687 [INFO] PluginManage:310 - Check plugin power
2026-04-21 11:15:39,699 [INFO] PluginManage:359 - Loaded plugin power (category:power,tabindex:4)
2026-04-21 11:15:39,700 [INFO] PluginManage:310 - Check plugin projectmanager
2026-04-21 11:15:39,714 [INFO] PluginManage:359 - Loaded plugin projectmanager (category:projectmanager,tabindex:4)
2026-04-21 11:15:39,714 [INFO] PluginManage:310 - Check plugin rif
2026-04-21 11:15:39,727 [INFO] PluginManage:359 - Loaded plugin rif (category:base,tabindex:3)
2026-04-21 11:15:39,727 [INFO] PluginManage:310 - Check plugin thirdparty
2026-04-21 11:15:39,861 [INFO] PluginManage:359 - Loaded plugin thirdparty (category:base,tabindex:-1)
2026-04-21 11:15:39,861 [WARN] IntegrityCheckThread:84 - waiting for thirdparty lock release [integrity check]
2026-04-21 11:15:39,862 [INFO] PluginManage:310 - Check plugin tools
2026-04-21 11:15:39,862 [INFO] IntegrityCheckThread:86 - entering critical section [integrity check]
2026-04-21 11:15:39,862 [INFO] ThirdPartyUpdaterWithRetryManager:70 - Updater plugin not ready yet. [1/15]
2026-04-21 11:15:39,866 [INFO] PluginManage:359 - Loaded plugin tools (category:base,tabindex:7)
2026-04-21 11:15:39,867 [INFO] PluginManage:310 - Check plugin tutovideos
2026-04-21 11:15:40,111 [INFO] PluginManage:359 - Loaded plugin tutovideos (category:base,tabindex:-1)
2026-04-21 11:15:40,111 [INFO] PluginManage:310 - Check plugin updater
2026-04-21 11:15:40,138 [INFO] PluginManage:359 - Loaded plugin updater (category:base,tabindex:12)
2026-04-21 11:15:40,138 [INFO] PluginManage:310 - Check plugin userauth
2026-04-21 11:15:40,145 [INFO] UserAuth:118 - Init User Auth plugin
2026-04-21 11:15:40,145 [INFO] PluginManage:359 - Loaded plugin userauth (category:base,tabindex:14)
2026-04-21 11:15:40,146 [INFO] PluginManage:283 - PluginManage : Loaded plugins [18]
2026-04-21 11:15:40,397 [INFO] PinOutPanel:1589 - setPackage(No Configuration,No Configuration)
2026-04-21 11:15:40,495 [INFO] CADModel:165 - CPN selected for project level
2026-04-21 11:15:40,495 [INFO] CADModel:114 - Register for checkConnection events
2026-04-21 11:15:40,522 [INFO] IPUIPlugin:80 - create IPUIPlugin
2026-04-21 11:15:40,522 [INFO] PluginManager:220 - loadIPPluginJar : add adc
2026-04-21 11:15:40,528 [INFO] IPUIPlugin:80 - create IPUIPlugin
2026-04-21 11:15:40,529 [INFO] PluginManager:220 - loadIPPluginJar : add aes
2026-04-21 11:15:40,534 [INFO] IPUIPlugin:80 - create IPUIPlugin
2026-04-21 11:15:40,534 [INFO] PluginManager:220 - loadIPPluginJar : add can
2026-04-21 11:15:40,539 [INFO] IPUIPlugin:80 - create IPUIPlugin
2026-04-21 11:15:40,539 [INFO] PluginManager:220 - loadIPPluginJar : add comp
2026-04-21 11:15:40,545 [INFO] IPUIPlugin:80 - create IPUIPlugin
2026-04-21 11:15:40,545 [INFO] PluginManager:220 - loadIPPluginJar : add cryp
2026-04-21 11:15:40,552 [INFO] IPUIPlugin:80 - create IPUIPlugin
2026-04-21 11:15:40,552 [INFO] PluginManager:220 - loadIPPluginJar : add ddr_ctrl_phy
2026-04-21 11:15:40,558 [INFO] IPUIPlugin:80 - create IPUIPlugin
2026-04-21 11:15:40,558 [INFO] PluginManager:220 - loadIPPluginJar : add dfsdm
2026-04-21 11:15:40,566 [INFO] IPUIPlugin:80 - create IPUIPlugin
2026-04-21 11:15:40,567 [INFO] PluginManager:220 - loadIPPluginJar : add dma
2026-04-21 11:15:40,573 [INFO] IPUIPlugin:80 - create IPUIPlugin
2026-04-21 11:15:40,573 [INFO] PluginManager:220 - loadIPPluginJar : add dma3
2026-04-21 11:15:40,579 [INFO] IPUIPlugin:80 - create IPUIPlugin
2026-04-21 11:15:40,579 [INFO] PluginManager:220 - loadIPPluginJar : add extmemmanager
2026-04-21 11:15:40,584 [INFO] IPUIPlugin:80 - create IPUIPlugin
2026-04-21 11:15:40,584 [INFO] PluginManager:220 - loadIPPluginJar : add fatfs
2026-04-21 11:15:40,592 [INFO] IPUIPlugin:80 - create IPUIPlugin
2026-04-21 11:15:40,592 [INFO] PluginManager:220 - loadIPPluginJar : add fmc
2026-04-21 11:15:40,603 [INFO] IPUIPlugin:80 - create IPUIPlugin
2026-04-21 11:15:40,603 [INFO] PluginManager:220 - loadIPPluginJar : add freertos
2026-04-21 11:15:40,609 [INFO] IPUIPlugin:80 - create IPUIPlugin
2026-04-21 11:15:40,610 [INFO] PluginManager:220 - loadIPPluginJar : add genericplugin
2026-04-21 11:15:40,615 [INFO] IPUIPlugin:80 - create IPUIPlugin
2026-04-21 11:15:40,615 [INFO] PluginManager:220 - loadIPPluginJar : add gfxmmu
2026-04-21 11:15:40,624 [INFO] IPUIPlugin:80 - create IPUIPlugin
2026-04-21 11:15:40,624 [INFO] PluginManager:220 - loadIPPluginJar : add gic
2026-04-21 11:15:40,633 [INFO] IPUIPlugin:80 - create IPUIPlugin
2026-04-21 11:15:40,633 [INFO] PluginManager:220 - loadIPPluginJar : add gpio
2026-04-21 11:15:40,639 [INFO] IPUIPlugin:80 - create IPUIPlugin
2026-04-21 11:15:40,640 [INFO] PluginManager:220 - loadIPPluginJar : add gtzc
2026-04-21 11:15:40,646 [INFO] IPUIPlugin:80 - create IPUIPlugin
2026-04-21 11:15:40,646 [INFO] PluginManager:220 - loadIPPluginJar : add hash
2026-04-21 11:15:40,651 [INFO] IPUIPlugin:80 - create IPUIPlugin
2026-04-21 11:15:40,651 [INFO] PluginManager:220 - loadIPPluginJar : add i2c
2026-04-21 11:15:40,657 [INFO] IPUIPlugin:80 - create IPUIPlugin
2026-04-21 11:15:40,657 [INFO] PluginManager:220 - loadIPPluginJar : add i2s
2026-04-21 11:15:40,674 [INFO] IPUIPlugin:80 - create IPUIPlugin
2026-04-21 11:15:40,674 [INFO] PluginManager:220 - loadIPPluginJar : add i3c
2026-04-21 11:15:40,680 [INFO] IPUIPlugin:80 - create IPUIPlugin
2026-04-21 11:15:40,681 [INFO] PluginManager:220 - loadIPPluginJar : add ipddr
2026-04-21 11:15:40,689 [INFO] IPUIPlugin:80 - create IPUIPlugin
2026-04-21 11:15:40,689 [INFO] PluginManager:220 - loadIPPluginJar : add linkedlist
2026-04-21 11:15:40,695 [INFO] IPUIPlugin:80 - create IPUIPlugin
2026-04-21 11:15:40,695 [INFO] PluginManager:220 - loadIPPluginJar : add lorawan
2026-04-21 11:15:40,700 [INFO] IPUIPlugin:80 - create IPUIPlugin
2026-04-21 11:15:40,701 [INFO] PluginManager:220 - loadIPPluginJar : add ltdc
2026-04-21 11:15:40,708 [INFO] IPUIPlugin:80 - create IPUIPlugin
2026-04-21 11:15:40,708 [INFO] PluginManager:220 - loadIPPluginJar : add mdma
2026-04-21 11:15:40,715 [INFO] IPUIPlugin:80 - create IPUIPlugin
2026-04-21 11:15:40,715 [INFO] PluginManager:220 - loadIPPluginJar : add nvic
2026-04-21 11:15:40,721 [INFO] IPUIPlugin:80 - create IPUIPlugin
2026-04-21 11:15:40,721 [INFO] PluginManager:220 - loadIPPluginJar : add opamp
2026-04-21 11:15:40,727 [INFO] IPUIPlugin:80 - create IPUIPlugin
2026-04-21 11:15:40,728 [INFO] PluginManager:220 - loadIPPluginJar : add openamp
2026-04-21 11:15:40,734 [INFO] IPUIPlugin:80 - create IPUIPlugin
2026-04-21 11:15:40,734 [INFO] PluginManager:220 - loadIPPluginJar : add pdm2pcm
2026-04-21 11:15:40,742 [INFO] IPUIPlugin:80 - create IPUIPlugin
2026-04-21 11:15:40,744 [INFO] PluginManager:220 - loadIPPluginJar : add plateformsettings
2026-04-21 11:15:40,748 [INFO] IPUIPlugin:80 - create IPUIPlugin
2026-04-21 11:15:40,748 [INFO] PluginManager:220 - loadIPPluginJar : add quadspi
2026-04-21 11:15:40,753 [INFO] IPUIPlugin:80 - create IPUIPlugin
2026-04-21 11:15:40,753 [INFO] PluginManager:220 - loadIPPluginJar : add radio
2026-04-21 11:15:40,760 [INFO] IPUIPlugin:80 - create IPUIPlugin
2026-04-21 11:15:40,760 [INFO] PluginManager:220 - loadIPPluginJar : add resmgrutility
2026-04-21 11:15:40,765 [INFO] IPUIPlugin:80 - create IPUIPlugin
2026-04-21 11:15:40,765 [INFO] PluginManager:220 - loadIPPluginJar : add sai
2026-04-21 11:15:40,771 [INFO] IPUIPlugin:80 - create IPUIPlugin
2026-04-21 11:15:40,771 [INFO] PluginManager:220 - loadIPPluginJar : add spi
2026-04-21 11:15:40,778 [INFO] IPUIPlugin:80 - create IPUIPlugin
2026-04-21 11:15:40,779 [INFO] PluginManager:220 - loadIPPluginJar : add stm32_wpan
2026-04-21 11:15:40,783 [INFO] IPUIPlugin:80 - create IPUIPlugin
2026-04-21 11:15:40,783 [INFO] PluginManager:220 - loadIPPluginJar : add tim
2026-04-21 11:15:40,789 [INFO] IPUIPlugin:80 - create IPUIPlugin
2026-04-21 11:15:40,789 [INFO] PluginManager:220 - loadIPPluginJar : add touchsensing
2026-04-21 11:15:40,794 [INFO] IPUIPlugin:80 - create IPUIPlugin
2026-04-21 11:15:40,794 [INFO] PluginManager:220 - loadIPPluginJar : add tracer_emb
2026-04-21 11:15:40,799 [INFO] IPUIPlugin:80 - create IPUIPlugin
2026-04-21 11:15:40,799 [INFO] PluginManager:220 - loadIPPluginJar : add ts
2026-04-21 11:15:40,803 [INFO] IPUIPlugin:80 - create IPUIPlugin
2026-04-21 11:15:40,803 [INFO] PluginManager:220 - loadIPPluginJar : add tsc
2026-04-21 11:15:40,808 [INFO] IPUIPlugin:80 - create IPUIPlugin
2026-04-21 11:15:40,808 [INFO] PluginManager:220 - loadIPPluginJar : add ucpd
2026-04-21 11:15:40,814 [INFO] IPUIPlugin:80 - create IPUIPlugin
2026-04-21 11:15:40,815 [INFO] PluginManager:220 - loadIPPluginJar : add usart
2026-04-21 11:15:40,821 [INFO] IPUIPlugin:80 - create IPUIPlugin
2026-04-21 11:15:40,821 [INFO] PluginManager:220 - loadIPPluginJar : add usbx
2026-04-21 11:15:40,942 [FATAL] Updater:351 - Updater called before beeing initialized
2026-04-21 11:15:40,970 [INFO] RulesReader:64 - Compatibility file has been processed (317 Rules)
2026-04-21 11:15:40,980 [INFO] RulesReader:64 - Compatibility file has been processed (317 Rules)
2026-04-21 11:15:40,990 [INFO] CADModel:165 - CPN selected for project level
2026-04-21 11:15:40,990 [INFO] CADModel:114 - Register for checkConnection events
2026-04-21 11:15:40,990 [FATAL] Updater:351 - Updater called before beeing initialized
2026-04-21 11:15:40,990 [ERROR] CADModel:125 - Updater not yet initialized, retry later 
2026-04-21 11:15:41,124 [FATAL] Updater:351 - Updater called before beeing initialized
2026-04-21 11:15:41,126 [INFO] CADModel:165 - CPN selected for project level
2026-04-21 11:15:41,126 [INFO] CADModel:114 - Register for checkConnection events
2026-04-21 11:15:41,126 [FATAL] Updater:351 - Updater called before beeing initialized
2026-04-21 11:15:41,126 [ERROR] CADModel:125 - Updater not yet initialized, retry later 
2026-04-21 11:15:41,129 [FATAL] Updater:351 - Updater called before beeing initialized
2026-04-21 11:15:41,243 [FATAL] Updater:351 - Updater called before beeing initialized
2026-04-21 11:15:41,246 [INFO] DbMcusAds:53 - JSON generation date=Fri Apr 10 11:19:02 CEST 2026 (1775812742310)
2026-04-21 11:15:41,246 [FATAL] Updater:351 - Updater called before beeing initialized
2026-04-21 11:15:41,283 [WARN] DetailPanel:346 - Failed to get advertising image, set to default
2026-04-21 11:15:41,348 [FATAL] Updater:351 - Updater called before beeing initialized
2026-04-21 11:15:41,349 [FATAL] Updater:351 - Updater called before beeing initialized
2026-04-21 11:15:41,349 [FATAL] Updater:351 - Updater called before beeing initialized
2026-04-21 11:15:41,349 [WARN] DetailPanel:346 - Failed to get advertising image, set to default
2026-04-21 11:15:41,350 [FATAL] Updater:351 - Updater called before beeing initialized
2026-04-21 11:15:41,393 [ERROR] Updater:1198 - MainUpdater not yet initialized. External WinMGr cannot be set.
2026-04-21 11:15:41,397 [INFO] Updater:1134 - Updater Version found : 6.15.0
2026-04-21 11:15:41,411 [INFO] ApplicationProperties:184 - Using Application install path: C:\ST\STM32CubeIDE_1.19.0\STM32CubeIDE\plugins\com.st.stm32cube.common.mx_6.15.0.202507011659
2026-04-21 11:15:41,811 [INFO] MainUpdater:2872 - connection check result : 10
2026-04-21 11:15:41,812 [INFO] MainUpdater:289 - Updater Check For Update Now.
2026-04-21 11:15:41,812 [INFO] MicroXplorer:498 - Change Database Version : DB.6.0.150
2026-04-21 11:15:41,822 [INFO] McuFinderGlobals:63 - Set McuFinder mode to 2 (CubeIDE integrated)
2026-04-21 11:15:41,823 [INFO] UserAuth:487 - Internet connection configuration mode: 1
2026-04-21 11:15:41,851 [INFO] JxBrowserEngine:152 - Initiate JxBrowser Engine with user profile folder
2026-04-21 11:15:41,995 [INFO] CheckServerUpdateThread:120 - End of CheckServer Thread
2026-04-21 11:15:42,659 [INFO] WebApp:169 - Instantiating new browser for Auth
2026-04-21 11:15:43,231 [WARN] PackLoader:240 - Cannot read IP mode file for STMicroelectronics.X-CUBE-AZRTOS-H7.3.5.0
2026-04-21 11:15:43,243 [WARN] PackLoader:240 - Cannot read IP mode file for STMicroelectronics.FP-SNS-MOTENVWB1.1.4.0
2026-04-21 11:15:43,250 [WARN] PackLoader:240 - Cannot read IP mode file for STMicroelectronics.FP-ATR-ASTRA1.2.0.2
2026-04-21 11:15:43,255 [WARN] PackLoader:240 - Cannot read IP mode file for STMicroelectronics.FP-ATR-ASTRA1.2.0.1
2026-04-21 11:15:43,264 [WARN] PackLoader:240 - Cannot read IP mode file for STMicroelectronics.X-CUBE-SMBUS.2.1.0
2026-04-21 11:15:43,274 [WARN] PackLoader:240 - Cannot read IP mode file for STMicroelectronics.X-CUBE-WB05N.1.1.0
2026-04-21 11:15:43,280 [WARN] PackLoader:240 - Cannot read IP mode file for STMicroelectronics.X-CUBE-ST60.1.0.0
2026-04-21 11:15:43,310 [WARN] PackLoader:240 - Cannot read IP mode file for STMicroelectronics.X-CUBE-AZRTOS-F7.1.1.0
2026-04-21 11:15:43,338 [WARN] PackLoader:240 - Cannot read IP mode file for Cesanta.I-CUBE-Mongoose.7.19.0
2026-04-21 11:15:43,353 [WARN] PackLoader:240 - Cannot read IP mode file for STMicroelectronics.FP-SNS-MOTENV1.5.1.0
2026-04-21 11:15:43,367 [WARN] PackLoader:240 - Cannot read IP mode file for WES.I-CUBE-Cesium.1.4.0
2026-04-21 11:15:43,373 [WARN] PackLoader:240 - Cannot read IP mode file for STMicroelectronics.FP-SNS-FLIGHT1.5.0.2
2026-04-21 11:15:43,409 [WARN] PackLoader:240 - Cannot read IP mode file for Infineon.AIROC-Wi-Fi-Bluetooth-STM32.1.7.0
2026-04-21 11:15:43,439 [WARN] PackLoader:240 - Cannot read IP mode file for Infineon.AIROC-Wi-Fi-Bluetooth-STM32.1.7.1
2026-04-21 11:15:43,457 [WARN] PackLoader:240 - Cannot read IP mode file for STMicroelectronics.X-CUBE-AZRTOS-H7.3.4.0
2026-04-21 11:15:43,467 [WARN] PackLoader:240 - Cannot read IP mode file for STMicroelectronics.X-CUBE-DISPLAY.3.0.0
2026-04-21 11:15:43,477 [WARN] PackLoader:240 - Cannot read IP mode file for STMicroelectronics.FP-SNS-MOTENVWB1.1.5.0
2026-04-21 11:15:43,484 [WARN] PackLoader:240 - Cannot read IP mode file for STMicroelectronics.X-CUBE-BLE1.7.0.0
2026-04-21 11:15:43,496 [WARN] PackLoader:240 - Cannot read IP mode file for STMicroelectronics.X-CUBE-NFC10.1.0.0
2026-04-21 11:15:43,521 [WARN] PackLoader:240 - Cannot read IP mode file for STMicroelectronics.X-CUBE-BLEMGR.4.0.0
2026-04-21 11:15:43,530 [WARN] PackLoader:240 - Cannot read IP mode file for STMicroelectronics.X-CUBE-ST60.1.1.0
2026-04-21 11:15:43,543 [WARN] PackLoader:240 - Cannot read IP mode file for emotas.I-CUBE-CANOPEN.1.3.0
2026-04-21 11:15:43,544 [INFO] WebApp:463 - Apply proxy settings
2026-04-21 11:15:43,544 [INFO] WebApp:548 - Chromium requires no authentication
2026-04-21 11:15:43,552 [WARN] PackLoader:240 - Cannot read IP mode file for STMicroelectronics.X-CUBE-GNSS1.7.1.0
2026-04-21 11:15:43,559 [WARN] PackLoader:240 - Cannot read IP mode file for STMicroelectronics.FP-SNS-STBOX1.2.1.0
2026-04-21 11:15:43,559 [INFO] WebApp:491 - Direct internet connection detected
2026-04-21 11:15:43,570 [WARN] PackLoader:240 - Cannot read IP mode file for STMicroelectronics.FP-SNS-SMARTAG2.1.2.0
2026-04-21 11:15:43,575 [WARN] PackLoader:240 - Cannot read IP mode file for STMicroelectronics.FP-SNS-FLIGHT1.5.1.0
2026-04-21 11:15:43,598 [INFO] WebApp:900 - Register for checkConnection events
2026-04-21 11:15:43,598 [INFO] WebApp:463 - Apply proxy settings
2026-04-21 11:15:43,600 [INFO] WebApp:548 - Chromium requires no authentication
2026-04-21 11:15:43,601 [INFO] WebApp:491 - Direct internet connection detected
2026-04-21 11:15:43,628 [WARN] PackLoader:240 - Cannot read IP mode file for STMicroelectronics.X-CUBE-MEMS1.11.1.0
2026-04-21 11:15:43,739 [INFO] LogOutputStream:77 - [STDOUT_REDIRECT] 1 : Invalid condition id : UX_CORESTACK_Condition cause : null
2026-04-21 11:15:43,739 [INFO] LogOutputStream:77 - [STDOUT_REDIRECT] 1 : Invalid condition id : UX_CORESTACK_Condition cause : null
2026-04-21 11:15:43,740 [INFO] LogOutputStream:77 - [STDOUT_REDIRECT] 1 : Invalid condition id : UX_CORESTACK_Condition cause : null
2026-04-21 11:15:43,740 [INFO] LogOutputStream:77 - [STDOUT_REDIRECT] 1 : Invalid condition id : UX_CORESTACK_Condition cause : null
2026-04-21 11:15:43,742 [INFO] LogOutputStream:77 - [STDOUT_REDIRECT] 1 : Invalid condition id : UX_CORESTACK_Condition cause : null
2026-04-21 11:15:43,744 [WARN] PackLoader:240 - Cannot read IP mode file for STMicroelectronics.X-CUBE-AZRTOS-WL.2.0.0
2026-04-21 11:15:43,749 [WARN] PackLoader:240 - Cannot read IP mode file for STMicroelectronics.FP-SNS-MOTENV1.5.0.0
2026-04-21 11:15:43,762 [WARN] PackLoader:240 - Cannot read IP mode file for STMicroelectronics.X-CUBE-AZRTOS-H7RS.1.2.0
2026-04-21 11:15:43,768 [WARN] PackLoader:240 - Cannot read IP mode file for wolfSSL.I-CUBE-wolfMQTT.1.19.0
2026-04-21 11:15:43,773 [WARN] PackLoader:240 - Cannot read IP mode file for WES.I-CUBE-Cesium.1.3.0
2026-04-21 11:15:43,787 [WARN] PackLoader:240 - Cannot read IP mode file for STMicroelectronics.X-CUBE-BLE2.3.3.0
2026-04-21 11:15:43,840 [WARN] PackLoader:240 - Cannot read IP mode file for STMicroelectronics.X-CUBE-NFC9.1.0.0
2026-04-21 11:15:43,849 [WARN] PackLoader:240 - Cannot read IP mode file for wolfSSL.I-CUBE-wolfSSL.5.8.2
2026-04-21 11:15:43,865 [WARN] PackLoader:240 - Cannot read IP mode file for STMicroelectronics.X-CUBE-BLE1.7.1.0
2026-04-21 11:15:43,868 [INFO] WebApp:191 - Connection restablished
2026-04-21 11:15:43,875 [WARN] PackLoader:240 - Cannot read IP mode file for wolfSSL.I-CUBE-wolfMQTT.1.19.2
2026-04-21 11:15:43,882 [WARN] PackLoader:240 - Cannot read IP mode file for STMicroelectronics.X-CUBE-FREERTOS.1.4.0
2026-04-21 11:15:43,914 [WARN] PackLoader:240 - Cannot read IP mode file for STMicroelectronics.X-CUBE-EEPRMA1.5.2.0
2026-04-21 11:15:43,934 [WARN] PackLoader:240 - Cannot read IP mode file for STMicroelectronics.X-CUBE-ST67W61.1.1.0
2026-04-21 11:15:43,966 [INFO] WebApp:225 - Starting web application
2026-04-21 11:15:43,968 [INFO] WebApp:593 - Web application path used C:\ST\STM32CubeIDE_1.19.0\STM32CubeIDE\plugins\com.st.stm32cube.common.mx_6.15.0.202507011659\db\plugins\mcufinder\reactClient1\index.html
2026-04-21 11:15:43,983 [WARN] PackLoader:240 - Cannot read IP mode file for STMicroelectronics.X-CUBE-MEMS1.12.0.0
2026-04-21 11:15:44,118 [WARN] PackLoader:240 - Cannot read IP mode file for STMicroelectronics.X-CUBE-AZRTOS-G0.1.1.0
2026-04-21 11:15:44,136 [WARN] PackLoader:240 - Cannot read IP mode file for STMicroelectronics.X-CUBE-SAFEA1.1.2.2
2026-04-21 11:15:44,146 [WARN] PackLoader:240 - Cannot read IP mode file for STMicroelectronics.X-CUBE-NFC4.3.0.0
2026-04-21 11:15:44,164 [WARN] PackLoader:240 - Cannot read IP mode file for EmbeddedOffice.I-CUBE-FS-RTOS.1.0.1
2026-04-21 11:15:44,176 [WARN] PackLoader:240 - Cannot read IP mode file for STMicroelectronics.X-CUBE-WB05N.2.0.0
2026-04-21 11:15:44,186 [WARN] PackLoader:240 - Cannot read IP mode file for wolfSSL.I-CUBE-wolfTPM.3.8.0
2026-04-21 11:15:44,196 [WARN] PackLoader:240 - Cannot read IP mode file for STMicroelectronics.X-CUBE-TCPP.4.2.0
2026-04-21 11:15:44,202 [INFO] UserAuth:487 - Internet connection configuration mode: 1
2026-04-21 11:15:44,206 [WARN] PackLoader:240 - Cannot read IP mode file for RealThread.X-CUBE-RT-Thread_Nano.4.1.1
2026-04-21 11:15:44,247 [WARN] PackLoader:240 - Cannot read IP mode file for STMicroelectronics.FP-ATR-SIGFOX1.3.2.0
2026-04-21 11:15:44,256 [WARN] ConditionMgr:438 - getConditionDescription Invalid condition id : Cortex-A Device cause : null
2026-04-21 11:15:44,275 [WARN] ConditionMgr:1044 - genDependencies : Invalid condition id : Cortex-A Device cause : null
2026-04-21 11:15:44,275 [WARN] ConditionMgr:1044 - genDependencies : Invalid condition id : Cortex-A Device cause : null
2026-04-21 11:15:44,275 [WARN] ConditionMgr:1044 - genDependencies : Invalid condition id : Cortex-A Device cause : null
2026-04-21 11:15:44,282 [WARN] PackLoader:240 - Cannot read IP mode file for STMicroelectronics.X-CUBE-EEPRMA1.5.1.0
2026-04-21 11:15:44,292 [WARN] PackLoader:240 - Cannot read IP mode file for STMicroelectronics.X-CUBE-FREERTOS.1.5.0
2026-04-21 11:15:44,297 [WARN] PackLoader:240 - Cannot read IP mode file for wolfSSL.I-CUBE-wolfSSL.5.7.4
2026-04-21 11:15:44,308 [WARN] PackLoader:240 - Cannot read IP mode file for ITTIA_DB.I-CUBE-ITTIADB.8.9.0
2026-04-21 11:15:44,339 [WARN] PackLoader:240 - Cannot read IP mode file for STMicroelectronics.X-CUBE-NFC6.3.2.0
2026-04-21 11:15:44,347 [WARN] PackLoader:240 - Cannot read IP mode file for STMicroelectronics.X-CUBE-ST67W61.1.0.0
2026-04-21 11:15:44,354 [WARN] PackLoader:240 - Cannot read IP mode file for STMicroelectronics.X-CUBE-AI.10.2.0
2026-04-21 11:15:44,416 [WARN] PackLoader:240 - Cannot read IP mode file for SEGGER.I-CUBE-embOS.1.3.1
2026-04-21 11:15:44,511 [WARN] PackLoader:240 - Cannot read IP mode file for STMicroelectronics.X-CUBE-ALGOBUILD.1.4.0
2026-04-21 11:15:44,591 [WARN] PackLoader:240 - Cannot read IP mode file for STMicroelectronics.X-CUBE-MEMS1.11.3.0
2026-04-21 11:15:44,716 [WARN] PackLoader:240 - Cannot read IP mode file for STMicroelectronics.X-CUBE-AI.9.1.0
2026-04-21 11:15:44,724 [WARN] PackLoader:240 - Cannot read IP mode file for STMicroelectronics.X-CUBE-PM33A1.1.0.0
2026-04-21 11:15:44,742 [WARN] PackLoader:240 - Cannot read IP mode file for STMicroelectronics.X-CUBE-AZRTOS-F4.1.1.0
2026-04-21 11:15:44,751 [WARN] PackLoader:240 - Cannot read IP mode file for Avnet-IotConnect.X-CUBE-IoTC-DA16k-PMOD.1.0.0
2026-04-21 11:15:44,757 [WARN] PackLoader:240 - Cannot read IP mode file for STMicroelectronics.X-CUBE-ISPU.2.1.0
2026-04-21 11:15:44,770 [WARN] PackLoader:240 - Cannot read IP mode file for STMicroelectronics.X-CUBE-IPS.3.2.0
2026-04-21 11:15:44,780 [WARN] PackLoader:240 - Cannot read IP mode file for STMicroelectronics.eDS-WB_DPC_TT-BIDIR.2.1.1
2026-04-21 11:15:44,789 [WARN] PackLoader:240 - Cannot read IP mode file for STMicroelectronics.X-CUBE-NFC12.1.0.0
2026-04-21 11:15:44,808 [WARN] PackLoader:240 - Cannot read IP mode file for STMicroelectronics.X-CUBE-AZRTOS-L5.2.0.0
2026-04-21 11:15:44,833 [WARN] PackLoader:240 - Cannot read IP mode file for STMicroelectronics.X-CUBE-NFC6.3.1.0
2026-04-21 11:15:44,844 [WARN] PackLoader:240 - Cannot read IP mode file for STMicroelectronics.X-CUBE-DPower.1.2.0
2026-04-21 11:15:44,853 [WARN] PackLoader:240 - Cannot read IP mode file for STMicroelectronics.eDS-WB_DPC_VIENNA.1.2.0
2026-04-21 11:15:44,857 [WARN] PackLoader:240 - Cannot read IP mode file for STMicroelectronics.eDS-WB_DPC_3PH2L-BIDIR.1.1.1
2026-04-21 11:15:44,864 [ERROR] Engine:466 - C:\Users\Usuario\.stm32cubemx\thirdparties\pdsc\STMicroelectronics.X-CUBE-ST67W61.1.3.0.pdsc: PDSC version is not supported
2026-04-21 11:15:44,873 [WARN] PackLoader:240 - Cannot read IP mode file for STMicroelectronics.X-CUBE-FREERTOS.1.3.1
2026-04-21 11:15:44,879 [WARN] PackLoader:240 - Cannot read IP mode file for STMicroelectronics.X-CUBE-FREERTOS.1.3.0
2026-04-21 11:15:44,891 [WARN] PackLoader:240 - Cannot read IP mode file for STMicroelectronics.X-CUBE-NFC7.1.0.1
2026-04-21 11:15:44,898 [WARN] PackLoader:240 - Cannot read IP mode file for STMicroelectronics.X-CUBE-TOUCHGFX.4.26.0
2026-04-21 11:15:44,907 [WARN] PackLoader:240 - Cannot read IP mode file for STMicroelectronics.X-CUBE-TOUCHGFX.4.26.1
2026-04-21 11:15:44,913 [WARN] PackLoader:240 - Cannot read IP mode file for STMicroelectronics.FP-SNS-STAIOTCFT.1.0.0
2026-04-21 11:15:44,924 [WARN] PackLoader:240 - Cannot read IP mode file for STMicroelectronics.X-CUBE-DPower.1.3.0
2026-04-21 11:15:44,957 [WARN] ConditionMgr:438 - getConditionDescription Invalid condition id : LAN8742 Phy interface Condition cause : null
2026-04-21 11:15:44,958 [WARN] PackLoader:240 - Cannot read IP mode file for STMicroelectronics.X-CUBE-AZRTOS-L4.2.0.0
2026-04-21 11:15:44,959 [WARN] ConditionMgr:1044 - genDependencies : Invalid condition id : LAN8742 Phy interface Condition cause : null
2026-04-21 11:15:44,959 [WARN] ConditionMgr:1044 - genDependencies : Invalid condition id : LAN8742 Phy interface Condition cause : null
2026-04-21 11:15:44,960 [WARN] ConditionMgr:1044 - genDependencies : Invalid condition id : LAN8742 Phy interface Condition cause : null
2026-04-21 11:15:44,971 [WARN] PackLoader:240 - Cannot read IP mode file for STMicroelectronics.X-CUBE-SFXS2LP1.4.0.0
2026-04-21 11:15:44,978 [WARN] PackLoader:240 - Cannot read IP mode file for STMicroelectronics.X-CUBE-WB05N.2.1.0
2026-04-21 11:15:44,992 [WARN] PackLoader:240 - Cannot read IP mode file for STMicroelectronics.X-CUBE-ST67W61.1.2.0
2026-04-21 11:15:45,009 [WARN] PackLoader:240 - Cannot read IP mode file for STMicroelectronics.X-CUBE-AZRTOS-H7.3.3.0
2026-04-21 11:15:45,020 [WARN] PackLoader:240 - Cannot read IP mode file for STMicroelectronics.X-CUBE-BLEMGR.4.1.0
2026-04-21 11:15:45,029 [WARN] PackLoader:240 - Cannot read IP mode file for STMicroelectronics.X-CUBE-IPS.3.0.0
2026-04-21 11:15:45,045 [WARN] ConditionMgr:438 - getConditionDescription Invalid condition id : UX DEVICE CLASS RTOS Condition cause : null
2026-04-21 11:15:45,045 [WARN] ConditionMgr:438 - getConditionDescription Invalid condition id : UX DEVICE CLASS RTOS Condition cause : null
2026-04-21 11:15:45,047 [WARN] PackLoader:240 - Cannot read IP mode file for STMicroelectronics.X-CUBE-AZRTOS-WB.2.0.0
2026-04-21 11:15:45,048 [WARN] ConditionMgr:1044 - genDependencies : Invalid condition id : UX DEVICE CLASS RTOS Condition cause : null
2026-04-21 11:15:45,048 [WARN] ConditionMgr:1044 - genDependencies : Invalid condition id : UX DEVICE CLASS RTOS Condition cause : null
2026-04-21 11:15:45,048 [WARN] ConditionMgr:1044 - genDependencies : Invalid condition id : UX DEVICE CLASS RTOS Condition cause : null
2026-04-21 11:15:45,048 [WARN] ConditionMgr:1044 - genDependencies : Invalid condition id : UX DEVICE CLASS RTOS Condition cause : null
2026-04-21 11:15:45,048 [WARN] ConditionMgr:1044 - genDependencies : Invalid condition id : UX DEVICE CLASS RTOS Condition cause : null
2026-04-21 11:15:45,056 [WARN] PackLoader:240 - Cannot read IP mode file for STMicroelectronics.X-CUBE-GNSS1.7.0.1
2026-04-21 11:15:45,060 [WARN] PackLoader:240 - Cannot read IP mode file for STMicroelectronics.X-CUBE-TOUCHGFX.4.25.0
2026-04-21 11:15:45,065 [WARN] PackLoader:240 - Cannot read IP mode file for STMicroelectronics.FP-SNS-STBOX1.2.0.0
2026-04-21 11:15:45,071 [WARN] ConditionMgr:438 - getConditionDescription Invalid condition id : Cortex-A Device cause : null
2026-04-21 11:15:45,080 [WARN] ConditionMgr:1044 - genDependencies : Invalid condition id : Cortex-A Device cause : null
2026-04-21 11:15:45,080 [WARN] ConditionMgr:1044 - genDependencies : Invalid condition id : Cortex-A Device cause : null
2026-04-21 11:15:45,080 [WARN] ConditionMgr:1044 - genDependencies : Invalid condition id : Cortex-A Device cause : null
2026-04-21 11:15:45,088 [WARN] PackLoader:240 - Cannot read IP mode file for STMicroelectronics.X-CUBE-STSE01.2.0.0
2026-04-21 11:15:45,097 [WARN] PackLoader:240 - Cannot read IP mode file for STMicroelectronics.X-CUBE-SUBG2.5.0.0
2026-04-21 11:15:45,117 [WARN] PackLoader:240 - Cannot read IP mode file for STMicroelectronics.X-CUBE-AZRTOS-H7RS.1.1.0
2026-04-21 11:15:45,124 [WARN] PackLoader:240 - Cannot read IP mode file for Cesanta.I-CUBE-Mongoose.7.13.0
2026-04-21 11:15:45,135 [WARN] PackLoader:240 - Cannot read IP mode file for STMicroelectronics.X-CUBE-AZRTOS-G4.2.0.0
2026-04-21 11:15:45,148 [WARN] PackLoader:240 - Cannot read IP mode file for wolfSSL.I-CUBE-wolfSSH.1.4.20
2026-04-21 11:15:45,156 [WARN] PackLoader:240 - Cannot read IP mode file for STMicroelectronics.X-CUBE-NFC7.2.0.0
2026-04-21 11:15:45,164 [WARN] PackLoader:240 - Cannot read IP mode file for STMicroelectronics.X-CUBE-IPS.3.1.0
2026-04-21 11:15:45,174 [WARN] PackLoader:240 - Cannot read IP mode file for STMicroelectronics.X-CUBE-ALS.1.0.2
2026-04-21 11:15:45,177 [WARN] PackLoader:240 - Cannot read IP mode file for STMicroelectronics.X-CUBE-TOUCHGFX.4.24.1
2026-04-21 11:15:45,184 [WARN] PackLoader:240 - Cannot read IP mode file for STMicroelectronics.X-CUBE-STSE01.1.0.0
2026-04-21 11:15:45,190 [WARN] PackLoader:240 - Cannot read IP mode file for wolfSSL.I-CUBE-wolfTPM.3.4.0
2026-04-21 11:15:45,196 [WARN] PackLoader:240 - Cannot read IP mode file for portGmbH.I-Cube-SoM-uGOAL.1.1.0
2026-04-21 11:15:45,215 [WARN] PackLoader:240 - Cannot read IP mode file for STMicroelectronics.X-CUBE-AZRTOS-H7RS.1.0.0
2026-04-21 11:15:45,230 [WARN] PackLoader:240 - Cannot read IP mode file for STMicroelectronics.X-CUBE-TOF1.3.4.2
2026-04-21 11:15:45,247 [WARN] PackLoader:240 - Cannot read IP mode file for STMicroelectronics.X-CUBE-TOF1.3.4.3
2026-04-21 11:15:45,260 [WARN] PackLoader:240 - Cannot read IP mode file for wolfSSL.I-CUBE-wolfSSH.1.4.17
2026-04-21 11:15:45,261 [INFO] ThirdParty:978 - Integrity check success = true
2026-04-21 11:15:45,261 [INFO] IntegrityCheckThread:100 - exiting critical section [integrity check]
2026-04-21 11:15:45,261 [INFO] IntegrityCheckThread:103 - End integrity checks thread
2026-04-21 11:54:22,110 [INFO] WebApp:194 - Connection lost
2026-04-21 11:54:26,638 [INFO] WebApp:191 - Connection restablished
2026-04-21 11:54:26,854 [INFO] WebApp:194 - Connection lost
2026-04-21 11:54:27,084 [INFO] WebApp:191 - Connection restablished
2026-04-21 13:01:13,097 [ERROR] LogOutputStream:75 - [STDERR_REDIRECT] 
