10:47:27 **** Incremental Build of configuration Debug for project laser ****
make -j8 all 
arm-none-eabi-gcc "../Core/Src/main.c" -mcpu=cortex-m4 -std=gnu11 -g3 -DDEBUG -DUSE_HAL_DRIVER -DSTM32F411xE -c -I../Core/Inc -I../Drivers/STM32F4xx_HAL_Driver/Inc -I../Drivers/STM32F4xx_HAL_Driver/Inc/Legacy -I../Drivers/CMSIS/Device/ST/STM32F4xx/Include -I../Drivers/CMSIS/Include -O0 -ffunction-sections -fdata-sections -Wall -fstack-usage -fcyclomatic-complexity -MMD -MP -MF"Core/Src/main.d" -MT"Core/Src/main.o" --specs=nano.specs -mfpu=fpv4-sp-d16 -mfloat-abi=hard -mthumb -o "Core/Src/main.o"
arm-none-eabi-gcc -o "laser.elf" @"objects.list"   -mcpu=cortex-m4 -T"C:\Users\Usuario\Downloads\2025_2026\sed\trabajo_stm32\Proyecto-STM32\laser\STM32F411VETX_FLASH.ld" --specs=nosys.specs -Wl,-Map="laser.map" -Wl,--gc-sections -static --specs=nano.specs -mfpu=fpv4-sp-d16 -mfloat-abi=hard -mthumb -Wl,--start-group -lc -lm -Wl,--end-group
Finished building target: laser.elf
 
arm-none-eabi-size  laser.elf 
arm-none-eabi-objdump -h -S laser.elf  > "laser.list"
   text	   data	    bss	    dec	    hex	filename
  10520	     24	   1736	  12280	   2ff8	laser.elf
Finished building: default.size.stdout
 
Finished building: laser.list
 
10:47:32 **** Incremental Build of configuration Debug for project laser ****
make -j8 all 
arm-none-eabi-size  laser.elf 
   text	   data	    bss	    dec	    hex	filename
  10520	     24	   1736	  12280	   2ff8	laser.elf
Finished building: default.size.stdout
 
