20:53:20 **** Incremental Build of configuration Debug for project lcdi2c ****
make -j8 all 
arm-none-eabi-gcc "../Core/Src/main.c" -mcpu=cortex-m4 -std=gnu11 -g3 -DDEBUG -DUSE_HAL_DRIVER -DSTM32F411xE -c -I../Core/Inc -I../Drivers/STM32F4xx_HAL_Driver/Inc -I../Drivers/STM32F4xx_HAL_Driver/Inc/Legacy -I../Drivers/CMSIS/Device/ST/STM32F4xx/Include -I../Drivers/CMSIS/Include -O0 -ffunction-sections -fdata-sections -Wall -fstack-usage -fcyclomatic-complexity -MMD -MP -MF"Core/Src/main.d" -MT"Core/Src/main.o" --specs=nano.specs -mfpu=fpv4-sp-d16 -mfloat-abi=hard -mthumb -o "Core/Src/main.o"
arm-none-eabi-gcc -o "lcdi2c.elf" @"objects.list"   -mcpu=cortex-m4 -T"C:\Users\Usuario\Downloads\2025_2026\sed\prueba\lcdi2c\STM32F411VETX_FLASH.ld" --specs=nosys.specs -Wl,-Map="lcdi2c.map" -Wl,--gc-sections -static --specs=nano.specs -mfpu=fpv4-sp-d16 -mfloat-abi=hard -mthumb -Wl,--start-group -lc -lm -Wl,--end-group
Finished building target: lcdi2c.elf
 
arm-none-eabi-size  lcdi2c.elf 
arm-none-eabi-objdump -h -S lcdi2c.elf  > "lcdi2c.list"
   text	   data	    bss	    dec	    hex	filename
  14604	     96	   2088	  16788	   4194	lcdi2c.elf
Finished building: default.size.stdout
 
Finished building: lcdi2c.list
 
20:53:24 **** Incremental Build of configuration Debug for project lcdi2c ****
make -j8 all 
arm-none-eabi-size  lcdi2c.elf 
   text	   data	    bss	    dec	    hex	filename
  14604	     96	   2088	  16788	   4194	lcdi2c.elf
Finished building: default.size.stdout
 
